Component: Arm Compiler for Embedded 6.24 Tool: armlink [5f371500]

==============================================================================

Section Cross References

    startup_stm32f411xe.o(STACK) refers (Special) to heapauxi.o(.text) for __use_two_region_memory
    startup_stm32f411xe.o(HEAP) refers (Special) to heapauxi.o(.text) for __use_two_region_memory
    startup_stm32f411xe.o(RESET) refers (Special) to heapauxi.o(.text) for __use_two_region_memory
    startup_stm32f411xe.o(RESET) refers to startup_stm32f411xe.o(STACK) for __initial_sp
    startup_stm32f411xe.o(RESET) refers to startup_stm32f411xe.o(.text) for Reset_Handler
    startup_stm32f411xe.o(RESET) refers to stm32f4xx_it.o(.text.NMI_Handler) for NMI_Handler
    startup_stm32f411xe.o(RESET) refers to stm32f4xx_it.o(.text.HardFault_Handler) for HardFault_Handler
    startup_stm32f411xe.o(RESET) refers to stm32f4xx_it.o(.text.MemManage_Handler) for MemManage_Handler
    startup_stm32f411xe.o(RESET) refers to stm32f4xx_it.o(.text.BusFault_Handler) for BusFault_Handler
    startup_stm32f411xe.o(RESET) refers to stm32f4xx_it.o(.text.UsageFault_Handler) for UsageFault_Handler
    startup_stm32f411xe.o(RESET) refers to port.o(.text.SVC_Handler) for SVC_Handler
    startup_stm32f411xe.o(RESET) refers to stm32f4xx_it.o(.text.DebugMon_Handler) for DebugMon_Handler
    startup_stm32f411xe.o(RESET) refers to port.o(.text.PendSV_Handler) for PendSV_Handler
    startup_stm32f411xe.o(RESET) refers to port.o(.text.SysTick_Handler) for SysTick_Handler
    startup_stm32f411xe.o(.text) refers (Special) to heapauxi.o(.text) for __use_two_region_memory
    startup_stm32f411xe.o(.text) refers to system_stm32f4xx.o(.text.SystemInit) for SystemInit
    startup_stm32f411xe.o(.text) refers to __main.o(!!!main) for __main
    startup_stm32f411xe.o(.text) refers to startup_stm32f411xe.o(HEAP) for Heap_Mem
    startup_stm32f411xe.o(.text) refers to startup_stm32f411xe.o(STACK) for Stack_Mem
    system_stm32f4xx.o(.ARM.exidx.text.SystemInit) refers to system_stm32f4xx.o(.text.SystemInit) for [Anonymous Symbol]
    system_stm32f4xx.o(.text.SystemCoreClockUpdate) refers to system_stm32f4xx.o(.data.SystemCoreClock) for SystemCoreClock
    system_stm32f4xx.o(.text.SystemCoreClockUpdate) refers to system_stm32f4xx.o(.rodata.AHBPrescTable) for AHBPrescTable
    system_stm32f4xx.o(.ARM.exidx.text.SystemCoreClockUpdate) refers to system_stm32f4xx.o(.text.SystemCoreClockUpdate) for [Anonymous Symbol]
    stm32f4xx_gpio.o(.text.GPIO_DeInit) refers to stm32f4xx_gpio.o(.rodata..Lswitch.table.GPIO_DeInit.1) for .Lswitch.table.GPIO_DeInit.1
    stm32f4xx_gpio.o(.text.GPIO_DeInit) refers to stm32f4xx_rcc.o(.text.RCC_AHB1PeriphResetCmd) for RCC_AHB1PeriphResetCmd
    stm32f4xx_gpio.o(.ARM.exidx.text.GPIO_DeInit) refers to stm32f4xx_gpio.o(.text.GPIO_DeInit) for [Anonymous Symbol]
    stm32f4xx_gpio.o(.ARM.exidx.text.GPIO_Init) refers to stm32f4xx_gpio.o(.text.GPIO_Init) for [Anonymous Symbol]
    stm32f4xx_gpio.o(.ARM.exidx.text.GPIO_StructInit) refers to stm32f4xx_gpio.o(.text.GPIO_StructInit) for [Anonymous Symbol]
    stm32f4xx_gpio.o(.ARM.exidx.text.GPIO_PinLockConfig) refers to stm32f4xx_gpio.o(.text.GPIO_PinLockConfig) for [Anonymous Symbol]
    stm32f4xx_gpio.o(.ARM.exidx.text.GPIO_ReadInputDataBit) refers to stm32f4xx_gpio.o(.text.GPIO_ReadInputDataBit) for [Anonymous Symbol]
    stm32f4xx_gpio.o(.ARM.exidx.text.GPIO_ReadInputData) refers to stm32f4xx_gpio.o(.text.GPIO_ReadInputData) for [Anonymous Symbol]
    stm32f4xx_gpio.o(.ARM.exidx.text.GPIO_ReadOutputDataBit) refers to stm32f4xx_gpio.o(.text.GPIO_ReadOutputDataBit) for [Anonymous Symbol]
    stm32f4xx_gpio.o(.ARM.exidx.text.GPIO_ReadOutputData) refers to stm32f4xx_gpio.o(.text.GPIO_ReadOutputData) for [Anonymous Symbol]
    stm32f4xx_gpio.o(.ARM.exidx.text.GPIO_SetBits) refers to stm32f4xx_gpio.o(.text.GPIO_SetBits) for [Anonymous Symbol]
    stm32f4xx_gpio.o(.ARM.exidx.text.GPIO_ResetBits) refers to stm32f4xx_gpio.o(.text.GPIO_ResetBits) for [Anonymous Symbol]
    stm32f4xx_gpio.o(.ARM.exidx.text.GPIO_WriteBit) refers to stm32f4xx_gpio.o(.text.GPIO_WriteBit) for [Anonymous Symbol]
    stm32f4xx_gpio.o(.ARM.exidx.text.GPIO_Write) refers to stm32f4xx_gpio.o(.text.GPIO_Write) for [Anonymous Symbol]
    stm32f4xx_gpio.o(.ARM.exidx.text.GPIO_ToggleBits) refers to stm32f4xx_gpio.o(.text.GPIO_ToggleBits) for [Anonymous Symbol]
    stm32f4xx_gpio.o(.ARM.exidx.text.GPIO_PinAFConfig) refers to stm32f4xx_gpio.o(.text.GPIO_PinAFConfig) for [Anonymous Symbol]
    stm32f4xx_rcc.o(.ARM.exidx.text.RCC_DeInit) refers to stm32f4xx_rcc.o(.text.RCC_DeInit) for [Anonymous Symbol]
    stm32f4xx_rcc.o(.ARM.exidx.text.RCC_HSEConfig) refers to stm32f4xx_rcc.o(.text.RCC_HSEConfig) for [Anonymous Symbol]
    stm32f4xx_rcc.o(.ARM.exidx.text.RCC_WaitForHSEStartUp) refers to stm32f4xx_rcc.o(.text.RCC_WaitForHSEStartUp) for [Anonymous Symbol]
[...]
    __rt_lib_init_lc_collate_1               0x080002d5   Thumb Code     0  libinit2.o(.ARM.Collect$$libinit$$00000013)
    __rt_lib_init_lc_ctype_2                 0x080002d5   Thumb Code     0  libinit2.o(.ARM.Collect$$libinit$$00000014)
    __rt_lib_init_lc_ctype_1                 0x080002e1   Thumb Code     0  libinit2.o(.ARM.Collect$$libinit$$00000015)
    __rt_lib_init_lc_monetary_1              0x080002e1   Thumb Code     0  libinit2.o(.ARM.Collect$$libinit$$00000017)
    __rt_lib_init_lc_numeric_2               0x080002e1   Thumb Code     0  libinit2.o(.ARM.Collect$$libinit$$00000018)
    __rt_lib_init_alloca_1                   0x080002eb   Thumb Code     0  libinit2.o(.ARM.Collect$$libinit$$00000030)
    __rt_lib_init_argv_1                     0x080002eb   Thumb Code     0  libinit2.o(.ARM.Collect$$libinit$$0000002E)
    __rt_lib_init_atexit_1                   0x080002eb   Thumb Code     0  libinit2.o(.ARM.Collect$$libinit$$0000001D)
    __rt_lib_init_clock_1                    0x080002eb   Thumb Code     0  libinit2.o(.ARM.Collect$$libinit$$00000023)
    __rt_lib_init_cpp_1                      0x080002eb   Thumb Code     0  libinit2.o(.ARM.Collect$$libinit$$00000034)
    __rt_lib_init_exceptions_1               0x080002eb   Thumb Code     0  libinit2.o(.ARM.Collect$$libinit$$00000032)
    __rt_lib_init_fp_trap_1                  0x080002eb   Thumb Code     0  libinit2.o(.ARM.Collect$$libinit$$00000021)
    __rt_lib_init_getenv_1                   0x080002eb   Thumb Code     0  libinit2.o(.ARM.Collect$$libinit$$00000025)
    __rt_lib_init_lc_numeric_1               0x080002eb   Thumb Code     0  libinit2.o(.ARM.Collect$$libinit$$00000019)
    __rt_lib_init_lc_time_1                  0x080002eb   Thumb Code     0  libinit2.o(.ARM.Collect$$libinit$$0000001B)
    __rt_lib_init_return                     0x080002eb   Thumb Code     0  libinit2.o(.ARM.Collect$$libinit$$00000035)
    __rt_lib_init_signal_1                   0x080002eb   Thumb Code     0  libinit2.o(.ARM.Collect$$libinit$$0000001F)
    __rt_lib_init_stdio_1                    0x080002eb   Thumb Code     0  libinit2.o(.ARM.Collect$$libinit$$00000027)
    __rt_lib_shutdown                        0x080002ed   Thumb Code     0  libshutdown.o(.ARM.Collect$$libshutdown$$00000000)
    __rt_lib_shutdown_cpp_1                  0x080002ef   Thumb Code     0  libshutdown2.o(.ARM.Collect$$libshutdown$$00000002)
    __rt_lib_shutdown_fp_trap_1              0x080002ef   Thumb Code     0  libshutdown2.o(.ARM.Collect$$libshutdown$$00000007)
    __rt_lib_shutdown_heap_1                 0x080002ef   Thumb Code     0  libshutdown2.o(.ARM.Collect$$libshutdown$$0000000F)
    __rt_lib_shutdown_return                 0x080002ef   Thumb Code     0  libshutdown2.o(.ARM.Collect$$libshutdown$$00000010)
    __rt_lib_shutdown_signal_1               0x080002ef   Thumb Code     0  libshutdown2.o(.ARM.Collect$$libshutdown$$0000000A)
    __rt_lib_shutdown_stdio_1                0x080002ef   Thumb Code     0  libshutdown2.o(.ARM.Collect$$libshutdown$$00000004)
    __rt_lib_shutdown_user_alloc_1           0x080002ef   Thumb Code     0  libshutdown2.o(.ARM.Collect$$libshutdown$$0000000C)
    __rt_entry                               0x080002f1   Thumb Code     0  __rtentry.o(.ARM.Collect$$rtentry$$00000000)
    __rt_entry_presh_1                       0x080002f1   Thumb Code     0  __rtentry2.o(.ARM.Collect$$rtentry$$00000002)
    __rt_entry_sh                            0x080002f1   Thumb Code     0  __rtentry4.o(.ARM.Collect$$rtentry$$00000004)
    __rt_entry_li                            0x080002f7   Thumb Code     0  __rtentry2.o(.ARM.Collect$$rtentry$$0000000A)
    __rt_entry_postsh_1                      0x080002f7   Thumb Code     0  __rtentry2.o(.ARM.Collect$$rtentry$$00000009)
    __rt_entry_main                          0x080002fb   Thumb Code     0  __rtentry2.o(.ARM.Collect$$rtentry$$0000000D)
    __rt_entry_postli_1                      0x080002fb   Thumb Code     0  __rtentry2.o(.ARM.Collect$$rtentry$$0000000C)
    __rt_exit                                0x08000303   Thumb Code     0  rtexit.o(.ARM.Collect$$rtexit$$00000000)
    __rt_exit_ls                             0x08000305   Thumb Code     0  rtexit2.o(.ARM.Collect$$rtexit$$00000003)
    __rt_exit_prels_1                        0x08000305   Thumb Code     0  rtexit2.o(.ARM.Collect$$rtexit$$00000002)
    __rt_exit_exit                           0x08000309   Thumb Code     0  rtexit2.o(.ARM.Collect$$rtexit$$00000004)
    Reset_Handler                            0x08000311   Thumb Code     8  startup_stm32f411xe.o(.text)
    ADC_IRQHandler                           0x0800032b   Thumb Code     0  startup_stm32f411xe.o(.text)
    DMA1_Stream0_IRQHandler                  0x0800032b   Thumb Code     0  startup_stm32f411xe.o(.text)
    DMA1_Stream1_IRQHandler                  0x0800032b   Thumb Code     0  startup_stm32f411xe.o(.text)
    DMA1_Stream2_IRQHandler                  0x0800032b   Thumb Code     0  startup_stm32f411xe.o(.text)
    DMA1_Stream3_IRQHandler                  0x0800032b   Thumb Code     0  startup_stm32f411xe.o(.text)
    DMA1_Stream4_IRQHandler                  0x0800032b   Thumb Code     0  startup_stm32f411xe.o(.text)
    DMA1_Stream5_IRQHandler                  0x0800032b   Thumb Code     0  startup_stm32f411xe.o(.text)
    DMA1_Stream6_IRQHandler                  0x0800032b   Thumb Code     0  startup_stm32f411xe.o(.text)
    DMA1_Stream7_IRQHandler                  0x0800032b   Thumb Code     0  startup_stm32f411xe.o(.text)
    DMA2_Stream0_IRQHandler                  0x0800032b   Thumb Code     0  startup_stm32f411xe.o(.text)
    DMA2_Stream1_IRQHandler                  0x0800032b   Thumb Code     0  startup_stm32f411xe.o(.text)
    DMA2_Stream2_IRQHandler                  0x0800032b   Thumb Code     0  startup_stm32f411xe.o(.text)
    DMA2_Stream3_IRQHandler                  0x0800032b   Thumb Code     0  startup_stm32f411xe.o(.text)
    DMA2_Stream4_IRQHandler                  0x0800032b   Thumb Code     0  startup_stm32f411xe.o(.text)
    DMA2_Stream5_IRQHandler                  0x0800032b   Thumb Code     0  startup_stm32f411xe.o(.text)
    DMA2_Stream6_IRQHandler                  0x0800032b   Thumb Code     0  startup_stm32f411xe.o(.text)
    DMA2_Stream7_IRQHandler                  0x0800032b   Thumb Code     0  startup_stm32f411xe.o(.text)
    EXTI0_IRQHandler                         0x0800032b   Thumb Code     0  startup_stm32f411xe.o(.text)
    EXTI15_10_IRQHandler                     0x0800032b   Thumb Code     0  startup_stm32f411xe.o(.text)
    EXTI1_IRQHandler                         0x0800032b   Thumb Code     0  startup_stm32f411xe.o(.text)
    EXTI2_IRQHandler                         0x0800032b   Thumb Code     0  startup_stm32f411xe.o(.text)
    EXTI3_IRQHandler                         0x0800032b   Thumb Code     0  startup_stm32f411xe.o(.text)
    EXTI4_IRQHandler                         0x0800032b   Thumb Code     0  startup_stm32f411xe.o(.text)
    EXTI9_5_IRQHandler                       0x0800032b   Thumb Code     0  startup_stm32f411xe.o(.text)
    FLASH_IRQHandler                         0x0800032b   Thumb Code     0  startup_stm32f411xe.o(.text)
    FPU_IRQHandler                           0x0800032b   Thumb Code     0  startup_stm32f411xe.o(.text)
    I2C1_ER_IRQHandler                       0x0800032b   Thumb Code     0  startup_stm32f411xe.o(.text)
    I2C1_EV_IRQHandler                       0x0800032b   Thumb Code     0  startup_stm32f411xe.o(.text)
    I2C2_ER_IRQHandler                       0x0800032b   Thumb Code     0  startup_stm32f411xe.o(.text)
    I2C2_EV_IRQHandler                       0x0800032b   Thumb Code     0  startup_stm32f411xe.o(.text)
    I2C3_ER_IRQHandler                       0x0800032b   Thumb Code     0  startup_stm32f411xe.o(.text)
    I2C3_EV_IRQHandler                       0x0800032b   Thumb Code     0  startup_stm32f411xe.o(.text)
    OTG_FS_IRQHandler                        0x0800032b   Thumb Code     0  startup_stm32f411xe.o(.text)
    OTG_FS_WKUP_IRQHandler                   0x0800032b   Thumb Code     0  startup_stm32f411xe.o(.text)
    PVD_IRQHandler                           0x0800032b   Thumb Code     0  startup_stm32f411xe.o(.text)
    RCC_IRQHandler                           0x0800032b   Thumb Code     0  startup_stm32f411xe.o(.text)
    RTC_Alarm_IRQHandler                     0x0800032b   Thumb Code     0  startup_stm32f411xe.o(.text)
    RTC_WKUP_IRQHandler                      0x0800032b   Thumb Code     0  startup_stm32f411xe.o(.text)
    SDIO_IRQHandler                          0x0800032b   Thumb Code     0  startup_stm32f411xe.o(.text)
    SPI1_IRQHandler                          0x0800032b   Thumb Code     0  startup_stm32f411xe.o(.text)
    SPI2_IRQHandler                          0x0800032b   Thumb Code     0  startup_stm32f411xe.o(.text)
    SPI3_IRQHandler                          0x0800032b   Thumb Code     0  startup_stm32f411xe.o(.text)
    SPI4_IRQHandler                          0x0800032b   Thumb Code     0  startup_stm32f411xe.o(.text)
    SPI5_IRQHandler                          0x0800032b   Thumb Code     0  startup_stm32f411xe.o(.text)
    TAMP_STAMP_IRQHandler                    0x0800032b   Thumb Code     0  startup_stm32f411xe.o(.text)
    TIM1_BRK_TIM9_IRQHandler                 0x0800032b   Thumb Code     0  startup_stm32f411xe.o(.text)
    TIM1_CC_IRQHandler                       0x0800032b   Thumb Code     0  startup_stm32f411xe.o(.text)
    TIM1_TRG_COM_TIM11_IRQHandler            0x0800032b   Thumb Code     0  startup_stm32f411xe.o(.text)
    TIM1_UP_TIM10_IRQHandler                 0x0800032b   Thumb Code     0  startup_stm32f411xe.o(.text)
    TIM2_IRQHandler                          0x0800032b   Thumb Code     0  startup_stm32f411xe.o(.text)
    TIM3_IRQHandler                          0x0800032b   Thumb Code     0  startup_stm32f411xe.o(.text)
    TIM4_IRQHandler                          0x0800032b   Thumb Code     0  startup_stm32f411xe.o(.text)
    TIM5_IRQHandler                          0x0800032b   Thumb Code     0  startup_stm32f411xe.o(.text)
    USART1_IRQHandler                        0x0800032b   Thumb Code     0  startup_stm32f411xe.o(.text)
    USART2_IRQHandler                        0x0800032b   Thumb Code     0  startup_stm32f411xe.o(.text)
    USART6_IRQHandler                        0x0800032b   Thumb Code     0  startup_stm32f411xe.o(.text)
    WWDG_IRQHandler                          0x0800032b   Thumb Code     0  startup_stm32f411xe.o(.text)
    __user_initial_stackheap                 0x0800032d   Thumb Code     0  startup_stm32f411xe.o(.text)
    vsnprintf                                0x08000351   Thumb Code    56  vsnprintf.o(.text)
    __2snprintf                              0x0800038d   Thumb Code    58  __2snprintf.o(.text)
    _printf_int_dec                          0x080003cd   Thumb Code   104  _printf_dec.o(.text)
    __printf                                 0x08000445   Thumb Code   388  __printf_flags_ss_wp.o(.text)
    strlen                                   0x080005cd   Thumb Code    62  strlen.o(.text)
    __aeabi_memcpy                           0x0800060b   Thumb Code     0  rt_memcpy_v6.o(.text)
    __rt_memcpy                              0x0800060b   Thumb Code   138  rt_memcpy_v6.o(.text)
    _memcpy_lastbytes                        0x08000671   Thumb Code     0  rt_memcpy_v6.o(.text)
    __aeabi_memset4                          0x08000695   Thumb Code    16  aeabi_memset4.o(.text)
    __aeabi_memset8                          0x08000695   Thumb Code     0  aeabi_memset4.o(.text)
    __aeabi_memclr                           0x080006a5   Thumb Code     0  rt_memclr.o(.text)
    __rt_memclr                              0x080006a5   Thumb Code     0  rt_memclr.o(.text)
    _memset                                  0x080006a9   Thumb Code    64  rt_memclr.o(.text)
    __aeabi_memclr4                          0x080006e9   Thumb Code     0  rt_memclr_w.o(.text)
    __aeabi_memclr8                          0x080006e9   Thumb Code     0  rt_memclr_w.o(.text)
    __rt_memclr_w                            0x080006e9   Thumb Code     0  rt_memclr_w.o(.text)
    _memset_w                                0x080006ed   Thumb Code    74  rt_memclr_w.o(.text)
    __use_two_region_memory                  0x08000737   Thumb Code     2  heapauxi.o(.text)
    __rt_heap_escrow$2region                 0x08000739   Thumb Code     2  heapauxi.o(.text)
    __rt_heap_expand$2region                 0x0800073b   Thumb Code     2  heapauxi.o(.text)
    __read_errno                             0x0800073d   Thumb Code    10  _rserrno.o(.text)
    __set_errno                              0x08000747   Thumb Code    12  _rserrno.o(.text)
    _printf_pre_padding                      0x08000753   Thumb Code    44  _printf_pad.o(.text)
    _printf_post_padding                     0x0800077f   Thumb Code    34  _printf_pad.o(.text)
    _printf_truncate_signed                  0x080007a1   Thumb Code    18  _printf_truncate.o(.text)
    _printf_truncate_unsigned                0x080007b3   Thumb Code    18  _printf_truncate.o(.text)
    _printf_str                              0x080007c5   Thumb Code    82  _printf_str.o(.text)
    _printf_int_common                       0x08000817   Thumb Code   178  _printf_intcommon.o(.text)
    _printf_charcount                        0x080008c9   Thumb Code    40  _printf_charcount.o(.text)
    _printf_fp_dec_real                      0x08000aa1   Thumb Code   620  _printf_fp_dec.o(.text)
    _printf_char_common                      0x08000d17   Thumb Code    32  _printf_char_common.o(.text)
    _snputc                                  0x08000d3d   Thumb Code    16  _snputc.o(.text)
    _printf_wctomb                           0x08000d4d   Thumb Code   182  _printf_wctomb.o(.text)
    _printf_longlong_dec                     0x08000e09   Thumb Code   108  _printf_longlong_dec.o(.text)
    _printf_longlong_oct                     0x08000e85   Thumb Code    68  _printf_oct_int_ll.o(.text)
    _printf_int_oct                          0x08000ec9   Thumb Code    24  _printf_oct_int_ll.o(.text)
    _printf_ll_oct                           0x08000ee1   Thumb Code    12  _printf_oct_int_ll.o(.text)
    _printf_longlong_hex                     0x08000ef5   Thumb Code    86  _printf_hex_int_ll_ptr.o(.text)
    _printf_int_hex                          0x08000f4b   Thumb Code    28  _printf_hex_int_ll_ptr.o(.text)
    _printf_ll_hex                           0x08000f67   Thumb Code    12  _printf_hex_int_ll_ptr.o(.text)
    _printf_hex_ptr                          0x08000f73   Thumb Code    18  _printf_hex_int_ll_ptr.o(.text)
    __aeabi_memcpy4                          0x08000f89   Thumb Code     0  rt_memcpy_w.o(.text)
    __aeabi_memcpy8                          0x08000f89   Thumb Code     0  rt_memcpy_w.o(.text)
    __rt_memcpy_w                            0x08000f89   Thumb Code   100  rt_memcpy_w.o(.text)
    _memcpy_lastbytes_aligned                0x08000fd1   Thumb Code     0  rt_memcpy_w.o(.text)
    __rt_locale                              0x08000fed   Thumb Code     8  rt_locale_intlibspace.o(.text)
    __aeabi_errno_addr                       0x08000ff5   Thumb Code     8  rt_errno_addr_intlibspace.o(.text)
    __errno$intlibspace                      0x08000ff5   Thumb Code     0  rt_errno_addr_intlibspace.o(.text)
    __rt_errno_addr$intlibspace              0x08000ff5   Thumb Code     0  rt_errno_addr_intlibspace.o(.text)
    _ll_udiv10                               0x08000ffd   Thumb Code   138  lludiv10.o(.text)
    _printf_fp_hex_real                      0x08001089   Thumb Code   756  _printf_fp_hex.o(.text)
    _printf_fp_infnan                        0x08001385   Thumb Code   112  _printf_fp_infnan.o(.text)
    _printf_cs_common                        0x08001405   Thumb Code    20  _printf_char.o(.text)
    _printf_char                             0x08001419   Thumb Code    16  _printf_char.o(.text)
    _printf_string                           0x08001429   Thumb Code     8  _printf_char.o(.text)
    _printf_lcs_common                       0x08001431   Thumb Code    20  _printf_wchar.o(.text)
    _printf_wchar                            0x08001445   Thumb Code    16  _printf_wchar.o(.text)
    _printf_wstring                          0x08001455   Thumb Code     8  _printf_wchar.o(.text)
    _btod_etento                             0x0800145d   Thumb Code   224  bigflt0.o(.text)
    _c16rtomb                                0x08001541   Thumb Code    72  _c16rtomb.o(.text)
    _wcrtomb                                 0x08001541   Thumb Code     0  _c16rtomb.o(.text)
    __user_libspace                          0x08001589   Thumb Code     8  libspace.o(.text)
    __user_perproc_libspace                  0x08001589   Thumb Code     0  libspace.o(.text)
    __user_perthread_libspace                0x08001589   Thumb Code     0  libspace.o(.text)
    __user_setup_stackheap                   0x08001591   Thumb Code    74  sys_stackheap_outer.o(.text)
    __rt_ctype_table                         0x080015dd   Thumb Code    16  rt_ctype_table.o(.text)
    exit                                     0x080015ed   Thumb Code    18  exit.o(.text)
    strcmp                                   0x08001601   Thumb Code   124  strcmpv7em.o(.text)
    _sys_exit                                0x0800167d   Thumb Code     8  sys_exit.o(.text)
    __I$use$semihosting                      0x08001689   Thumb Code     0  use_no_semi.o(.text)
    __use_no_semihosting_swi                 0x08001689   Thumb Code     2  use_no_semi.o(.text)
    __semihosting_library_function           0x0800168b   Thumb Code     0  indicate_semi.o(.text)
    AK8963_CalibrateMag                      0x08001691   Thumb Code  4416  mpu9250_driver.o(.text.AK8963_CalibrateMag)
    AK8963_Read_Mag_UT                       0x080027d9   Thumb Code   384  mpu9250_driver.o(.text.AK8963_Read_Mag_UT)
    APP_Main                                 0x08002961   Thumb Code    14  app_main.o(.text.APP_Main)
    APP_TasksCreate                          0x08002971   Thumb Code   180  app_tasks.o(.text.APP_TasksCreate)
    AppStatus_Clear                          0x08002a5d   Thumb Code    26  app_status.o(.text.AppStatus_Clear)
    AppStatus_GetCalState                    0x08002a79   Thumb Code    12  app_status.o(.text.AppStatus_GetCalState)
    AppStatus_IsSet                          0x08002a85   Thumb Code    38  app_status.o(.text.AppStatus_IsSet)
    AppStatus_Set                            0x08002aad   Thumb Code    26  app_status.o(.text.AppStatus_Set)
    AppStatus_SetCalState                    0x08002ac9   Thumb Code    12  app_status.o(.text.AppStatus_SetCalState)
    BSP_DebugUart_Init                       0x08002ad5   Thumb Code   110  bsp_debug_uart.o(.text.BSP_DebugUart_Init)
    BSP_DebugUart_SendString                 0x08002b45   Thumb Code    50  bsp_debug_uart.o(.text.BSP_DebugUart_SendString)
    BSP_I2C_Soft_Init                        0x08002b79   Thumb Code    90  bsp_i2c_soft.o(.text.BSP_I2C_Soft_Init)
    BSP_I2C_Soft_RecoverBus                  0x08002bd5   Thumb Code   260  bsp_i2c_soft.o(.text.BSP_I2C_Soft_RecoverBus)
    BSP_LED_Init                             0x08002cd9   Thumb Code    68  bsp_led.o(.text.BSP_LED_Init)
    BSP_LED_Set                              0x08002d1d   Thumb Code    48  bsp_led.o(.text.BSP_LED_Set)
    BusFault_Handler                         0x08002d4d   Thumb Code     2  stm32f4xx_it.o(.text.BusFault_Handler)
    DebugMon_Handler                         0x08002d51   Thumb Code     2  stm32f4xx_it.o(.text.DebugMon_Handler)
    DebugService_Init                        0x08002d55   Thumb Code     4  debug_service.o(.text.DebugService_Init)
    Debug_Print                              0x08002d59   Thumb Code    54  debug_log.o(.text.Debug_Print)
    Debug_Printf                             0x08002d91   Thumb Code    78  debug_log.o(.text.Debug_Printf)
    FreeRTOS_ObjectsCreate                   0x08002de1   Thumb Code    96  freertos_objects.o(.text.FreeRTOS_ObjectsCreate)
    GPIO_Init                                0x08002e41   Thumb Code   138  stm32f4xx_gpio.o(.text.GPIO_Init)
    GPIO_PinAFConfig                         0x08002ecd   Thumb Code    40  stm32f4xx_gpio.o(.text.GPIO_PinAFConfig)
    GPIO_ResetBits                           0x08002ef5   Thumb Code     6  stm32f4xx_gpio.o(.text.GPIO_ResetBits)
    GPIO_WriteBit                            0x08002efd   Thumb Code    10  stm32f4xx_gpio.o(.text.GPIO_WriteBit)
    HardFault_Handler                        0x08002f09   Thumb Code     2  stm32f4xx_it.o(.text.HardFault_Handler)
    I2C_ReadByte                             0x08002f0d   Thumb Code   340  bsp_i2c_soft.o(.text.I2C_ReadByte)
    I2C_ReadReg                              0x08003061   Thumb Code    28  bsp_i2c_soft.o(.text.I2C_ReadReg)
    I2C_ReadRegData                          0x0800307d   Thumb Code    16  bsp_i2c_soft.o(.text.I2C_ReadRegData)
    I2C_ReadRegs                             0x0800308d   Thumb Code  1274  bsp_i2c_soft.o(.text.I2C_ReadRegs)
    I2C_WriteReg                             0x08003589   Thumb Code    22  bsp_i2c_soft.o(.text.I2C_WriteReg)
    I2C_WriteRegs                            0x080035a1   Thumb Code  1240  bsp_i2c_soft.o(.text.I2C_WriteRegs)
    ImuService_Init                          0x08003a79   Thumb Code     4  imu_service.o(.text.ImuService_Init)
    ImuService_ReadPhys                      0x08003a7d   Thumb Code    56  imu_service.o(.text.ImuService_ReadPhys)
    LedService_Init                          0x08003bc9   Thumb Code     4  led_service.o(.text.LedService_Init)
    LedService_Set                           0x08003bcd   Thumb Code     4  led_service.o(.text.LedService_Set)
    MPU9250_ConvertToPhysical                0x08003c99   Thumb Code   276  mpu9250_driver.o(.text.MPU9250_ConvertToPhysical)
    MPU9250_Driver_Init                      0x08003db9   Thumb Code   992  mpu9250_driver.o(.text.MPU9250_Driver_Init)
    MPU9250_GetEulerFusedDeg                 0x08004239   Thumb Code   140  mpu9250_driver.o(.text.MPU9250_GetEulerFusedDeg)
    MPU9250_MahonyInit                       0x080042e1   Thumb Code   126  mpu9250_driver.o(.text.MPU9250_MahonyInit)
    MPU9250_MahonyUpdate                     0x08004361   Thumb Code  1276  mpu9250_driver.o(.text.MPU9250_MahonyUpdate)
    MPU9250_MahonyUpdateIMU                  0x08004871   Thumb Code   624  mpu9250_driver.o(.text.MPU9250_MahonyUpdateIMU)
    MPU9250_ReadAxis                         0x08004af9   Thumb Code   184  mpu9250_driver.o(.text.MPU9250_ReadAxis)
    MemManage_Handler                        0x08004bb1   Thumb Code     2  stm32f4xx_it.o(.text.MemManage_Handler)
    ModemService_BuildSimGnss                0x08004bb9   Thumb Code   144  modem_service.o(.text.ModemService_BuildSimGnss)
    ModemService_Publish                     0x08004c61   Thumb Code     2  modem_service.o(.text.ModemService_Publish)
    NMI_Handler                              0x08004ce1   Thumb Code     2  stm32f4xx_it.o(.text.NMI_Handler)
    PendSV_Handler                           0x08004ce5   Thumb Code    96  port.o(.text.PendSV_Handler)
    RCC_AHB1PeriphClockCmd                   0x08004d45   Thumb Code    24  stm32f4xx_rcc.o(.text.RCC_AHB1PeriphClockCmd)
    RCC_APB2PeriphClockCmd                   0x08004d5d   Thumb Code    24  stm32f4xx_rcc.o(.text.RCC_APB2PeriphClockCmd)
    RCC_GetClocksFreq                        0x08004d75   Thumb Code   164  stm32f4xx_rcc.o(.text.RCC_GetClocksFreq)
    SVC_Handler                              0x08004e19   Thumb Code    32  port.o(.text.SVC_Handler)
    SysTick_Handler                          0x08004e39   Thumb Code    46  port.o(.text.SysTick_Handler)
    SystemInit                               0x08004e69   Thumb Code   242  system_stm32f4xx.o(.text.SystemInit)
    Telemetry_BuildMqttMsg                   0x0800509d   Thumb Code   164  telemetry_service.o(.text.Telemetry_BuildMqttMsg)
    USART_Cmd                                0x08005155   Thumb Code    20  stm32f4xx_usart.o(.text.USART_Cmd)
    USART_GetFlagStatus                      0x08005169   Thumb Code    10  stm32f4xx_usart.o(.text.USART_GetFlagStatus)
    USART_Init                               0x08005175   Thumb Code   182  stm32f4xx_usart.o(.text.USART_Init)
    USART_SendData                           0x0800522d   Thumb Code     8  stm32f4xx_usart.o(.text.USART_SendData)
    UsageFault_Handler                       0x08005235   Thumb Code     2  stm32f4xx_it.o(.text.UsageFault_Handler)
    main                                     0x08005239   Thumb Code    10  main.o(.text.main)
    pvPortMalloc                             0x0800594d   Thumb Code   286  heap_4.o(.text.pvPortMalloc)
    pvTaskIncrementMutexHeldCount            0x08005a6d   Thumb Code    24  tasks.o(.text.pvTaskIncrementMutexHeldCount)
    pxPortInitialiseStack                    0x08005a85   Thumb Code    36  port.o(.text.pxPortInitialiseStack)
    uxListRemove                             0x08005aa9   Thumb Code    34  list.o(.text.uxListRemove)
    vApplicationMallocFailedHook             0x08005acd   Thumb Code    18  freertos_hook.o(.text.vApplicationMallocFailedHook)
    vApplicationStackOverflowHook            0x08005ae1   Thumb Code    28  freertos_hook.o(.text.vApplicationStackOverflowHook)
    vListInitialise                          0x08005b21   Thumb Code    22  list.o(.text.vListInitialise)
    vListInitialiseItem                      0x08005b39   Thumb Code     6  list.o(.text.vListInitialiseItem)
    vListInsert                              0x08005b41   Thumb Code    58  list.o(.text.vListInsert)
    vListInsertEnd                           0x08005b7d   Thumb Code    26  list.o(.text.vListInsertEnd)
    vPortEnterCritical                       0x08005bad   Thumb Code    32  port.o(.text.vPortEnterCritical)
    vPortExitCritical                        0x08005bcd   Thumb Code    26  port.o(.text.vPortExitCritical)
    vPortFree                                0x08005be9   Thumb Code   162  heap_4.o(.text.vPortFree)
    vPortSetupTimerInterrupt                 0x08005c8d   Thumb Code    52  port.o(.text.vPortSetupTimerInterrupt)
    vQueueAddToRegistry                      0x08005cc1   Thumb Code    72  queue.o(.text.vQueueAddToRegistry)
    vQueueWaitForMessageRestricted           0x08005d09   Thumb Code    70  queue.o(.text.vQueueWaitForMessageRestricted)
    vTaskDelay                               0x08005d51   Thumb Code   182  tasks.o(.text.vTaskDelay)
    vTaskDelete                              0x08005e09   Thumb Code   288  tasks.o(.text.vTaskDelete)
    vTaskInternalSetTimeOutState             0x08005f29   Thumb Code    26  tasks.o(.text.vTaskInternalSetTimeOutState)
    vTaskMissedYield                         0x08005f45   Thumb Code    14  tasks.o(.text.vTaskMissedYield)
    vTaskPlaceOnEventList                    0x08005f55   Thumb Code    32  tasks.o(.text.vTaskPlaceOnEventList)
    vTaskPlaceOnEventListRestricted          0x08005f75   Thumb Code    84  tasks.o(.text.vTaskPlaceOnEventListRestricted)
    vTaskPriorityDisinheritAfterTimeout      0x08005fc9   Thumb Code   154  tasks.o(.text.vTaskPriorityDisinheritAfterTimeout)
    vTaskRemoveFromUnorderedEventList        0x08006065   Thumb Code   182  tasks.o(.text.vTaskRemoveFromUnorderedEventList)
    vTaskStartScheduler                      0x0800611d   Thumb Code   148  tasks.o(.text.vTaskStartScheduler)
    vTaskSuspendAll                          0x080061b1   Thumb Code    16  tasks.o(.text.vTaskSuspendAll)
    vTaskSwitchContext                       0x080061c1   Thumb Code   170  tasks.o(.text.vTaskSwitchContext)
    xEventGroupClearBits                     0x0800626d   Thumb Code    26  event_groups.o(.text.xEventGroupClearBits)
    xEventGroupCreate                        0x08006289   Thumb Code    34  event_groups.o(.text.xEventGroupCreate)
    xEventGroupSetBits                       0x080062ad   Thumb Code   124  event_groups.o(.text.xEventGroupSetBits)
    xPortStartScheduler                      0x08006329   Thumb Code   104  port.o(.text.xPortStartScheduler)
    xQueueCreateMutex                        0x08006391   Thumb Code   110  queue.o(.text.xQueueCreateMutex)
    xQueueGenericCreate                      0x08006401   Thumb Code   128  queue.o(.text.xQueueGenericCreate)
    xQueueGenericSend                        0x08006481   Thumb Code   422  queue.o(.text.xQueueGenericSend)
    xQueueGiveMutexRecursive                 0x08006629   Thumb Code    46  queue.o(.text.xQueueGiveMutexRecursive)
    xQueuePeek                               0x08006659   Thumb Code   332  queue.o(.text.xQueuePeek)
    xQueueReceive                            0x080067a5   Thumb Code   332  queue.o(.text.xQueueReceive)
    xQueueSemaphoreTake                      0x080068f1   Thumb Code   372  queue.o(.text.xQueueSemaphoreTake)
    xQueueTakeMutexRecursive                 0x08006a65   Thumb Code    40  queue.o(.text.xQueueTakeMutexRecursive)
    xTaskCheckForTimeOut                     0x08006a8d   Thumb Code    96  tasks.o(.text.xTaskCheckForTimeOut)
    xTaskCreate                              0x08006aed   Thumb Code   500  tasks.o(.text.xTaskCreate)
    xTaskDelayUntil                          0x08006ce1   Thumb Code   236  tasks.o(.text.xTaskDelayUntil)
    xTaskGetCurrentTaskHandle                0x08006dcd   Thumb Code    12  tasks.o(.text.xTaskGetCurrentTaskHandle)
    xTaskGetTickCount                        0x08006dd9   Thumb Code    12  tasks.o(.text.xTaskGetTickCount)
    xTaskIncrementTick                       0x08006de5   Thumb Code   406  tasks.o(.text.xTaskIncrementTick)
    xTaskPriorityDisinherit                  0x08006f7d   Thumb Code   152  tasks.o(.text.xTaskPriorityDisinherit)
    xTaskPriorityInherit                     0x08007015   Thumb Code   192  tasks.o(.text.xTaskPriorityInherit)
    xTaskRemoveFromEventList                 0x080070d5   Thumb Code   208  tasks.o(.text.xTaskRemoveFromEventList)
    xTaskResumeAll                           0x080071a5   Thumb Code   364  tasks.o(.text.xTaskResumeAll)
    xTimerCreateTimerTask                    0x08007311   Thumb Code    68  timers.o(.text.xTimerCreateTimerTask)
    _btod_d2e                                0x0800735d   Thumb Code    62  btod.o(CL$$btod_d2e)
    _d2e_denorm_low                          0x0800739b   Thumb Code    70  btod.o(CL$$btod_d2e_denorm_low)
    _d2e_norm_op1                            0x080073e1   Thumb Code    96  btod.o(CL$$btod_d2e_norm_op1)
    __btod_div_common                        0x08007441   Thumb Code   696  btod.o(CL$$btod_div_common)
    _e2e                                     0x08007779   Thumb Code   220  btod.o(CL$$btod_e2e)
    _btod_ediv                               0x08007855   Thumb Code    42  btod.o(CL$$btod_ediv)
    _btod_emul                               0x0800787f   Thumb Code    42  btod.o(CL$$btod_emul)
    __btod_mult_common                       0x080078a9   Thumb Code   580  btod.o(CL$$btod_mult_common)
    __ARM_fpclassify                         0x08007aed   Thumb Code    48  fpclassify.o(i.__ARM_fpclassify)
    __ARM_fpclassifyf                        0x08007b1d   Thumb Code    38  fpclassifyf.o(i.__ARM_fpclassifyf)
    __hardfp_asinf                           0x08007b45   Thumb Code   258  asinf.o(i.__hardfp_asinf)
    __hardfp_atan2f                          0x08007c71   Thumb Code   594  atan2f.o(i.__hardfp_atan2f)
    __hardfp_cosf                            0x08007f1d   Thumb Code   280  cosf.o(i.__hardfp_cosf)
    __hardfp_sinf                            0x0800806d   Thumb Code   344  sinf.o(i.__hardfp_sinf)
    __hardfp_sqrtf                           0x080081fd   Thumb Code    58  sqrtf.o(i.__hardfp_sqrtf)
    __mathlib_flt_infnan                     0x08008237   Thumb Code     6  funder.o(i.__mathlib_flt_infnan)
    __mathlib_flt_infnan2                    0x0800823d   Thumb Code     6  funder.o(i.__mathlib_flt_infnan2)
    __mathlib_flt_invalid                    0x08008245   Thumb Code    10  funder.o(i.__mathlib_flt_invalid)
    __mathlib_flt_underflow                  0x08008255   Thumb Code    10  funder.o(i.__mathlib_flt_underflow)
    __mathlib_rredf2                         0x08008265   Thumb Code   316  rredf.o(i.__mathlib_rredf2)
    _is_digit                                0x080083b9   Thumb Code    14  __printf_wp.o(i._is_digit)
    sqrtf                                    0x080083c7   Thumb Code    62  sqrtf.o(i.sqrtf)
    _get_lc_numeric                          0x08008405   Thumb Code    44  lc_numeric_c.o(locale$$code)
    _get_lc_ctype                            0x08008431   Thumb Code    44  lc_ctype_c.o(locale$$code)
    __aeabi_dadd                             0x0800845d   Thumb Code     0  daddsub_clz.o(x$fpl$dadd)
    _dadd                                    0x0800845d   Thumb Code   332  daddsub_clz.o(x$fpl$dadd)
    __aeabi_ui2d                             0x080085ad   Thumb Code     0  dflt_clz.o(x$fpl$dfltu)
    _dfltu                                   0x080085ad   Thumb Code    38  dflt_clz.o(x$fpl$dfltu)
    __aeabi_dmul                             0x080085d5   Thumb Code     0  dmul.o(x$fpl$dmul)
    _dmul                                    0x080085d5   Thumb Code   332  dmul.o(x$fpl$dmul)
    __fpl_dnaninf                            0x08008729   Thumb Code   156  dnaninf.o(x$fpl$dnaninf)
    __fpl_dretinf                            0x080087c5   Thumb Code    12  dretinf.o(x$fpl$dretinf)
    __aeabi_dsub                             0x080087d1   Thumb Code     0  daddsub_clz.o(x$fpl$dsub)
    _dsub                                    0x080087d1   Thumb Code   472  daddsub_clz.o(x$fpl$dsub)
    __aeabi_f2d                              0x080089ad   Thumb Code     0  f2d.o(x$fpl$f2d)
    _f2d                                     0x080089ad   Thumb Code    86  f2d.o(x$fpl$f2d)
    __fpl_fnaninf                            0x08008a03   Thumb Code   140  fnaninf.o(x$fpl$fnaninf)
    _fp_init                                 0x08008a8f   Thumb Code    26  fpinit.o(x$fpl$fpinit)
    __fplib_config_fpu_vfp                   0x08008aa7   Thumb Code     0  fpinit.o(x$fpl$fpinit)
    __fplib_config_pureend_doubles           0x08008aa7   Thumb Code     0  fpinit.o(x$fpl$fpinit)
    _printf_fp_dec                           0x08008aa9   Thumb Code     4  printf1.o(x$fpl$printf1)
    _printf_fp_hex                           0x08008aad   Thumb Code     4  printf2.o(x$fpl$printf2)
    __I$use$fp                               0x08008ab0   Number         0  usenofp.o(x$fpl$usenofp)
    Region$$Table$$Base                      0x080090e8   Number         0  anon$$obj.o(Region$$Table)
    Region$$Table$$Limit                     0x08009108   Number         0  anon$$obj.o(Region$$Table)
    __ctype                                  0x08009131   Data           0  lc_ctype_c.o(locale$$data)
    SystemCoreClock                          0x20000000   Data           4  system_stm32f4xx.o(.data.SystemCoreClock)
    __libspace_start                         0x20000048   Data          96  libspace.o(.bss)
    __temporary_stack_top$libspace           0x200000a8   Data           0  libspace.o(.bss)
    gSystemEventGroup                        0x200000c0   Data           4  freertos_objects.o(.bss.gSystemEventGroup)
    g_euler_fused                            0x200000d4   Data          12  mpu9250_driver.o(.bss.g_euler_fused)
    mutexUart6log                            0x20001a34   Data           4  freertos_objects.o(.bss.mutexUart6log)
    pxCurrentTCB                             0x20001a3c   Data           4  tasks.o(.bss.pxCurrentTCB)
    qAttitude                                0x20001ab8   Data           4  freertos_objects.o(.bss.qAttitude)
    qGnss                                    0x20001abc   Data           4  freertos_objects.o(.bss.qGnss)
    qMqttPublish                             0x20001ac0   Data           4  freertos_objects.o(.bss.qMqttPublish)
    xQueueRegistry                           0x20006b5c   Data          64  queue.o(.bss.xQueueRegistry)



==============================================================================

Memory Map of the image

  Image Entry point : 0x08000311

  Load Region LR_1 (Base: 0x08000000, Size: 0x00009278, Max: 0xffffffff, ABSOLUTE)

    Execution Region ER_RO (Exec base: 0x08000000, Load base: 0x08000000, Size: 0x00009234, Max: 0xffffffff, ABSOLUTE)

    Exec Addr    Load Addr    Size         Type   Attr      Idx    E Section Name        Object

    0x08000000   0x08000000   0x00000198   Data   RO            3    RESET               startup_stm32f411xe.o
    0x08000198   0x08000198   0x00000008   Code   RO         1042  * !!!main             c_w.l(__main.o)
    0x080001a0   0x080001a0   0x0000005c   Code   RO         1432    !!!scatter          c_w.l(__scatter.o)
    0x080001fc   0x080001fc   0x0000001a   Code   RO         1436    !!handler_copy      c_w.l(__scatter_copy.o)
    0x08000216   0x08000216   0x00000002   PAD
    0x08000218   0x08000218   0x00000002   Code   RO         1433    !!handler_null      c_w.l(__scatter.o)
    0x0800021a   0x0800021a   0x00000002   PAD
    0x0800021c   0x0800021c   0x0000001c   Code   RO         1438    !!handler_zi        c_w.l(__scatter_zi.o)
    0x08000238   0x08000238   0x00000000   Code   RO         1029    .ARM.Collect$$_printf_percent$$00000000  c_w.l(_printf_percent.o)
    0x08000238   0x08000238   0x00000006   Code   RO         1147    .ARM.Collect$$_printf_percent$$00000001  c_w.l(_printf_n.o)
    0x0800023e   0x0800023e   0x00000006   Code   RO         1149    .ARM.Collect$$_printf_percent$$00000002  c_w.l(_printf_p.o)
    0x08000244   0x08000244   0x00000006   Code   RO         1028    .ARM.Collect$$_printf_percent$$00000003  c_w.l(_printf_f.o)
    0x0800024a   0x0800024a   0x00000006   Code   RO         1153    .ARM.Collect$$_printf_percent$$00000004  c_w.l(_printf_e.o)
    0x08000250   0x08000250   0x00000006   Code   RO         1154    .ARM.Collect$$_printf_percent$$00000005  c_w.l(_printf_g.o)
    0x08000256   0x08000256   0x00000006   Code   RO         1155    .ARM.Collect$$_printf_percent$$00000006  c_w.l(_printf_a.o)
    0x0800025c   0x0800025c   0x0000000a   Code   RO         1160    .ARM.Collect$$_printf_percent$$00000007  c_w.l(_printf_ll.o)
    0x08000266   0x08000266   0x00000006   Code   RO         1151    .ARM.Collect$$_printf_percent$$00000008  c_w.l(_printf_i.o)
    0x0800026c   0x0800026c   0x00000006   Code   RO         1152    .ARM.Collect$$_printf_percent$$00000009  c_w.l(_printf_d.o)
    0x08000272   0x08000272   0x00000006   Code   RO         1027    .ARM.Collect$$_printf_percent$$0000000A  c_w.l(_printf_u.o)
    0x08000278   0x08000278   0x00000006   Code   RO         1150    .ARM.Collect$$_printf_percent$$0000000B  c_w.l(_printf_o.o)
    0x0800027e   0x0800027e   0x00000006   Code   RO         1148    .ARM.Collect$$_printf_percent$$0000000C  c_w.l(_printf_x.o)
    0x08000284   0x08000284   0x00000006   Code   RO         1157    .ARM.Collect$$_printf_percent$$0000000D  c_w.l(_printf_lli.o)
    0x0800028a   0x0800028a   0x00000006   Code   RO         1158    .ARM.Collect$$_printf_percent$$0000000E  c_w.l(_printf_lld.o)
    0x08000290   0x08000290   0x00000006   Code   RO         1159    .ARM.Collect$$_printf_percent$$0000000F  c_w.l(_printf_llu.o)
    0x08000296   0x08000296   0x00000006   Code   RO         1164    .ARM.Collect$$_printf_percent$$00000010  c_w.l(_printf_llo.o)
    0x0800029c   0x0800029c   0x00000006   Code   RO         1165    .ARM.Collect$$_printf_percent$$00000011  c_w.l(_printf_llx.o)
    0x080002a2   0x080002a2   0x0000000a   Code   RO         1161    .ARM.Collect$$_printf_percent$$00000012  c_w.l(_printf_l.o)
    0x080002ac   0x080002ac   0x00000006   Code   RO         1145    .ARM.Collect$$_printf_percent$$00000013  c_w.l(_printf_c.o)
    0x080002b2   0x080002b2   0x00000006   Code   RO         1146    .ARM.Collect$$_printf_percent$$00000014  c_w.l(_printf_s.o)
    0x080002b8   0x080002b8   0x00000006   Code   RO         1162    .ARM.Collect$$_printf_percent$$00000015  c_w.l(_printf_lc.o)
    0x080002be   0x080002be   0x00000006   Code   RO         1163    .ARM.Collect$$_printf_percent$$00000016  c_w.l(_printf_ls.o)
    0x080002c4   0x080002c4   0x00000004   Code   RO         1156    .ARM.Collect$$_printf_percent$$00000017  c_w.l(_printf_percent_end.o)
    0x080002c8   0x080002c8   0x00000002   Code   RO         1292    .ARM.Collect$$libinit$$00000000  c_w.l(libinit.o)
    0x080002ca   0x080002ca   0x00000004   Code   RO         1293    .ARM.Collect$$libinit$$00000001  c_w.l(libinit2.o)
    0x080002ce   0x080002ce   0x00000000   Code   RO         1296    .ARM.Collect$$libinit$$00000004  c_w.l(libinit2.o)
    0x080002ce   0x080002ce   0x00000000   Code   RO         1298    .ARM.Collect$$libinit$$00000006  c_w.l(libinit2.o)
    0x080002ce   0x080002ce   0x00000000   Code   RO         1301    .ARM.Collect$$libinit$$0000000C  c_w.l(libinit2.o)
    0x080002ce   0x080002ce   0x00000000   Code   RO         1303    .ARM.Collect$$libinit$$0000000E  c_w.l(libinit2.o)
    0x080002ce   0x080002ce   0x00000000   Code   RO         1305    .ARM.Collect$$libinit$$00000010  c_w.l(libinit2.o)
    0x080002ce   0x080002ce   0x00000006   Code   RO         1306    .ARM.Collect$$libinit$$00000011  c_w.l(libinit2.o)
    0x080002d4   0x080002d4   0x00000000   Code   RO         1308    .ARM.Collect$$libinit$$00000013  c_w.l(libinit2.o)
    0x080002d4   0x080002d4   0x0000000c   Code   RO         1309    .ARM.Collect$$libinit$$00000014  c_w.l(libinit2.o)
    0x080002e0   0x080002e0   0x00000000   Code   RO         1310    .ARM.Collect$$libinit$$00000015  c_w.l(libinit2.o)
    0x080002e0   0x080002e0   0x00000000   Code   RO         1312    .ARM.Collect$$libinit$$00000017  c_w.l(libinit2.o)
    0x080002e0   0x080002e0   0x0000000a   Code   RO         1313    .ARM.Collect$$libinit$$00000018  c_w.l(libinit2.o)
    0x080002ea   0x080002ea   0x00000000   Code   RO         1314    .ARM.Collect$$libinit$$00000019  c_w.l(libinit2.o)
    0x080002ea   0x080002ea   0x00000000   Code   RO         1316    .ARM.Collect$$libinit$$0000001B  c_w.l(libinit2.o)
    0x080002ea   0x080002ea   0x00000000   Code   RO         1318    .ARM.Collect$$libinit$$0000001D  c_w.l(libinit2.o)
    0x080002ea   0x080002ea   0x00000000   Code   RO         1320    .ARM.Collect$$libinit$$0000001F  c_w.l(libinit2.o)
    0x080002ea   0x080002ea   0x00000000   Code   RO         1322    .ARM.Collect$$libinit$$00000021  c_w.l(libinit2.o)
    0x080002ea   0x080002ea   0x00000000   Code   RO         1324    .ARM.Collect$$libinit$$00000023  c_w.l(libinit2.o)
    0x080002ea   0x080002ea   0x00000000   Code   RO         1326    .ARM.Collect$$libinit$$00000025  c_w.l(libinit2.o)
    0x080002ea   0x080002ea   0x00000000   Code   RO         1328    .ARM.Collect$$libinit$$00000027  c_w.l(libinit2.o)
    0x080002ea   0x080002ea   0x00000000   Code   RO         1332    .ARM.Collect$$libinit$$0000002E  c_w.l(libinit2.o)
    0x080002ea   0x080002ea   0x00000000   Code   RO         1334    .ARM.Collect$$libinit$$00000030  c_w.l(libinit2.o)
    0x080002ea   0x080002ea   0x00000000   Code   RO         1336    .ARM.Collect$$libinit$$00000032  c_w.l(libinit2.o)
    0x080002ea   0x080002ea   0x00000000   Code   RO         1338    .ARM.Collect$$libinit$$00000034  c_w.l(libinit2.o)
    0x080002ea   0x080002ea   0x00000002   Code   RO         1339    .ARM.Collect$$libinit$$00000035  c_w.l(libinit2.o)
    0x080002ec   0x080002ec   0x00000002   Code   RO         1378    .ARM.Collect$$libshutdown$$00000000  c_w.l(libshutdown.o)
    0x080002ee   0x080002ee   0x00000000   Code   RO         1389    .ARM.Collect$$libshutdown$$00000002  c_w.l(libshutdown2.o)
    0x080002ee   0x080002ee   0x00000000   Code   RO         1391    .ARM.Collect$$libshutdown$$00000004  c_w.l(libshutdown2.o)
    0x080002ee   0x080002ee   0x00000000   Code   RO         1394    .ARM.Collect$$libshutdown$$00000007  c_w.l(libshutdown2.o)
    0x080002ee   0x080002ee   0x00000000   Code   RO         1397    .ARM.Collect$$libshutdown$$0000000A  c_w.l(libshutdown2.o)
    0x080002ee   0x080002ee   0x00000000   Code   RO         1399    .ARM.Collect$$libshutdown$$0000000C  c_w.l(libshutdown2.o)
    0x080002ee   0x080002ee   0x00000000   Code   RO         1402    .ARM.Collect$$libshutdown$$0000000F  c_w.l(libshutdown2.o)
    0x080002ee   0x080002ee   0x00000002   Code   RO         1403    .ARM.Collect$$libshutdown$$00000010  c_w.l(libshutdown2.o)
    0x080002f0   0x080002f0   0x00000000   Code   RO         1092    .ARM.Collect$$rtentry$$00000000  c_w.l(__rtentry.o)
    0x080002f0   0x080002f0   0x00000000   Code   RO         1201    .ARM.Collect$$rtentry$$00000002  c_w.l(__rtentry2.o)
    0x080002f0   0x080002f0   0x00000006   Code   RO         1213    .ARM.Collect$$rtentry$$00000004  c_w.l(__rtentry4.o)
    0x080002f6   0x080002f6   0x00000000   Code   RO         1203    .ARM.Collect$$rtentry$$00000009  c_w.l(__rtentry2.o)
    0x080002f6   0x080002f6   0x00000004   Code   RO         1204    .ARM.Collect$$rtentry$$0000000A  c_w.l(__rtentry2.o)
    0x080002fa   0x080002fa   0x00000000   Code   RO         1206    .ARM.Collect$$rtentry$$0000000C  c_w.l(__rtentry2.o)
    0x080002fa   0x080002fa   0x00000008   Code   RO         1207    .ARM.Collect$$rtentry$$0000000D  c_w.l(__rtentry2.o)
    0x08000302   0x08000302   0x00000002   Code   RO         1340    .ARM.Collect$$rtexit$$00000000  c_w.l(rtexit.o)
    0x08000304   0x08000304   0x00000000   Code   RO         1352    .ARM.Collect$$rtexit$$00000002  c_w.l(rtexit2.o)
    0x08000304   0x08000304   0x00000004   Code   RO         1353    .ARM.Collect$$rtexit$$00000003  c_w.l(rtexit2.o)
    0x08000308   0x08000308   0x00000006   Code   RO         1354    .ARM.Collect$$rtexit$$00000004  c_w.l(rtexit2.o)
    0x0800030e   0x0800030e   0x00000002   PAD
    0x08000310   0x08000310   0x00000040   Code   RO            4  * .text               startup_stm32f411xe.o
    0x08000350   0x08000350   0x0000003c   Code   RO          997    .text               c_w.l(vsnprintf.o)
    0x0800038c   0x0800038c   0x00000040   Code   RO          999    .text               c_w.l(__2snprintf.o)
    0x080003cc   0x080003cc   0x00000078   Code   RO         1005    .text               c_w.l(_printf_dec.o)
    0x08000444   0x08000444   0x00000188   Code   RO         1024    .text               c_w.l(__printf_flags_ss_wp.o)
    0x080005cc   0x080005cc   0x0000003e   Code   RO         1030    .text               c_w.l(strlen.o)
    0x0800060a   0x0800060a   0x0000008a   Code   RO         1032    .text               c_w.l(rt_memcpy_v6.o)
    0x08000694   0x08000694   0x00000010   Code   RO         1034    .text               c_w.l(aeabi_memset4.o)
    0x080006a4   0x080006a4   0x00000044   Code   RO         1036    .text               c_w.l(rt_memclr.o)
    0x080006e8   0x080006e8   0x0000004e   Code   RO         1038    .text               c_w.l(rt_memclr_w.o)
    0x08000736   0x08000736   0x00000006   Code   RO         1040    .text               c_w.l(heapauxi.o)
    0x0800073c   0x0800073c   0x00000016   Code   RO         1093    .text               c_w.l(_rserrno.o)
    0x08000752   0x08000752   0x0000004e   Code   RO         1095    .text               c_w.l(_printf_pad.o)
    0x080007a0   0x080007a0   0x00000024   Code   RO         1097    .text               c_w.l(_printf_truncate.o)
    0x080007c4   0x080007c4   0x00000052   Code   RO         1099    .text               c_w.l(_printf_str.o)
    0x08000816   0x08000816   0x000000b2   Code   RO         1101    .text               c_w.l(_printf_intcommon.o)
    0x080008c8   0x080008c8   0x00000028   Code   RO         1103    .text               c_w.l(_printf_charcount.o)
    0x080008f0   0x080008f0   0x0000041c   Code   RO         1105    .text               c_w.l(_printf_fp_dec.o)
    0x08000d0c   0x08000d0c   0x00000030   Code   RO         1109    .text               c_w.l(_printf_char_common.o)
    0x08000d3c   0x08000d3c   0x00000010   Code   RO         1111    .text               c_w.l(_snputc.o)
    0x08000d4c   0x08000d4c   0x000000bc   Code   RO         1113    .text               c_w.l(_printf_wctomb.o)
    0x08000e08   0x08000e08   0x0000007c   Code   RO         1116    .text               c_w.l(_printf_longlong_dec.o)
    0x08000e84   0x08000e84   0x00000070   Code   RO         1122    .text               c_w.l(_printf_oct_int_ll.o)
    0x08000ef4   0x08000ef4   0x00000094   Code   RO         1142    .text               c_w.l(_printf_hex_int_ll_ptr.o)
    0x08000f88   0x08000f88   0x00000064   Code   RO         1166    .text               c_w.l(rt_memcpy_w.o)
    0x08000fec   0x08000fec   0x00000008   Code   RO         1218    .text               c_w.l(rt_locale_intlibspace.o)
    0x08000ff4   0x08000ff4   0x00000008   Code   RO         1223    .text               c_w.l(rt_errno_addr_intlibspace.o)
    0x08000ffc   0x08000ffc   0x0000008a   Code   RO         1225    .text               c_w.l(lludiv10.o)
    0x08001086   0x08001086   0x00000002   PAD
    0x08001088   0x08001088   0x000002fc   Code   RO         1227    .text               c_w.l(_printf_fp_hex.o)
    0x08001384   0x08001384   0x00000080   Code   RO         1230    .text               c_w.l(_printf_fp_infnan.o)
    0x08001404   0x08001404   0x0000002c   Code   RO         1234    .text               c_w.l(_printf_char.o)
    0x08001430   0x08001430   0x0000002c   Code   RO         1236    .text               c_w.l(_printf_wchar.o)
    0x0800145c   0x0800145c   0x000000e4   Code   RO         1238    .text               c_w.l(bigflt0.o)
    0x08001540   0x08001540   0x00000048   Code   RO         1265    .text               c_w.l(_c16rtomb.o)
    0x08001588   0x08001588   0x00000008   Code   RO         1274    .text               c_w.l(libspace.o)
    0x08001590   0x08001590   0x0000004a   Code   RO         1277    .text               c_w.l(sys_stackheap_outer.o)
    0x080015da   0x080015da   0x00000002   PAD
    0x080015dc   0x080015dc   0x00000010   Code   RO         1279    .text               c_w.l(rt_ctype_table.o)
    0x080015ec   0x080015ec   0x00000012   Code   RO         1283    .text               c_w.l(exit.o)
    0x080015fe   0x080015fe   0x00000002   PAD
    0x08001600   0x08001600   0x0000007c   Code   RO         1285    .text               c_w.l(strcmpv7em.o)
    0x0800167c   0x0800167c   0x0000000c   Code   RO         1364    .text               c_w.l(sys_exit.o)
    0x08001688   0x08001688   0x00000002   Code   RO         1379    .text               c_w.l(use_no_semi.o)
    0x0800168a   0x0800168a   0x00000000   Code   RO         1381    .text               c_w.l(indicate_semi.o)
    0x0800168a   0x0800168a   0x00000006   PAD
    0x08001690   0x08001690   0x00001148   Code   RO          553    .text.AK8963_CalibrateMag  mpu9250_driver.o
    0x080027d8   0x080027d8   0x00000188   Code   RO          547    .text.AK8963_Read_Mag_UT  mpu9250_driver.o
    0x08002960   0x08002960   0x0000000e   Code   RO          242    .text.APP_Main      app_main.o
    0x0800296e   0x0800296e   0x00000002   PAD
    0x08002970   0x08002970   0x000000ec   Code   RO          269    .text.APP_TasksCreate  app_tasks.o
    0x08002a5c   0x08002a5c   0x0000001a   Code   RO          387    .text.AppStatus_Clear  app_status.o
    0x08002a76   0x08002a76   0x00000002   PAD
    0x08002a78   0x08002a78   0x0000000c   Code   RO          395    .text.AppStatus_GetCalState  app_status.o
    0x08002a84   0x08002a84   0x00000026   Code   RO          389    .text.AppStatus_IsSet  app_status.o
    0x08002aaa   0x08002aaa   0x00000002   PAD
    0x08002aac   0x08002aac   0x0000001a   Code   RO          385    .text.AppStatus_Set  app_status.o
    0x08002ac6   0x08002ac6   0x00000002   PAD
    0x08002ac8   0x08002ac8   0x0000000c   Code   RO          393    .text.AppStatus_SetCalState  app_status.o
    0x08002ad4   0x08002ad4   0x0000006e   Code   RO          424    .text.BSP_DebugUart_Init  bsp_debug_uart.o
    0x08002b42   0x08002b42   0x00000002   PAD
    0x08002b44   0x08002b44   0x00000032   Code   RO          428    .text.BSP_DebugUart_SendString  bsp_debug_uart.o
    0x08002b76   0x08002b76   0x00000002   PAD
    0x08002b78   0x08002b78   0x0000005a   Code   RO          465    .text.BSP_I2C_Soft_Init  bsp_i2c_soft.o
    0x08002bd2   0x08002bd2   0x00000002   PAD
    0x08002bd4   0x08002bd4   0x00000104   Code   RO          467    .text.BSP_I2C_Soft_RecoverBus  bsp_i2c_soft.o
    0x08002cd8   0x08002cd8   0x00000044   Code   RO          406    .text.BSP_LED_Init  bsp_led.o
    0x08002d1c   0x08002d1c   0x00000030   Code   RO          412    .text.BSP_LED_Set   bsp_led.o
    0x08002d4c   0x08002d4c   0x00000002   Code   RO          256    .text.BusFault_Handler  stm32f4xx_it.o
    0x08002d4e   0x08002d4e   0x00000002   PAD
    0x08002d50   0x08002d50   0x00000002   Code   RO          260    .text.DebugMon_Handler  stm32f4xx_it.o
    0x08002d52   0x08002d52   0x00000002   PAD
    0x08002d54   0x08002d54   0x00000004   Code   RO          352    .text.DebugService_Init  debug_service.o
    0x08002d58   0x08002d58   0x00000036   Code   RO          438    .text.Debug_Print   debug_log.o
    0x08002d8e   0x08002d8e   0x00000002   PAD
    0x08002d90   0x08002d90   0x0000004e   Code   RO          440    .text.Debug_Printf  debug_log.o
    0x08002dde   0x08002dde   0x00000002   PAD
    0x08002de0   0x08002de0   0x00000060   Code   RO          360    .text.FreeRTOS_ObjectsCreate  freertos_objects.o
    0x08002e40   0x08002e40   0x0000008a   Code   RO           27    .text.GPIO_Init     stm32f4xx_gpio.o
    0x08002eca   0x08002eca   0x00000002   PAD
    0x08002ecc   0x08002ecc   0x00000028   Code   RO           51    .text.GPIO_PinAFConfig  stm32f4xx_gpio.o
    0x08002ef4   0x08002ef4   0x00000006   Code   RO           43    .text.GPIO_ResetBits  stm32f4xx_gpio.o
    0x08002efa   0x08002efa   0x00000002   PAD
    0x08002efc   0x08002efc   0x0000000a   Code   RO           45    .text.GPIO_WriteBit  stm32f4xx_gpio.o
    0x08002f06   0x08002f06   0x00000002   PAD
    0x08002f08   0x08002f08   0x00000002   Code   RO          252    .text.HardFault_Handler  stm32f4xx_it.o
    0x08002f0a   0x08002f0a   0x00000002   PAD
    0x08002f0c   0x08002f0c   0x00000154   Code   RO          483    .text.I2C_ReadByte  bsp_i2c_soft.o
    0x08003060   0x08003060   0x0000001c   Code   RO          491    .text.I2C_ReadReg   bsp_i2c_soft.o
    0x0800307c   0x0800307c   0x00000010   Code   RO          493    .text.I2C_ReadRegData  bsp_i2c_soft.o
    0x0800308c   0x0800308c   0x000004fa   Code   RO          495    .text.I2C_ReadRegs  bsp_i2c_soft.o
    0x08003586   0x08003586   0x00000002   PAD
    0x08003588   0x08003588   0x00000016   Code   RO          487    .text.I2C_WriteReg  bsp_i2c_soft.o
    0x0800359e   0x0800359e   0x00000002   PAD
    0x080035a0   0x080035a0   0x000004d8   Code   RO          489    .text.I2C_WriteRegs  bsp_i2c_soft.o
    0x08003a78   0x08003a78   0x00000004   Code   RO          295    .text.ImuService_Init  imu_service.o
    0x08003a7c   0x08003a7c   0x00000038   Code   RO          301    .text.ImuService_ReadPhys  imu_service.o
    0x08003ab4   0x08003ab4   0x000000c0   Code   RO          273    .text.ImuTask       app_tasks.o
    0x08003b74   0x08003b74   0x00000054   Code   RO          271    .text.InitTask      app_tasks.o
    0x08003bc8   0x08003bc8   0x00000004   Code   RO          335    .text.LedService_Init  led_service.o
    0x08003bcc   0x08003bcc   0x00000004   Code   RO          341    .text.LedService_Set  led_service.o
    0x08003bd0   0x08003bd0   0x000000c8   Code   RO          279    .text.LedTask       app_tasks.o
    0x08003c98   0x08003c98   0x00000120   Code   RO          527    .text.MPU9250_ConvertToPhysical  mpu9250_driver.o
    0x08003db8   0x08003db8   0x00000480   Code   RO          555    .text.MPU9250_Driver_Init  mpu9250_driver.o
    0x08004238   0x08004238   0x000000a8   Code   RO          565    .text.MPU9250_GetEulerFusedDeg  mpu9250_driver.o
    0x080042e0   0x080042e0   0x0000007e   Code   RO          557    .text.MPU9250_MahonyInit  mpu9250_driver.o
    0x0800435e   0x0800435e   0x00000002   PAD
    0x08004360   0x08004360   0x00000510   Code   RO          559    .text.MPU9250_MahonyUpdate  mpu9250_driver.o
    0x08004870   0x08004870   0x00000288   Code   RO          563    .text.MPU9250_MahonyUpdateIMU  mpu9250_driver.o
    0x08004af8   0x08004af8   0x000000b8   Code   RO          525    .text.MPU9250_ReadAxis  mpu9250_driver.o
    0x08004bb0   0x08004bb0   0x00000002   Code   RO          254    .text.MemManage_Handler  stm32f4xx_it.o
    0x08004bb2   0x08004bb2   0x00000006   PAD
    0x08004bb8   0x08004bb8   0x000000a8   Code   RO          312    .text.ModemService_BuildSimGnss  modem_service.o
    0x08004c60   0x08004c60   0x00000002   Code   RO          314    .text.ModemService_Publish  modem_service.o
    0x08004c62   0x08004c62   0x00000002   PAD
    0x08004c64   0x08004c64   0x0000007c   Code   RO          275    .text.ModemTask     app_tasks.o
    0x08004ce0   0x08004ce0   0x00000002   Code   RO          250    .text.NMI_Handler   stm32f4xx_it.o
    0x08004ce2   0x08004ce2   0x00000002   PAD
    0x08004ce4   0x08004ce4   0x00000060   Code   RO          950    .text.PendSV_Handler  port.o
    0x08004d44   0x08004d44   0x00000018   Code   RO          124    .text.RCC_AHB1PeriphClockCmd  stm32f4xx_rcc.o
    0x08004d5c   0x08004d5c   0x00000018   Code   RO          130    .text.RCC_APB2PeriphClockCmd  stm32f4xx_rcc.o
    0x08004d74   0x08004d74   0x000000a4   Code   RO          106    .text.RCC_GetClocksFreq  stm32f4xx_rcc.o
    0x08004e18   0x08004e18   0x00000020   Code   RO          934    .text.SVC_Handler   port.o
    0x08004e38   0x08004e38   0x0000002e   Code   RO          952    .text.SysTick_Handler  port.o
    0x08004e66   0x08004e66   0x00000002   PAD
    0x08004e68   0x08004e68   0x000000f2   Code   RO           11    .text.SystemInit    system_stm32f4xx.o
    0x08004f5a   0x08004f5a   0x00000002   PAD
    0x08004f5c   0x08004f5c   0x00000140   Code   RO          277    .text.TelemetryTask  app_tasks.o
    0x0800509c   0x0800509c   0x000000b8   Code   RO          325    .text.Telemetry_BuildMqttMsg  telemetry_service.o
    0x08005154   0x08005154   0x00000014   Code   RO          177    .text.USART_Cmd     stm32f4xx_usart.o
    0x08005168   0x08005168   0x0000000a   Code   RO          217    .text.USART_GetFlagStatus  stm32f4xx_usart.o
    0x08005172   0x08005172   0x00000002   PAD
    0x08005174   0x08005174   0x000000b6   Code   RO          169    .text.USART_Init    stm32f4xx_usart.o
    0x0800522a   0x0800522a   0x00000002   PAD
    0x0800522c   0x0800522c   0x00000008   Code   RO          185    .text.USART_SendData  stm32f4xx_usart.o
    0x08005234   0x08005234   0x00000002   Code   RO          258    .text.UsageFault_Handler  stm32f4xx_it.o
    0x08005236   0x08005236   0x00000002   PAD
    0x08005238   0x08005238   0x0000000a   Code   RO          233    .text.main          main.o
    0x08005242   0x08005242   0x00000002   PAD
    0x08005244   0x08005244   0x000001c8   Code   RO          561    .text.mpu9250_integrate_quaternion  mpu9250_driver.o
    0x0800540c   0x0800540c   0x000000cc   Code   RO          766    .text.prvAddCurrentTaskToDelayedList  tasks.o
    0x080054d8   0x080054d8   0x00000070   Code   RO          881    .text.prvCheckForValidListAndQueue  timers.o
    0x08005548   0x08005548   0x00000076   Code   RO          846    .text.prvIdleTask   tasks.o
    0x080055be   0x080055be   0x00000002   PAD
    0x080055c0   0x080055c0   0x00000028   Code   RO          942    .text.prvPortStartFirstTask  port.o
    0x080055e8   0x080055e8   0x0000007c   Code   RO          913    .text.prvProcessExpiredTimer  timers.o
    0x08005664   0x08005664   0x00000022   Code   RO          932    .text.prvTaskExitError  port.o
    0x08005686   0x08005686   0x00000002   PAD
    0x08005688   0x08005688   0x0000024e   Code   RO          883    .text.prvTimerTask  timers.o
    0x080058d6   0x080058d6   0x00000002   PAD
    0x080058d8   0x080058d8   0x00000074   Code   RO          667    .text.prvUnlockQueue  queue.o
    0x0800594c   0x0800594c   0x0000011e   Code   RO          963    .text.pvPortMalloc  heap_4.o
    0x08005a6a   0x08005a6a   0x00000002   PAD
    0x08005a6c   0x08005a6c   0x00000018   Code   RO          828    .text.pvTaskIncrementMutexHeldCount  tasks.o
    0x08005a84   0x08005a84   0x00000024   Code   RO          930    .text.pxPortInitialiseStack  port.o
    0x08005aa8   0x08005aa8   0x00000022   Code   RO          641    .text.uxListRemove  list.o
    0x08005aca   0x08005aca   0x00000002   PAD
    0x08005acc   0x08005acc   0x00000012   Code   RO          373    .text.vApplicationMallocFailedHook  freertos_hook.o
    0x08005ade   0x08005ade   0x00000002   PAD
    0x08005ae0   0x08005ae0   0x00000040   Code   RO          375    .text.vApplicationStackOverflowHook  freertos_hook.o
    0x08005b20   0x08005b20   0x00000016   Code   RO          633    .text.vListInitialise  list.o
    0x08005b36   0x08005b36   0x00000002   PAD
    0x08005b38   0x08005b38   0x00000006   Code   RO          635    .text.vListInitialiseItem  list.o
    0x08005b3e   0x08005b3e   0x00000002   PAD
    0x08005b40   0x08005b40   0x0000003a   Code   RO          639    .text.vListInsert   list.o
    0x08005b7a   0x08005b7a   0x00000002   PAD
    0x08005b7c   0x08005b7c   0x0000001a   Code   RO          637    .text.vListInsertEnd  list.o
    0x08005b96   0x08005b96   0x00000002   PAD
    0x08005b98   0x08005b98   0x00000014   Code   RO          940    .text.vPortEnableVFP  port.o
    0x08005bac   0x08005bac   0x00000020   Code   RO          946    .text.vPortEnterCritical  port.o
    0x08005bcc   0x08005bcc   0x0000001a   Code   RO          948    .text.vPortExitCritical  port.o
    0x08005be6   0x08005be6   0x00000002   PAD
    0x08005be8   0x08005be8   0x000000a2   Code   RO          965    .text.vPortFree     heap_4.o
    0x08005c8a   0x08005c8a   0x00000002   PAD
    0x08005c8c   0x08005c8c   0x00000034   Code   RO          938    .text.vPortSetupTimerInterrupt  port.o
    0x08005cc0   0x08005cc0   0x00000048   Code   RO          699    .text.vQueueAddToRegistry  queue.o
    0x08005d08   0x08005d08   0x00000046   Code   RO          703    .text.vQueueWaitForMessageRestricted  queue.o
    0x08005d4e   0x08005d4e   0x00000002   PAD
    0x08005d50   0x08005d50   0x000000b6   Code   RO          770    .text.vTaskDelay    tasks.o
    0x08005e06   0x08005e06   0x00000002   PAD
    0x08005e08   0x08005e08   0x00000120   Code   RO          760    .text.vTaskDelete   tasks.o
    0x08005f28   0x08005f28   0x0000001a   Code   RO          808    .text.vTaskInternalSetTimeOutState  tasks.o
    0x08005f42   0x08005f42   0x00000002   PAD
    0x08005f44   0x08005f44   0x0000000e   Code   RO          812    .text.vTaskMissedYield  tasks.o
    0x08005f52   0x08005f52   0x00000002   PAD
    0x08005f54   0x08005f54   0x00000020   Code   RO          796    .text.vTaskPlaceOnEventList  tasks.o
    0x08005f74   0x08005f74   0x00000054   Code   RO          800    .text.vTaskPlaceOnEventListRestricted  tasks.o
    0x08005fc8   0x08005fc8   0x0000009a   Code   RO          824    .text.vTaskPriorityDisinheritAfterTimeout  tasks.o
    0x08006062   0x08006062   0x00000002   PAD
    0x08006064   0x08006064   0x000000b6   Code   RO          804    .text.vTaskRemoveFromUnorderedEventList  tasks.o
    0x0800611a   0x0800611a   0x00000002   PAD
    0x0800611c   0x0800611c   0x00000094   Code   RO          780    .text.vTaskStartScheduler  tasks.o
    0x080061b0   0x080061b0   0x00000010   Code   RO          764    .text.vTaskSuspendAll  tasks.o
    0x080061c0   0x080061c0   0x000000aa   Code   RO          774    .text.vTaskSwitchContext  tasks.o
    0x0800626a   0x0800626a   0x00000002   PAD
    0x0800626c   0x0800626c   0x0000001a   Code   RO          615    .text.xEventGroupClearBits  event_groups.o
    0x08006286   0x08006286   0x00000002   PAD
    0x08006288   0x08006288   0x00000022   Code   RO          607    .text.xEventGroupCreate  event_groups.o
    0x080062aa   0x080062aa   0x00000002   PAD
    0x080062ac   0x080062ac   0x0000007c   Code   RO          611    .text.xEventGroupSetBits  event_groups.o
    0x08006328   0x08006328   0x00000068   Code   RO          936    .text.xPortStartScheduler  port.o
    0x08006390   0x08006390   0x0000006e   Code   RO          655    .text.xQueueCreateMutex  queue.o
    0x080063fe   0x080063fe   0x00000002   PAD
    0x08006400   0x08006400   0x00000080   Code   RO          653    .text.xQueueGenericCreate  queue.o
    0x08006480   0x08006480   0x000001a6   Code   RO          659    .text.xQueueGenericSend  queue.o
    0x08006626   0x08006626   0x00000002   PAD
    0x08006628   0x08006628   0x0000002e   Code   RO          657    .text.xQueueGiveMutexRecursive  queue.o
    0x08006656   0x08006656   0x00000002   PAD
    0x08006658   0x08006658   0x0000014c   Code   RO          675    .text.xQueuePeek    queue.o
    0x080067a4   0x080067a4   0x0000014c   Code   RO          673    .text.xQueueReceive  queue.o
    0x080068f0   0x080068f0   0x00000174   Code   RO          663    .text.xQueueSemaphoreTake  queue.o
    0x08006a64   0x08006a64   0x00000028   Code   RO          661    .text.xQueueTakeMutexRecursive  queue.o
    0x08006a8c   0x08006a8c   0x00000060   Code   RO          810    .text.xTaskCheckForTimeOut  tasks.o
    0x08006aec   0x08006aec   0x000001f4   Code   RO          758    .text.xTaskCreate   tasks.o
    0x08006ce0   0x08006ce0   0x000000ec   Code   RO          762    .text.xTaskDelayUntil  tasks.o
    0x08006dcc   0x08006dcc   0x0000000c   Code   RO          814    .text.xTaskGetCurrentTaskHandle  tasks.o
    0x08006dd8   0x08006dd8   0x0000000c   Code   RO          786    .text.xTaskGetTickCount  tasks.o
    0x08006de4   0x08006de4   0x00000196   Code   RO          784    .text.xTaskIncrementTick  tasks.o
    0x08006f7a   0x08006f7a   0x00000002   PAD
    0x08006f7c   0x08006f7c   0x00000098   Code   RO          822    .text.xTaskPriorityDisinherit  tasks.o
    0x08007014   0x08007014   0x000000c0   Code   RO          820    .text.xTaskPriorityInherit  tasks.o
    0x080070d4   0x080070d4   0x000000d0   Code   RO          802    .text.xTaskRemoveFromEventList  tasks.o
    0x080071a4   0x080071a4   0x0000016c   Code   RO          768    .text.xTaskResumeAll  tasks.o
    0x08007310   0x08007310   0x0000004c   Code   RO          879    .text.xTimerCreateTimerTask  timers.o
    0x0800735c   0x0800735c   0x0000003e   Code   RO         1241    CL$$btod_d2e        c_w.l(btod.o)
    0x0800739a   0x0800739a   0x00000046   Code   RO         1243    CL$$btod_d2e_denorm_low  c_w.l(btod.o)
    0x080073e0   0x080073e0   0x00000060   Code   RO         1242    CL$$btod_d2e_norm_op1  c_w.l(btod.o)
    0x08007440   0x08007440   0x00000338   Code   RO         1251    CL$$btod_div_common  c_w.l(btod.o)
    0x08007778   0x08007778   0x000000dc   Code   RO         1248    CL$$btod_e2e        c_w.l(btod.o)
    0x08007854   0x08007854   0x0000002a   Code   RO         1245    CL$$btod_ediv       c_w.l(btod.o)
    0x0800787e   0x0800787e   0x0000002a   Code   RO         1244    CL$$btod_emul       c_w.l(btod.o)
    0x080078a8   0x080078a8   0x00000244   Code   RO         1250    CL$$btod_mult_common  c_w.l(btod.o)
    0x08007aec   0x08007aec   0x00000030   Code   RO         1272    i.__ARM_fpclassify  m_wm.l(fpclassify.o)
    0x08007b1c   0x08007b1c   0x00000026   Code   RO         1181    i.__ARM_fpclassifyf  m_wm.l(fpclassifyf.o)
    0x08007b42   0x08007b42   0x00000002   PAD
    0x08007b44   0x08007b44   0x0000012c   Code   RO         1062    i.__hardfp_asinf    m_wm.l(asinf.o)
    0x08007c70   0x08007c70   0x000002ac   Code   RO         1068    i.__hardfp_atan2f   m_wm.l(atan2f.o)
    0x08007f1c   0x08007f1c   0x00000150   Code   RO         1074    i.__hardfp_cosf     m_wm.l(cosf.o)
    0x0800806c   0x0800806c   0x00000190   Code   RO         1080    i.__hardfp_sinf     m_wm.l(sinf.o)
    0x080081fc   0x080081fc   0x0000003a   Code   RO         1086    i.__hardfp_sqrtf    m_wm.l(sqrtf.o)
    0x08008236   0x08008236   0x00000006   Code   RO         1184    i.__mathlib_flt_infnan  m_wm.l(funder.o)
    0x0800823c   0x0800823c   0x00000006   Code   RO         1185    i.__mathlib_flt_infnan2  m_wm.l(funder.o)
    0x08008242   0x08008242   0x00000002   PAD
    0x08008244   0x08008244   0x00000010   Code   RO         1186    i.__mathlib_flt_invalid  m_wm.l(funder.o)
    0x08008254   0x08008254   0x00000010   Code   RO         1189    i.__mathlib_flt_underflow  m_wm.l(funder.o)
    0x08008264   0x08008264   0x00000154   Code   RO         1197    i.__mathlib_rredf2  m_wm.l(rredf.o)
    0x080083b8   0x080083b8   0x0000000e   Code   RO         1017    i._is_digit         c_w.l(__printf_wp.o)
    0x080083c6   0x080083c6   0x0000003e   Code   RO         1088    i.sqrtf             m_wm.l(sqrtf.o)
    0x08008404   0x08008404   0x0000002c   Code   RO         1268    locale$$code        c_w.l(lc_numeric_c.o)
    0x08008430   0x08008430   0x0000002c   Code   RO         1345    locale$$code        c_w.l(lc_ctype_c.o)
    0x0800845c   0x0800845c   0x00000150   Code   RO         1044    x$fpl$dadd          fz_wm.l(daddsub_clz.o)
    0x080085ac   0x080085ac   0x00000026   Code   RO         1050    x$fpl$dfltu         fz_wm.l(dflt_clz.o)
    0x080085d2   0x080085d2   0x00000002   PAD
    0x080085d4   0x080085d4   0x00000154   Code   RO         1056    x$fpl$dmul          fz_wm.l(dmul.o)
    0x08008728   0x08008728   0x0000009c   Code   RO         1168    x$fpl$dnaninf       fz_wm.l(dnaninf.o)
    0x080087c4   0x080087c4   0x0000000c   Code   RO         1170    x$fpl$dretinf       fz_wm.l(dretinf.o)
    0x080087d0   0x080087d0   0x000001dc   Code   RO         1046    x$fpl$dsub          fz_wm.l(daddsub_clz.o)
    0x080089ac   0x080089ac   0x00000056   Code   RO         1058    x$fpl$f2d           fz_wm.l(f2d.o)
    0x08008a02   0x08008a02   0x0000008c   Code   RO         1172    x$fpl$fnaninf       fz_wm.l(fnaninf.o)
    0x08008a8e   0x08008a8e   0x0000001a   Code   RO         1349    x$fpl$fpinit        fz_wm.l(fpinit.o)
    0x08008aa8   0x08008aa8   0x00000004   Code   RO         1060    x$fpl$printf1       fz_wm.l(printf1.o)
    0x08008aac   0x08008aac   0x00000004   Code   RO         1174    x$fpl$printf2       fz_wm.l(printf2.o)
    0x08008ab0   0x08008ab0   0x00000000   Code   RO         1180    x$fpl$usenofp       fz_wm.l(usenofp.o)
    0x08008ab0   0x08008ab0   0x00000011   Data   RO         1025    .constdata          c_w.l(__printf_flags_ss_wp.o)
    0x08008ac1   0x08008ac1   0x00000003   PAD
    0x08008ac4   0x08008ac4   0x00000008   Data   RO         1114    .constdata          c_w.l(_printf_wctomb.o)
    0x08008acc   0x08008acc   0x00000028   Data   RO         1143    .constdata          c_w.l(_printf_hex_int_ll_ptr.o)
    0x08008af4   0x08008af4   0x00000020   Data   RO         1198    .constdata          m_wm.l(rredf.o)
    0x08008b14   0x08008b14   0x00000026   Data   RO         1228    .constdata          c_w.l(_printf_fp_hex.o)
    0x08008b3a   0x08008b3a   0x00000002   PAD
    0x08008b3c   0x08008b3c   0x00000094   Data   RO         1239    .constdata          c_w.l(bigflt0.o)
    0x08008bd0   0x08008bd0   0x00000010   Data   RO          158    .rodata.APBAHBPrescTable  stm32f4xx_rcc.o
    0x08008be0   0x08008be0   0x0000005d   Data   RO          286    .rodata.str1.1      app_tasks.o
    0x08008c3d   0x08008c3d   0x0000005b   Data   RO          327    .rodata.str1.1      telemetry_service.o
    0x08008c98   0x08008c98   0x0000044c   Data   RO          567    .rodata.str1.1      mpu9250_driver.o
    0x080090e4   0x080090e4   0x00000004   Data   RO          863    .rodata.uxTopUsedPriority  tasks.o
    0x080090e8   0x080090e8   0x00000020   Data   RO         1431    Region$$Table       anon$$obj.o
    0x08009108   0x08009108   0x0000001c   Data   RO         1267    locale$$data        c_w.l(lc_numeric_c.o)
    0x08009124   0x08009124   0x00000110   Data   RO         1344    locale$$data        c_w.l(lc_ctype_c.o)


    Execution Region ER_RW (Exec base: 0x20000000, Load base: 0x08009234, Size: 0x00000044, Max: 0xffffffff, ABSOLUTE)

    Exec Addr    Load Addr    Size         Type   Attr      Idx    E Section Name        Object

    0x20000000   0x08009234   0x00000004   Data   RW           15    .data.SystemCoreClock  system_stm32f4xx.o
    0x20000004   0x08009238   0x00000004   Data   RW          594    .data.g_acc_norm_prev  mpu9250_driver.o
    0x20000008   0x0800923c   0x00000004   Data   RW          576    .data.g_ak8963_sensitivity.0  mpu9250_driver.o
    0x2000000c   0x08009240   0x00000004   Data   RW          577    .data.g_ak8963_sensitivity.1  mpu9250_driver.o
    0x20000010   0x08009244   0x00000004   Data   RW          578    .data.g_ak8963_sensitivity.2  mpu9250_driver.o
    0x20000014   0x08009248   0x00000004   Data   RW          585    .data.g_kp          mpu9250_driver.o
    0x20000018   0x0800924c   0x00000024   Data   RW          583    .data.g_mag_correction  mpu9250_driver.o
    0x2000003c   0x08009270   0x00000004   Data   RW          587    .data.g_q.0         mpu9250_driver.o
    0x20000040   0x08009274   0x00000004   Data   RW          954    .data.uxCriticalNesting  port.o


    Execution Region ER_ZI (Exec base: 0x20000048, Load base: 0x08009278, Size: 0x00007198, Max: 0xffffffff, ABSOLUTE)

    Exec Addr    Load Addr    Size         Type   Attr      Idx    E Section Name        Object

    0x20000048        -       0x00000060   Zero   RW         1275    .bss                c_w.l(libspace.o)
    0x200000a8        -       0x00000004   Zero   RW          282    .bss.IMUTaskHandle  app_tasks.o
    0x200000ac        -       0x00000004   Zero   RW          281    .bss.InitTaskHandle  app_tasks.o
    0x200000b0        -       0x00000004   Zero   RW          285    .bss.LedTaskHandle  app_tasks.o
    0x200000b4        -       0x00000004   Zero   RW          316    .bss.ModemService_BuildSimGnss.gnss_count  modem_service.o
    0x200000b8        -       0x00000004   Zero   RW          283    .bss.ModemTaskHandle  app_tasks.o
    0x200000bc        -       0x00000004   Zero   RW          284    .bss.TelemetryTaskHandle  app_tasks.o
    0x200000c0        -       0x00000004   Zero   RW          366    .bss.gSystemEventGroup  freertos_objects.o
    0x200000c4        -       0x00000004   Zero   RW          568    .bss.g_accel_bias_g.0  mpu9250_driver.o
    0x200000c8        -       0x00000004   Zero   RW          569    .bss.g_accel_bias_g.1  mpu9250_driver.o
    0x200000cc        -       0x00000004   Zero   RW          570    .bss.g_accel_bias_g.2  mpu9250_driver.o
    0x200000d0        -       0x00000001   Zero   RW          574    .bss.g_ak8963_asa.0  mpu9250_driver.o
    0x200000d1        -       0x00000001   Zero   RW          575    .bss.g_ak8963_asa.1  mpu9250_driver.o
    0x200000d2        -       0x00000001   Zero   RW          397    .bss.g_app_cal_state  app_status.o
    0x200000d3   0x08009278   0x00000001   PAD
    0x200000d4        -       0x0000000c   Zero   RW          584    .bss.g_euler_fused  mpu9250_driver.o
    0x200000e0        -       0x00000004   Zero   RW          591    .bss.g_exInt        mpu9250_driver.o
    0x200000e4        -       0x00000004   Zero   RW          592    .bss.g_eyInt        mpu9250_driver.o
    0x200000e8        -       0x00000004   Zero   RW          593    .bss.g_ezInt        mpu9250_driver.o
    0x200000ec        -       0x00000004   Zero   RW          571    .bss.g_gyro_bias_dps.0  mpu9250_driver.o
    0x200000f0        -       0x00000004   Zero   RW          572    .bss.g_gyro_bias_dps.1  mpu9250_driver.o
    0x200000f4        -       0x00000004   Zero   RW          573    .bss.g_gyro_bias_dps.2  mpu9250_driver.o
    0x200000f8        -       0x00000004   Zero   RW          586    .bss.g_ki           mpu9250_driver.o
    0x200000fc        -       0x00001770   Zero   RW          579    .bss.g_mag_cal_samples  mpu9250_driver.o
    0x2000186c        -       0x00000024   Zero   RW          598    .bss.g_mag_fit_candidate  mpu9250_driver.o
    0x20001890        -       0x00000024   Zero   RW          597    .bss.g_mag_fit_delta  mpu9250_driver.o
    0x200018b4        -       0x00000144   Zero   RW          595    .bss.g_mag_fit_matrix  mpu9250_driver.o
    0x200019f8        -       0x00000024   Zero   RW          596    .bss.g_mag_fit_vector  mpu9250_driver.o
    0x20001a1c        -       0x00000004   Zero   RW          580    .bss.g_mag_offset_ut.0  mpu9250_driver.o
    0x20001a20        -       0x00000004   Zero   RW          581    .bss.g_mag_offset_ut.1  mpu9250_driver.o
    0x20001a24        -       0x00000004   Zero   RW          582    .bss.g_mag_offset_ut.2  mpu9250_driver.o
    0x20001a28        -       0x00000004   Zero   RW          588    .bss.g_q.1          mpu9250_driver.o
    0x20001a2c        -       0x00000004   Zero   RW          589    .bss.g_q.2          mpu9250_driver.o
    0x20001a30        -       0x00000004   Zero   RW          590    .bss.g_q.3          mpu9250_driver.o
    0x20001a34        -       0x00000004   Zero   RW          365    .bss.mutexUart6log  freertos_objects.o
    0x20001a38        -       0x00000004   Zero   RW          919    .bss.prvSampleTimeNow.xLastTime  timers.o
    0x20001a3c        -       0x00000004   Zero   RW          848    .bss.pxCurrentTCB   tasks.o
    0x20001a40        -       0x00000004   Zero   RW          917    .bss.pxCurrentTimerList  timers.o
    0x20001a44        -       0x00000004   Zero   RW          865    .bss.pxDelayedTaskList  tasks.o
    0x20001a48        -       0x00000004   Zero   RW          981    .bss.pxEnd          heap_4.o
    0x20001a4c        -       0x00000004   Zero   RW          866    .bss.pxOverflowDelayedTaskList  tasks.o
    0x20001a50        -       0x00000004   Zero   RW          918    .bss.pxOverflowTimerList  timers.o
    0x20001a54        -       0x00000064   Zero   RW          849    .bss.pxReadyTasksLists  tasks.o
    0x20001ab8        -       0x00000004   Zero   RW          362    .bss.qAttitude      freertos_objects.o
    0x20001abc        -       0x00000004   Zero   RW          363    .bss.qGnss          freertos_objects.o
    0x20001ac0        -       0x00000004   Zero   RW          364    .bss.qMqttPublish   freertos_objects.o
    0x20001ac4        -       0x00005000   Zero   RW          987    .bss.ucHeap         heap_4.o
    0x20006ac4        -       0x00000004   Zero   RW          855    .bss.uxCurrentNumberOfTasks  tasks.o
    0x20006ac8        -       0x00000004   Zero   RW          854    .bss.uxDeletedTasksWaitingCleanUp  tasks.o
    0x20006acc        -       0x00000004   Zero   RW          858    .bss.uxSchedulerSuspended  tasks.o
    0x20006ad0        -       0x00000004   Zero   RW          851    .bss.uxTaskNumber   tasks.o
    0x20006ad4        -       0x00000004   Zero   RW          850    .bss.uxTopReadyPriority  tasks.o
    0x20006ad8        -       0x00000014   Zero   RW          920    .bss.xActiveTimerList1  timers.o
    0x20006aec        -       0x00000014   Zero   RW          921    .bss.xActiveTimerList2  timers.o
    0x20006b00        -       0x00000014   Zero   RW          868    .bss.xDelayedTaskList1  tasks.o
    0x20006b14        -       0x00000014   Zero   RW          869    .bss.xDelayedTaskList2  tasks.o
    0x20006b28        -       0x00000004   Zero   RW          982    .bss.xFreeBytesRemaining  heap_4.o
    0x20006b2c        -       0x00000004   Zero   RW          862    .bss.xIdleTaskHandles  tasks.o
    0x20006b30        -       0x00000004   Zero   RW          984    .bss.xMinimumEverFreeBytesRemaining  heap_4.o
    0x20006b34        -       0x00000004   Zero   RW          861    .bss.xNextTaskUnblockTime  tasks.o
    0x20006b38        -       0x00000004   Zero   RW          867    .bss.xNumOfOverflows  tasks.o
    0x20006b3c        -       0x00000004   Zero   RW          985    .bss.xNumberOfSuccessfulAllocations  heap_4.o
    0x20006b40        -       0x00000004   Zero   RW          986    .bss.xNumberOfSuccessfulFrees  heap_4.o
    0x20006b44        -       0x00000004   Zero   RW          864    .bss.xPendedTicks   tasks.o
    0x20006b48        -       0x00000014   Zero   RW          860    .bss.xPendingReadyList  tasks.o
    0x20006b5c        -       0x00000040   Zero   RW          705    .bss.xQueueRegistry  queue.o
    0x20006b9c        -       0x00000004   Zero   RW          852    .bss.xSchedulerRunning  tasks.o
    0x20006ba0        -       0x00000008   Zero   RW          983    .bss.xStart         heap_4.o
    0x20006ba8        -       0x00000014   Zero   RW          857    .bss.xSuspendedTaskList  tasks.o
    0x20006bbc        -       0x00000014   Zero   RW          853    .bss.xTasksWaitingTermination  tasks.o
    0x20006bd0        -       0x00000004   Zero   RW          856    .bss.xTickCount     tasks.o
    0x20006bd4        -       0x00000004   Zero   RW          915    .bss.xTimerQueue    timers.o
    0x20006bd8        -       0x00000004   Zero   RW          916    .bss.xTimerTaskHandle  timers.o
    0x20006bdc        -       0x00000004   Zero   RW          859    .bss.xYieldPendings  tasks.o
    0x20006be0        -       0x00000200   Zero   RW            2    HEAP                startup_stm32f411xe.o
    0x20006de0        -       0x00000400   Zero   RW            1    STACK               startup_stm32f411xe.o


==============================================================================

Image component sizes


      Code (inc. data)   RO Data    RW Data    ZI Data      Debug   Object Name

        14          0          0          0          0        339   app_main.o
       114          0          0          0          1       2020   app_status.o
      1156         74         93          0         20       4216   app_tasks.o
       160          0          0          0          0       3020   bsp_debug_uart.o
      3270          0          0          0          0      18612   bsp_i2c_soft.o
       116          0          0          0          0       2563   bsp_led.o
       132          0          0          0          0       1502   debug_log.o
         4          0          0          0          0        444   debug_service.o
       184          0          0          0          0       8035   event_groups.o
        82         36          0          0          0       1152   freertos_hook.o
        96          0          0          0         20        901   freertos_objects.o
       448          0          0          0      20508       5012   heap_4.o
        60          0          0          0          0       2106   imu_service.o
         8          0          0          0          0       1064   led_service.o
       146          0          0          0          0       2058   list.o
        10          0          0          0          0        354   main.o
       170         24          0          0          4       1398   modem_service.o
      9134        468       1100         60       6510      34334   mpu9250_driver.o
       518         16          0          4          0       2862   port.o
      2040          0          0          0         64      18720   queue.o
        64         26        408          0       1536        944   startup_stm32f411xe.o
       194          0          0          0          0       4899   stm32f4xx_gpio.o
        12          0          0          0          0        756   stm32f4xx_it.o
       212          4         16          0          0      12645   stm32f4xx_rcc.o
       220          0          0          0          0       8799   stm32f4xx_usart.o
       242          0          0          4          0       3501   system_stm32f4xx.o
      3820          0          4          0        260      27011   tasks.o
       184         20         91          0          0       1536   telemetry_service.o
       902         26          0          0         60      11113   timers.o

    ----------------------------------------------------------------------
     23820        694       1744         68      28984     181916   Object Totals
         0          0         32          0          0          0   (incl. Generated)
       108          0          0          0          1          0   (incl. Padding)

    ----------------------------------------------------------------------

      Code (inc. data)   RO Data    RW Data    ZI Data      Debug   Library Member Name

        64          6          0          0          0         84   __2snprintf.o
         8          0          0          0          0         68   __main.o
       392          4         17          0          0         92   __printf_flags_ss_wp.o
        14          0          0          0          0         68   __printf_wp.o
         0          0          0          0          0          0   __rtentry.o
        12          0          0          0          0          0   __rtentry2.o
         6          0          0          0          0          0   __rtentry4.o
        94          8          0          0          0          0   __scatter.o
        26          0          0          0          0          0   __scatter_copy.o
        28          0          0          0          0          0   __scatter_zi.o
        72          0          0          0          0         96   _c16rtomb.o
         6          0          0          0          0          0   _printf_a.o
         6          0          0          0          0          0   _printf_c.o
        44          0          0          0          0        108   _printf_char.o
        48          6          0          0          0         96   _printf_char_common.o
        40          0          0          0          0         68   _printf_charcount.o
         6          0          0          0          0          0   _printf_d.o
       120         16          0          0          0         92   _printf_dec.o
         6          0          0          0          0          0   _printf_e.o
         6          0          0          0          0          0   _printf_f.o
      1052          0          0          0          0        148   _printf_fp_dec.o
       764          8         38          0          0        100   _printf_fp_hex.o
       128         16          0          0          0         84   _printf_fp_infnan.o
         6          0          0          0          0          0   _printf_g.o
       148          4         40          0          0        160   _printf_hex_int_ll_ptr.o
         6          0          0          0          0          0   _printf_i.o
       178          0          0          0          0         88   _printf_intcommon.o
        10          0          0          0          0          0   _printf_l.o
         6          0          0          0          0          0   _printf_lc.o
        10          0          0          0          0          0   _printf_ll.o
         6          0          0          0          0          0   _printf_lld.o
         6          0          0          0          0          0   _printf_lli.o
         6          0          0          0          0          0   _printf_llo.o
         6          0          0          0          0          0   _printf_llu.o
         6          0          0          0          0          0   _printf_llx.o
       124         16          0          0          0         92   _printf_longlong_dec.o
         6          0          0          0          0          0   _printf_ls.o
         6          0          0          0          0          0   _printf_n.o
         6          0          0          0          0          0   _printf_o.o
       112          8          0          0          0        124   _printf_oct_int_ll.o
         6          0          0          0          0          0   _printf_p.o
        78          0          0          0          0        108   _printf_pad.o
         0          0          0          0          0          0   _printf_percent.o
         4          0          0          0          0          0   _printf_percent_end.o
         6          0          0          0          0          0   _printf_s.o
        82          0          0          0          0         80   _printf_str.o
        36          0          0          0          0         84   _printf_truncate.o
         6          0          0          0          0          0   _printf_u.o
        44          0          0          0          0        108   _printf_wchar.o
       188          6          8          0          0         92   _printf_wctomb.o
         6          0          0          0          0          0   _printf_x.o
        22          0          0          0          0        100   _rserrno.o
        16          0          0          0          0         68   _snputc.o
        16          0          0          0          0         68   aeabi_memset4.o
       228          4        148          0          0         96   bigflt0.o
      1936        128          0          0          0        668   btod.o
        18          0          0          0          0         80   exit.o
         6          0          0          0          0        152   heapauxi.o
         0          0          0          0          0          0   indicate_semi.o
        44         10        272          0          0         76   lc_ctype_c.o
        44         10         28          0          0         76   lc_numeric_c.o
         2          0          0          0          0          0   libinit.o
        34          0          0          0          0          0   libinit2.o
         2          0          0          0          0          0   libshutdown.o
         2          0          0          0          0          0   libshutdown2.o
         8          4          0          0         96         68   libspace.o
       138          0          0          0          0         80   lludiv10.o
        16          4          0          0          0         76   rt_ctype_table.o
         8          4          0          0          0         68   rt_errno_addr_intlibspace.o
         8          4          0          0          0         68   rt_locale_intlibspace.o
        68          0          0          0          0         68   rt_memclr.o
        78          0          0          0          0         80   rt_memclr_w.o
       138          0          0          0          0         68   rt_memcpy_v6.o
       100          0          0          0          0         80   rt_memcpy_w.o
         2          0          0          0          0          0   rtexit.o
        10          0          0          0          0          0   rtexit2.o
       124          0          0          0          0         88   strcmpv7em.o
        62          0          0          0          0         76   strlen.o
        12          4          0          0          0         68   sys_exit.o
        74          0          0          0          0         80   sys_stackheap_outer.o
         2          0          0          0          0         68   use_no_semi.o
        60          4          0          0          0         80   vsnprintf.o
       812         16          0          0          0        392   daddsub_clz.o
        38          0          0          0          0        116   dflt_clz.o
       340         12          0          0          0        152   dmul.o
       156          4          0          0          0        140   dnaninf.o
        12          0          0          0          0        116   dretinf.o
        86          4          0          0          0        132   f2d.o
       140          4          0          0          0        132   fnaninf.o
        26          0          0          0          0        116   fpinit.o
         4          0          0          0          0        116   printf1.o
         4          0          0          0          0        116   printf2.o
         0          0          0          0          0          0   usenofp.o
       300         42          0          0          0        176   asinf.o
       684         90          0          0          0        208   atan2f.o
       336         56          0          0          0        136   cosf.o
        48          0          0          0          0        124   fpclassify.o
        38          0          0          0          0        116   fpclassifyf.o
        44         12          0          0          0        464   funder.o
       340         24         32          0          0        160   rredf.o
       400         56          0          0          0        212   sinf.o
       120          0          0          0          0        272   sqrtf.o

    ----------------------------------------------------------------------
     11276        594        588          0         96       7936   Library Totals
        24          0          5          0          0          0   (incl. Padding)

    ----------------------------------------------------------------------

      Code (inc. data)   RO Data    RW Data    ZI Data      Debug   Library Name

      7324        274        551          0         96       4540   c_w.l
      1618         40          0          0          0       1528   fz_wm.l
      2310        280         32          0          0       1868   m_wm.l

    ----------------------------------------------------------------------
     11276        594        588          0         96       7936   Library Totals

    ----------------------------------------------------------------------

==============================================================================


      Code (inc. data)   RO Data    RW Data    ZI Data      Debug   

     35096       1288       2332         68      29080     184684   Grand Totals
     35096       1288       2332         68      29080     184684   ELF Image Totals
     35096       1288       2332         68          0          0   ROM Totals

==============================================================================

    Total RO  Size (Code + RO Data)                37428 (  36.55kB)
    Total RW  Size (RW Data + ZI Data)             29148 (  28.46kB)
    Total ROM Size (Code + RO Data + RW Data)      37496 (  36.62kB)

==============================================================================

