Component: Arm Compiler for Embedded 6.24 Tool: armlink [5f371500]

==============================================================================

Section Cross References

    startup_stm32f411xe.o(STACK) refers (Special) to heapauxi.o(.text) for __use_two_region_memory
    startup_stm32f411xe.o(HEAP) refers (Special) to heapauxi.o(.text) for __use_two_region_memory
    startup_stm32f411xe.o(RESET) refers (Special) to heapauxi.o(.text) for __use_two_region_memory
    startup_stm32f411xe.o(RESET) refers to startup_stm32f411xe.o(STACK) for __initial_sp
    startup_stm32f411xe.o(RESET) refers to startup_stm32f411xe.o(.text) for Reset_Handler
    startup_stm32f411xe.o(RESET) refers to stm32f4xx_it.o(.text.NMI_Handler) for NMI_Handler
    startup_stm32f411xe.o(RESET) refers to stm32f4xx_it.o(.text.HardFault_Handler) for HardFault_Handler
    startup_stm32f411xe.o(RESET) refers to stm32f4xx_it.o(.text.MemManage_Handler) for MemManage_Handler
    startup_stm32f411xe.o(RESET) refers to stm32f4xx_it.o(.text.BusFault_Handler) for BusFault_Handler
    startup_stm32f411xe.o(RESET) refers to stm32f4xx_it.o(.text.UsageFault_Handler) for UsageFault_Handler
    startup_stm32f411xe.o(RESET) refers to port.o(.text.SVC_Handler) for SVC_Handler
    startup_stm32f411xe.o(RESET) refers to stm32f4xx_it.o(.text.DebugMon_Handler) for DebugMon_Handler
    startup_stm32f411xe.o(RESET) refers to port.o(.text.PendSV_Handler) for PendSV_Handler
    startup_stm32f411xe.o(RESET) refers to port.o(.text.SysTick_Handler) for SysTick_Handler
    startup_stm32f411xe.o(.text) refers (Special) to heapauxi.o(.text) for __use_two_region_memory
    startup_stm32f411xe.o(.text) refers to system_stm32f4xx.o(.text.SystemInit) for SystemInit
    startup_stm32f411xe.o(.text) refers to __main.o(!!!main) for __main
    startup_stm32f411xe.o(.text) refers to startup_stm32f411xe.o(HEAP) for Heap_Mem
    startup_stm32f411xe.o(.text) refers to startup_stm32f411xe.o(STACK) for Stack_Mem
    system_stm32f4xx.o(.ARM.exidx.text.SystemInit) refers to system_stm32f4xx.o(.text.SystemInit) for [Anonymous Symbol]
    system_stm32f4xx.o(.text.SystemCoreClockUpdate) refers to system_stm32f4xx.o(.data.SystemCoreClock) for SystemCoreClock
    system_stm32f4xx.o(.text.SystemCoreClockUpdate) refers to system_stm32f4xx.o(.rodata.AHBPrescTable) for AHBPrescTable
    system_stm32f4xx.o(.ARM.exidx.text.SystemCoreClockUpdate) refers to system_stm32f4xx.o(.text.SystemCoreClockUpdate) for [Anonymous Symbol]
    stm32f4xx_gpio.o(.text.GPIO_DeInit) refers to stm32f4xx_gpio.o(.rodata..Lswitch.table.GPIO_DeInit.1) for .Lswitch.table.GPIO_DeInit.1
    stm32f4xx_gpio.o(.text.GPIO_DeInit) refers to stm32f4xx_rcc.o(.text.RCC_AHB1PeriphResetCmd) for RCC_AHB1PeriphResetCmd
    stm32f4xx_gpio.o(.ARM.exidx.text.GPIO_DeInit) refers to stm32f4xx_gpio.o(.text.GPIO_DeInit) for [Anonymous Symbol]
    stm32f4xx_gpio.o(.ARM.exidx.text.GPIO_Init) refers to stm32f4xx_gpio.o(.text.GPIO_Init) for [Anonymous Symbol]
    stm32f4xx_gpio.o(.ARM.exidx.text.GPIO_StructInit) refers to stm32f4xx_gpio.o(.text.GPIO_StructInit) for [Anonymous Symbol]
    stm32f4xx_gpio.o(.ARM.exidx.text.GPIO_PinLockConfig) refers to stm32f4xx_gpio.o(.text.GPIO_PinLockConfig) for [Anonymous Symbol]
    stm32f4xx_gpio.o(.ARM.exidx.text.GPIO_ReadInputDataBit) refers to stm32f4xx_gpio.o(.text.GPIO_ReadInputDataBit) for [Anonymous Symbol]
    stm32f4xx_gpio.o(.ARM.exidx.text.GPIO_ReadInputData) refers to stm32f4xx_gpio.o(.text.GPIO_ReadInputData) for [Anonymous Symbol]
    stm32f4xx_gpio.o(.ARM.exidx.text.GPIO_ReadOutputDataBit) refers to stm32f4xx_gpio.o(.text.GPIO_ReadOutputDataBit) for [Anonymous Symbol]
    stm32f4xx_gpio.o(.ARM.exidx.text.GPIO_ReadOutputData) refers to stm32f4xx_gpio.o(.text.GPIO_ReadOutputData) for [Anonymous Symbol]
    stm32f4xx_gpio.o(.ARM.exidx.text.GPIO_SetBits) refers to stm32f4xx_gpio.o(.text.GPIO_SetBits) for [Anonymous Symbol]
    stm32f4xx_gpio.o(.ARM.exidx.text.GPIO_ResetBits) refers to stm32f4xx_gpio.o(.text.GPIO_ResetBits) for [Anonymous Symbol]
    stm32f4xx_gpio.o(.ARM.exidx.text.GPIO_WriteBit) refers to stm32f4xx_gpio.o(.text.GPIO_WriteBit) for [Anonymous Symbol]
    stm32f4xx_gpio.o(.ARM.exidx.text.GPIO_Write) refers to stm32f4xx_gpio.o(.text.GPIO_Write) for [Anonymous Symbol]
    stm32f4xx_gpio.o(.ARM.exidx.text.GPIO_ToggleBits) refers to stm32f4xx_gpio.o(.text.GPIO_ToggleBits) for [Anonymous Symbol]
    stm32f4xx_gpio.o(.ARM.exidx.text.GPIO_PinAFConfig) refers to stm32f4xx_gpio.o(.text.GPIO_PinAFConfig) for [Anonymous Symbol]
    stm32f4xx_rcc.o(.ARM.exidx.text.RCC_DeInit) refers to stm32f4xx_rcc.o(.text.RCC_DeInit) for [Anonymous Symbol]
    stm32f4xx_rcc.o(.ARM.exidx.text.RCC_HSEConfig) refers to stm32f4xx_rcc.o(.text.RCC_HSEConfig) for [Anonymous Symbol]
    stm32f4xx_rcc.o(.ARM.exidx.text.RCC_WaitForHSEStartUp) refers to stm32f4xx_rcc.o(.text.RCC_WaitForHSEStartUp) for [Anonymous Symbol]
[...]
    [Anonymous Symbol]                       0x20005190   Section        0  heap_4.o(.bss.xNumberOfSuccessfulAllocations)
    xNumberOfSuccessfulFrees                 0x20005194   Data           4  heap_4.o(.bss.xNumberOfSuccessfulFrees)
    [Anonymous Symbol]                       0x20005194   Section        0  heap_4.o(.bss.xNumberOfSuccessfulFrees)
    xPendedTicks                             0x20005198   Data           4  tasks.o(.bss.xPendedTicks)
    [Anonymous Symbol]                       0x20005198   Section        0  tasks.o(.bss.xPendedTicks)
    xPendingReadyList                        0x2000519c   Data          20  tasks.o(.bss.xPendingReadyList)
    [Anonymous Symbol]                       0x2000519c   Section        0  tasks.o(.bss.xPendingReadyList)
    xSchedulerRunning                        0x200051f0   Data           4  tasks.o(.bss.xSchedulerRunning)
    [Anonymous Symbol]                       0x200051f0   Section        0  tasks.o(.bss.xSchedulerRunning)
    xStart                                   0x200051f4   Data           8  heap_4.o(.bss.xStart)
    [Anonymous Symbol]                       0x200051f4   Section        0  heap_4.o(.bss.xStart)
    xSuspendedTaskList                       0x200051fc   Data          20  tasks.o(.bss.xSuspendedTaskList)
    [Anonymous Symbol]                       0x200051fc   Section        0  tasks.o(.bss.xSuspendedTaskList)
    xTasksWaitingTermination                 0x20005210   Data          20  tasks.o(.bss.xTasksWaitingTermination)
    [Anonymous Symbol]                       0x20005210   Section        0  tasks.o(.bss.xTasksWaitingTermination)
    xTickCount                               0x20005224   Data           4  tasks.o(.bss.xTickCount)
    [Anonymous Symbol]                       0x20005224   Section        0  tasks.o(.bss.xTickCount)
    xTimerQueue                              0x20005228   Data           4  timers.o(.bss.xTimerQueue)
    [Anonymous Symbol]                       0x20005228   Section        0  timers.o(.bss.xTimerQueue)
    xTimerTaskHandle                         0x2000522c   Data           4  timers.o(.bss.xTimerTaskHandle)
    [Anonymous Symbol]                       0x2000522c   Section        0  timers.o(.bss.xTimerTaskHandle)
    xYieldPendings                           0x20005230   Data           4  tasks.o(.bss.xYieldPendings)
    [Anonymous Symbol]                       0x20005230   Section        0  tasks.o(.bss.xYieldPendings)
    Heap_Mem                                 0x20005238   Data         512  startup_stm32f411xe.o(HEAP)
    HEAP                                     0x20005238   Section      512  startup_stm32f411xe.o(HEAP)
    Stack_Mem                                0x20005438   Data        1024  startup_stm32f411xe.o(STACK)
    STACK                                    0x20005438   Section     1024  startup_stm32f411xe.o(STACK)
    __initial_sp                             0x20005838   Data           0  startup_stm32f411xe.o(STACK)

    Global Symbols

    Symbol Name                              Value     Ov Type        Size  Object(Section)

    BuildAttributes$$THM_ISAv4$E$P$D$K$B$S$7EM$VFPi3$EXTD16$VFPS$VFMA$PE$A:L22UL41UL21$X:L11$S22US41US21$IEEE1$IW$~IW$USESV6$~STKCKD$USESV7$~SHL$OTIME$ROPI$IEEEJ$EBA8$UX$STANDARDLIB$REQ8$PRES8$EABIv2 0x00000000   Number         0  anon$$obj.o ABSOLUTE
    _printf_flags                            0x00000000   Number         0  printf_stubs.o ABSOLUTE
    _printf_return_value                     0x00000000   Number         0  printf_stubs.o ABSOLUTE
    _printf_sizespec                         0x00000000   Number         0  printf_stubs.o ABSOLUTE
    _printf_widthprec                        0x00000000   Number         0  printf_stubs.o ABSOLUTE
    __ARM_exceptions_init                     - Undefined Weak Reference
    __alloca_initialize                       - Undefined Weak Reference
    __arm_preinit_                            - Undefined Weak Reference
    __arm_relocate_pie_                       - Undefined Weak Reference
    __cpp_initialize__aeabi_                  - Undefined Weak Reference
    __cxa_finalize                            - Undefined Weak Reference
    __sigvec_lookup                           - Undefined Weak Reference
    _atexit_init                              - Undefined Weak Reference
    _call_atexit_fns                          - Undefined Weak Reference
    _clock_init                               - Undefined Weak Reference
    _fp_trap_init                             - Undefined Weak Reference
    _fp_trap_shutdown                         - Undefined Weak Reference
    _get_lc_collate                           - Undefined Weak Reference
    _get_lc_monetary                          - Undefined Weak Reference
    _get_lc_time                              - Undefined Weak Reference
    _getenv_init                              - Undefined Weak Reference
    _handle_redirection                       - Undefined Weak Reference
    _init_alloc                               - Undefined Weak Reference
    _init_user_alloc                          - Undefined Weak Reference
    _initio                                   - Undefined Weak Reference
    _printf_mbtowc                            - Undefined Weak Reference
    _printf_wc                                - Undefined Weak Reference
    _rand_init                                - Undefined Weak Reference
    _signal_finish                            - Undefined Weak Reference
    _signal_init                              - Undefined Weak Reference
    _terminate_alloc                          - Undefined Weak Reference
    _terminate_user_alloc                     - Undefined Weak Reference
    _terminateio                              - Undefined Weak Reference
    __Vectors_Size                           0x00000198   Number         0  startup_stm32f411xe.o ABSOLUTE
    __Vectors                                0x08000000   Data           4  startup_stm32f411xe.o(RESET)
    __Vectors_End                            0x08000198   Data           0  startup_stm32f411xe.o(RESET)
    __main                                   0x08000199   Thumb Code     8  __main.o(!!!main)
    __scatterload                            0x080001a1   Thumb Code     0  __scatter.o(!!!scatter)
    __scatterload_rt2                        0x080001a1   Thumb Code    84  __scatter.o(!!!scatter)
    __scatterload_rt2_thumb_only             0x080001a1   Thumb Code     0  __scatter.o(!!!scatter)
    __scatterload_loop                       0x080001ab   Thumb Code     0  __scatter.o(!!!scatter)
    __scatterload_copy                       0x080001fd   Thumb Code    26  __scatter_copy.o(!!handler_copy)
    __scatterload_null                       0x08000219   Thumb Code     2  __scatter.o(!!handler_null)
    __scatterload_zeroinit                   0x0800021d   Thumb Code    28  __scatter_zi.o(!!handler_zi)
    _printf_n                                0x08000239   Thumb Code     0  _printf_n.o(.ARM.Collect$$_printf_percent$$00000001)
    _printf_percent                          0x08000239   Thumb Code     0  _printf_percent.o(.ARM.Collect$$_printf_percent$$00000000)
    _printf_p                                0x0800023f   Thumb Code     0  _printf_p.o(.ARM.Collect$$_printf_percent$$00000002)
    _printf_f                                0x08000245   Thumb Code     0  _printf_f.o(.ARM.Collect$$_printf_percent$$00000003)
    _printf_e                                0x0800024b   Thumb Code     0  _printf_e.o(.ARM.Collect$$_printf_percent$$00000004)
    _printf_g                                0x08000251   Thumb Code     0  _printf_g.o(.ARM.Collect$$_printf_percent$$00000005)
    _printf_a                                0x08000257   Thumb Code     0  _printf_a.o(.ARM.Collect$$_printf_percent$$00000006)
    _printf_ll                               0x0800025d   Thumb Code     0  _printf_ll.o(.ARM.Collect$$_printf_percent$$00000007)
    _printf_i                                0x08000267   Thumb Code     0  _printf_i.o(.ARM.Collect$$_printf_percent$$00000008)
    _printf_d                                0x0800026d   Thumb Code     0  _printf_d.o(.ARM.Collect$$_printf_percent$$00000009)
    _printf_u                                0x08000273   Thumb Code     0  _printf_u.o(.ARM.Collect$$_printf_percent$$0000000A)
    _printf_o                                0x08000279   Thumb Code     0  _printf_o.o(.ARM.Collect$$_printf_percent$$0000000B)
    _printf_x                                0x0800027f   Thumb Code     0  _printf_x.o(.ARM.Collect$$_printf_percent$$0000000C)
    _printf_lli                              0x08000285   Thumb Code     0  _printf_lli.o(.ARM.Collect$$_printf_percent$$0000000D)
    _printf_lld                              0x0800028b   Thumb Code     0  _printf_lld.o(.ARM.Collect$$_printf_percent$$0000000E)
    _printf_llu                              0x08000291   Thumb Code     0  _printf_llu.o(.ARM.Collect$$_printf_percent$$0000000F)
    _printf_llo                              0x08000297   Thumb Code     0  _printf_llo.o(.ARM.Collect$$_printf_percent$$00000010)
    _printf_llx                              0x0800029d   Thumb Code     0  _printf_llx.o(.ARM.Collect$$_printf_percent$$00000011)
    _printf_l                                0x080002a3   Thumb Code     0  _printf_l.o(.ARM.Collect$$_printf_percent$$00000012)
    _printf_c                                0x080002ad   Thumb Code     0  _printf_c.o(.ARM.Collect$$_printf_percent$$00000013)
    _printf_s                                0x080002b3   Thumb Code     0  _printf_s.o(.ARM.Collect$$_printf_percent$$00000014)
    _printf_lc                               0x080002b9   Thumb Code     0  _printf_lc.o(.ARM.Collect$$_printf_percent$$00000015)
    _printf_ls                               0x080002bf   Thumb Code     0  _printf_ls.o(.ARM.Collect$$_printf_percent$$00000016)
    _printf_percent_end                      0x080002c5   Thumb Code     0  _printf_percent_end.o(.ARM.Collect$$_printf_percent$$00000017)
    __rt_lib_init                            0x080002c9   Thumb Code     0  libinit.o(.ARM.Collect$$libinit$$00000000)
    __rt_lib_init_fp_1                       0x080002cb   Thumb Code     0  libinit2.o(.ARM.Collect$$libinit$$00000001)
    __rt_lib_init_heap_1                     0x080002cf   Thumb Code     0  libinit2.o(.ARM.Collect$$libinit$$0000000C)
    __rt_lib_init_lc_common                  0x080002cf   Thumb Code     0  libinit2.o(.ARM.Collect$$libinit$$00000011)
    __rt_lib_init_preinit_1                  0x080002cf   Thumb Code     0  libinit2.o(.ARM.Collect$$libinit$$00000006)
    __rt_lib_init_rand_1                     0x080002cf   Thumb Code     0  libinit2.o(.ARM.Collect$$libinit$$00000010)
    __rt_lib_init_relocate_pie_1             0x080002cf   Thumb Code     0  libinit2.o(.ARM.Collect$$libinit$$00000004)
    __rt_lib_init_user_alloc_1               0x080002cf   Thumb Code     0  libinit2.o(.ARM.Collect$$libinit$$0000000E)
    __rt_lib_init_lc_collate_1               0x080002d5   Thumb Code     0  libinit2.o(.ARM.Collect$$libinit$$00000013)
    __rt_lib_init_lc_ctype_2                 0x080002d5   Thumb Code     0  libinit2.o(.ARM.Collect$$libinit$$00000014)
    __rt_lib_init_lc_ctype_1                 0x080002e1   Thumb Code     0  libinit2.o(.ARM.Collect$$libinit$$00000015)
    __rt_lib_init_lc_monetary_1              0x080002e1   Thumb Code     0  libinit2.o(.ARM.Collect$$libinit$$00000017)
    __rt_lib_init_lc_numeric_2               0x080002e1   Thumb Code     0  libinit2.o(.ARM.Collect$$libinit$$00000018)
    __rt_lib_init_alloca_1                   0x080002eb   Thumb Code     0  libinit2.o(.ARM.Collect$$libinit$$00000030)
    __rt_lib_init_argv_1                     0x080002eb   Thumb Code     0  libinit2.o(.ARM.Collect$$libinit$$0000002E)
    __rt_lib_init_atexit_1                   0x080002eb   Thumb Code     0  libinit2.o(.ARM.Collect$$libinit$$0000001D)
    __rt_lib_init_clock_1                    0x080002eb   Thumb Code     0  libinit2.o(.ARM.Collect$$libinit$$00000023)
    __rt_lib_init_cpp_1                      0x080002eb   Thumb Code     0  libinit2.o(.ARM.Collect$$libinit$$00000034)
    __rt_lib_init_exceptions_1               0x080002eb   Thumb Code     0  libinit2.o(.ARM.Collect$$libinit$$00000032)
    __rt_lib_init_fp_trap_1                  0x080002eb   Thumb Code     0  libinit2.o(.ARM.Collect$$libinit$$00000021)
    __rt_lib_init_getenv_1                   0x080002eb   Thumb Code     0  libinit2.o(.ARM.Collect$$libinit$$00000025)
    __rt_lib_init_lc_numeric_1               0x080002eb   Thumb Code     0  libinit2.o(.ARM.Collect$$libinit$$00000019)
    __rt_lib_init_lc_time_1                  0x080002eb   Thumb Code     0  libinit2.o(.ARM.Collect$$libinit$$0000001B)
    __rt_lib_init_return                     0x080002eb   Thumb Code     0  libinit2.o(.ARM.Collect$$libinit$$00000035)
    __rt_lib_init_signal_1                   0x080002eb   Thumb Code     0  libinit2.o(.ARM.Collect$$libinit$$0000001F)
    __rt_lib_init_stdio_1                    0x080002eb   Thumb Code     0  libinit2.o(.ARM.Collect$$libinit$$00000027)
    __rt_lib_shutdown                        0x080002ed   Thumb Code     0  libshutdown.o(.ARM.Collect$$libshutdown$$00000000)
    __rt_lib_shutdown_cpp_1                  0x080002ef   Thumb Code     0  libshutdown2.o(.ARM.Collect$$libshutdown$$00000002)
    __rt_lib_shutdown_fp_trap_1              0x080002ef   Thumb Code     0  libshutdown2.o(.ARM.Collect$$libshutdown$$00000007)
    __rt_lib_shutdown_heap_1                 0x080002ef   Thumb Code     0  libshutdown2.o(.ARM.Collect$$libshutdown$$0000000F)
    __rt_lib_shutdown_return                 0x080002ef   Thumb Code     0  libshutdown2.o(.ARM.Collect$$libshutdown$$00000010)
    __rt_lib_shutdown_signal_1               0x080002ef   Thumb Code     0  libshutdown2.o(.ARM.Collect$$libshutdown$$0000000A)
    __rt_lib_shutdown_stdio_1                0x080002ef   Thumb Code     0  libshutdown2.o(.ARM.Collect$$libshutdown$$00000004)
    __rt_lib_shutdown_user_alloc_1           0x080002ef   Thumb Code     0  libshutdown2.o(.ARM.Collect$$libshutdown$$0000000C)
    __rt_entry                               0x080002f1   Thumb Code     0  __rtentry.o(.ARM.Collect$$rtentry$$00000000)
    __rt_entry_presh_1                       0x080002f1   Thumb Code     0  __rtentry2.o(.ARM.Collect$$rtentry$$00000002)
    __rt_entry_sh                            0x080002f1   Thumb Code     0  __rtentry4.o(.ARM.Collect$$rtentry$$00000004)
    __rt_entry_li                            0x080002f7   Thumb Code     0  __rtentry2.o(.ARM.Collect$$rtentry$$0000000A)
    __rt_entry_postsh_1                      0x080002f7   Thumb Code     0  __rtentry2.o(.ARM.Collect$$rtentry$$00000009)
    __rt_entry_main                          0x080002fb   Thumb Code     0  __rtentry2.o(.ARM.Collect$$rtentry$$0000000D)
    __rt_entry_postli_1                      0x080002fb   Thumb Code     0  __rtentry2.o(.ARM.Collect$$rtentry$$0000000C)
    __rt_exit                                0x08000303   Thumb Code     0  rtexit.o(.ARM.Collect$$rtexit$$00000000)
    __rt_exit_ls                             0x08000305   Thumb Code     0  rtexit2.o(.ARM.Collect$$rtexit$$00000003)
    __rt_exit_prels_1                        0x08000305   Thumb Code     0  rtexit2.o(.ARM.Collect$$rtexit$$00000002)
    __rt_exit_exit                           0x08000309   Thumb Code     0  rtexit2.o(.ARM.Collect$$rtexit$$00000004)
    Reset_Handler                            0x08000311   Thumb Code     8  startup_stm32f411xe.o(.text)
    ADC_IRQHandler                           0x0800032b   Thumb Code     0  startup_stm32f411xe.o(.text)
    DMA1_Stream0_IRQHandler                  0x0800032b   Thumb Code     0  startup_stm32f411xe.o(.text)
    DMA1_Stream1_IRQHandler                  0x0800032b   Thumb Code     0  startup_stm32f411xe.o(.text)
    DMA1_Stream2_IRQHandler                  0x0800032b   Thumb Code     0  startup_stm32f411xe.o(.text)
    DMA1_Stream3_IRQHandler                  0x0800032b   Thumb Code     0  startup_stm32f411xe.o(.text)
    DMA1_Stream4_IRQHandler                  0x0800032b   Thumb Code     0  startup_stm32f411xe.o(.text)
    DMA1_Stream5_IRQHandler                  0x0800032b   Thumb Code     0  startup_stm32f411xe.o(.text)
    DMA1_Stream6_IRQHandler                  0x0800032b   Thumb Code     0  startup_stm32f411xe.o(.text)
    DMA1_Stream7_IRQHandler                  0x0800032b   Thumb Code     0  startup_stm32f411xe.o(.text)
    DMA2_Stream0_IRQHandler                  0x0800032b   Thumb Code     0  startup_stm32f411xe.o(.text)
    DMA2_Stream1_IRQHandler                  0x0800032b   Thumb Code     0  startup_stm32f411xe.o(.text)
    DMA2_Stream2_IRQHandler                  0x0800032b   Thumb Code     0  startup_stm32f411xe.o(.text)
    DMA2_Stream3_IRQHandler                  0x0800032b   Thumb Code     0  startup_stm32f411xe.o(.text)
    DMA2_Stream4_IRQHandler                  0x0800032b   Thumb Code     0  startup_stm32f411xe.o(.text)
    DMA2_Stream5_IRQHandler                  0x0800032b   Thumb Code     0  startup_stm32f411xe.o(.text)
    DMA2_Stream6_IRQHandler                  0x0800032b   Thumb Code     0  startup_stm32f411xe.o(.text)
    DMA2_Stream7_IRQHandler                  0x0800032b   Thumb Code     0  startup_stm32f411xe.o(.text)
    EXTI0_IRQHandler                         0x0800032b   Thumb Code     0  startup_stm32f411xe.o(.text)
    EXTI15_10_IRQHandler                     0x0800032b   Thumb Code     0  startup_stm32f411xe.o(.text)
    EXTI1_IRQHandler                         0x0800032b   Thumb Code     0  startup_stm32f411xe.o(.text)
    EXTI2_IRQHandler                         0x0800032b   Thumb Code     0  startup_stm32f411xe.o(.text)
    EXTI3_IRQHandler                         0x0800032b   Thumb Code     0  startup_stm32f411xe.o(.text)
    EXTI4_IRQHandler                         0x0800032b   Thumb Code     0  startup_stm32f411xe.o(.text)
    EXTI9_5_IRQHandler                       0x0800032b   Thumb Code     0  startup_stm32f411xe.o(.text)
    FLASH_IRQHandler                         0x0800032b   Thumb Code     0  startup_stm32f411xe.o(.text)
    FPU_IRQHandler                           0x0800032b   Thumb Code     0  startup_stm32f411xe.o(.text)
    I2C1_ER_IRQHandler                       0x0800032b   Thumb Code     0  startup_stm32f411xe.o(.text)
    I2C1_EV_IRQHandler                       0x0800032b   Thumb Code     0  startup_stm32f411xe.o(.text)
    I2C2_ER_IRQHandler                       0x0800032b   Thumb Code     0  startup_stm32f411xe.o(.text)
    I2C2_EV_IRQHandler                       0x0800032b   Thumb Code     0  startup_stm32f411xe.o(.text)
    I2C3_ER_IRQHandler                       0x0800032b   Thumb Code     0  startup_stm32f411xe.o(.text)
    I2C3_EV_IRQHandler                       0x0800032b   Thumb Code     0  startup_stm32f411xe.o(.text)
    OTG_FS_IRQHandler                        0x0800032b   Thumb Code     0  startup_stm32f411xe.o(.text)
    OTG_FS_WKUP_IRQHandler                   0x0800032b   Thumb Code     0  startup_stm32f411xe.o(.text)
    PVD_IRQHandler                           0x0800032b   Thumb Code     0  startup_stm32f411xe.o(.text)
    RCC_IRQHandler                           0x0800032b   Thumb Code     0  startup_stm32f411xe.o(.text)
    RTC_Alarm_IRQHandler                     0x0800032b   Thumb Code     0  startup_stm32f411xe.o(.text)
    RTC_WKUP_IRQHandler                      0x0800032b   Thumb Code     0  startup_stm32f411xe.o(.text)
    SDIO_IRQHandler                          0x0800032b   Thumb Code     0  startup_stm32f411xe.o(.text)
    SPI1_IRQHandler                          0x0800032b   Thumb Code     0  startup_stm32f411xe.o(.text)
    SPI2_IRQHandler                          0x0800032b   Thumb Code     0  startup_stm32f411xe.o(.text)
    SPI3_IRQHandler                          0x0800032b   Thumb Code     0  startup_stm32f411xe.o(.text)
    SPI4_IRQHandler                          0x0800032b   Thumb Code     0  startup_stm32f411xe.o(.text)
    SPI5_IRQHandler                          0x0800032b   Thumb Code     0  startup_stm32f411xe.o(.text)
    TAMP_STAMP_IRQHandler                    0x0800032b   Thumb Code     0  startup_stm32f411xe.o(.text)
    TIM1_BRK_TIM9_IRQHandler                 0x0800032b   Thumb Code     0  startup_stm32f411xe.o(.text)
    TIM1_CC_IRQHandler                       0x0800032b   Thumb Code     0  startup_stm32f411xe.o(.text)
    TIM1_TRG_COM_TIM11_IRQHandler            0x0800032b   Thumb Code     0  startup_stm32f411xe.o(.text)
    TIM1_UP_TIM10_IRQHandler                 0x0800032b   Thumb Code     0  startup_stm32f411xe.o(.text)
    TIM2_IRQHandler                          0x0800032b   Thumb Code     0  startup_stm32f411xe.o(.text)
    TIM3_IRQHandler                          0x0800032b   Thumb Code     0  startup_stm32f411xe.o(.text)
    TIM4_IRQHandler                          0x0800032b   Thumb Code     0  startup_stm32f411xe.o(.text)
    TIM5_IRQHandler                          0x0800032b   Thumb Code     0  startup_stm32f411xe.o(.text)
    USART1_IRQHandler                        0x0800032b   Thumb Code     0  startup_stm32f411xe.o(.text)
    USART2_IRQHandler                        0x0800032b   Thumb Code     0  startup_stm32f411xe.o(.text)
    USART6_IRQHandler                        0x0800032b   Thumb Code     0  startup_stm32f411xe.o(.text)
    WWDG_IRQHandler                          0x0800032b   Thumb Code     0  startup_stm32f411xe.o(.text)
    __user_initial_stackheap                 0x0800032d   Thumb Code     0  startup_stm32f411xe.o(.text)
    vsnprintf                                0x08000351   Thumb Code    56  vsnprintf.o(.text)
    __2snprintf                              0x0800038d   Thumb Code    58  __2snprintf.o(.text)
    __printf                                 0x080003cd   Thumb Code   388  __printf_flags_ss_wp.o(.text)
    strlen                                   0x08000555   Thumb Code    62  strlen.o(.text)
    __aeabi_memcpy                           0x08000593   Thumb Code     0  rt_memcpy_v6.o(.text)
    __rt_memcpy                              0x08000593   Thumb Code   138  rt_memcpy_v6.o(.text)
    _memcpy_lastbytes                        0x080005f9   Thumb Code     0  rt_memcpy_v6.o(.text)
    __aeabi_memset4                          0x0800061d   Thumb Code    16  aeabi_memset4.o(.text)
    __aeabi_memset8                          0x0800061d   Thumb Code     0  aeabi_memset4.o(.text)
    __aeabi_memclr                           0x0800062d   Thumb Code     0  rt_memclr.o(.text)
    __rt_memclr                              0x0800062d   Thumb Code     0  rt_memclr.o(.text)
    _memset                                  0x08000631   Thumb Code    64  rt_memclr.o(.text)
    __aeabi_memclr4                          0x08000671   Thumb Code     0  rt_memclr_w.o(.text)
    __aeabi_memclr8                          0x08000671   Thumb Code     0  rt_memclr_w.o(.text)
    __rt_memclr_w                            0x08000671   Thumb Code     0  rt_memclr_w.o(.text)
    _memset_w                                0x08000675   Thumb Code    74  rt_memclr_w.o(.text)
    __use_two_region_memory                  0x080006bf   Thumb Code     2  heapauxi.o(.text)
    __rt_heap_escrow$2region                 0x080006c1   Thumb Code     2  heapauxi.o(.text)
    __rt_heap_expand$2region                 0x080006c3   Thumb Code     2  heapauxi.o(.text)
    _printf_pre_padding                      0x080006c5   Thumb Code    44  _printf_pad.o(.text)
    _printf_post_padding                     0x080006f1   Thumb Code    34  _printf_pad.o(.text)
    _printf_truncate_signed                  0x08000713   Thumb Code    18  _printf_truncate.o(.text)
    _printf_truncate_unsigned                0x08000725   Thumb Code    18  _printf_truncate.o(.text)
    _printf_str                              0x08000737   Thumb Code    82  _printf_str.o(.text)
    _printf_int_dec                          0x08000789   Thumb Code   104  _printf_dec.o(.text)
    _printf_charcount                        0x08000801   Thumb Code    40  _printf_charcount.o(.text)
    _printf_fp_dec_real                      0x080009d9   Thumb Code   620  _printf_fp_dec.o(.text)
    _printf_char_common                      0x08000c4f   Thumb Code    32  _printf_char_common.o(.text)
    _snputc                                  0x08000c75   Thumb Code    16  _snputc.o(.text)
    _printf_wctomb                           0x08000c85   Thumb Code   182  _printf_wctomb.o(.text)
    _printf_longlong_dec                     0x08000d41   Thumb Code   108  _printf_longlong_dec.o(.text)
    _printf_longlong_oct                     0x08000dbd   Thumb Code    68  _printf_oct_int_ll.o(.text)
    _printf_int_oct                          0x08000e01   Thumb Code    24  _printf_oct_int_ll.o(.text)
    _printf_ll_oct                           0x08000e19   Thumb Code    12  _printf_oct_int_ll.o(.text)
    _printf_longlong_hex                     0x08000e2d   Thumb Code    86  _printf_hex_int_ll_ptr.o(.text)
    _printf_int_hex                          0x08000e83   Thumb Code    28  _printf_hex_int_ll_ptr.o(.text)
    _printf_ll_hex                           0x08000e9f   Thumb Code    12  _printf_hex_int_ll_ptr.o(.text)
    _printf_hex_ptr                          0x08000eab   Thumb Code    18  _printf_hex_int_ll_ptr.o(.text)
    __aeabi_memcpy4                          0x08000ec1   Thumb Code     0  rt_memcpy_w.o(.text)
    __aeabi_memcpy8                          0x08000ec1   Thumb Code     0  rt_memcpy_w.o(.text)
    __rt_memcpy_w                            0x08000ec1   Thumb Code   100  rt_memcpy_w.o(.text)
    _memcpy_lastbytes_aligned                0x08000f09   Thumb Code     0  rt_memcpy_w.o(.text)
    __rt_locale                              0x08000f25   Thumb Code     8  rt_locale_intlibspace.o(.text)
    _ll_udiv10                               0x08000f2d   Thumb Code   138  lludiv10.o(.text)
    _printf_int_common                       0x08000fb7   Thumb Code   178  _printf_intcommon.o(.text)
    _printf_fp_hex_real                      0x08001069   Thumb Code   756  _printf_fp_hex.o(.text)
    _printf_fp_infnan                        0x08001365   Thumb Code   112  _printf_fp_infnan.o(.text)
    _printf_cs_common                        0x080013e5   Thumb Code    20  _printf_char.o(.text)
    _printf_char                             0x080013f9   Thumb Code    16  _printf_char.o(.text)
    _printf_string                           0x08001409   Thumb Code     8  _printf_char.o(.text)
    _printf_lcs_common                       0x08001411   Thumb Code    20  _printf_wchar.o(.text)
    _printf_wchar                            0x08001425   Thumb Code    16  _printf_wchar.o(.text)
    _printf_wstring                          0x08001435   Thumb Code     8  _printf_wchar.o(.text)
    _btod_etento                             0x0800143d   Thumb Code   224  bigflt0.o(.text)
    _c16rtomb                                0x08001521   Thumb Code    72  _c16rtomb.o(.text)
    _wcrtomb                                 0x08001521   Thumb Code     0  _c16rtomb.o(.text)
    __user_libspace                          0x08001569   Thumb Code     8  libspace.o(.text)
    __user_perproc_libspace                  0x08001569   Thumb Code     0  libspace.o(.text)
    __user_perthread_libspace                0x08001569   Thumb Code     0  libspace.o(.text)
    __user_setup_stackheap                   0x08001571   Thumb Code    74  sys_stackheap_outer.o(.text)
    __rt_ctype_table                         0x080015bd   Thumb Code    16  rt_ctype_table.o(.text)
    exit                                     0x080015cd   Thumb Code    18  exit.o(.text)
    strcmp                                   0x080015e1   Thumb Code   124  strcmpv7em.o(.text)
    _sys_exit                                0x0800165d   Thumb Code     8  sys_exit.o(.text)
    __I$use$semihosting                      0x08001669   Thumb Code     0  use_no_semi.o(.text)
    __use_no_semihosting_swi                 0x08001669   Thumb Code     2  use_no_semi.o(.text)
    __semihosting_library_function           0x0800166b   Thumb Code     0  indicate_semi.o(.text)
    APP_Main                                 0x0800166d   Thumb Code    14  app_main.o(.text.APP_Main)
    APP_TasksCreate                          0x0800167d   Thumb Code   180  app_tasks.o(.text.APP_TasksCreate)
    AppStatus_Clear                          0x08001769   Thumb Code    26  app_status.o(.text.AppStatus_Clear)
    AppStatus_IsSet                          0x08001785   Thumb Code    38  app_status.o(.text.AppStatus_IsSet)
    AppStatus_Set                            0x080017ad   Thumb Code    26  app_status.o(.text.AppStatus_Set)
    BSP_DebugUart_Init                       0x080017c9   Thumb Code   110  bsp_debug_uart.o(.text.BSP_DebugUart_Init)
    BSP_DebugUart_SendString                 0x08001839   Thumb Code    50  bsp_debug_uart.o(.text.BSP_DebugUart_SendString)
    BSP_I2C_Soft_Init                        0x0800186d   Thumb Code    90  bsp_i2c_soft.o(.text.BSP_I2C_Soft_Init)
    BSP_I2C_Soft_RecoverBus                  0x080018c9   Thumb Code   260  bsp_i2c_soft.o(.text.BSP_I2C_Soft_RecoverBus)
    BSP_LED_Init                             0x080019cd   Thumb Code    68  bsp_led.o(.text.BSP_LED_Init)
    BSP_LED_Toggle                           0x08001a11   Thumb Code    24  bsp_led.o(.text.BSP_LED_Toggle)
    BusFault_Handler                         0x08001a29   Thumb Code     2  stm32f4xx_it.o(.text.BusFault_Handler)
    DebugMon_Handler                         0x08001a2d   Thumb Code     2  stm32f4xx_it.o(.text.DebugMon_Handler)
    Debug_Print                              0x08001a31   Thumb Code    54  debug_log.o(.text.Debug_Print)
    Debug_Printf                             0x08001a69   Thumb Code    78  debug_log.o(.text.Debug_Printf)
    FreeRTOS_ObjectsCreate                   0x08001ab9   Thumb Code    96  freertos_objects.o(.text.FreeRTOS_ObjectsCreate)
    GPIO_Init                                0x08001b19   Thumb Code   138  stm32f4xx_gpio.o(.text.GPIO_Init)
    GPIO_PinAFConfig                         0x08001ba5   Thumb Code    40  stm32f4xx_gpio.o(.text.GPIO_PinAFConfig)
    GPIO_ResetBits                           0x08001bcd   Thumb Code     6  stm32f4xx_gpio.o(.text.GPIO_ResetBits)
    GPIO_WriteBit                            0x08001bd5   Thumb Code    10  stm32f4xx_gpio.o(.text.GPIO_WriteBit)
    HardFault_Handler                        0x08001be1   Thumb Code     2  stm32f4xx_it.o(.text.HardFault_Handler)
    I2C_ReadByte                             0x08001be5   Thumb Code   340  bsp_i2c_soft.o(.text.I2C_ReadByte)
    I2C_ReadReg                              0x08001d39   Thumb Code    28  bsp_i2c_soft.o(.text.I2C_ReadReg)
    I2C_ReadRegData                          0x08001d55   Thumb Code    16  bsp_i2c_soft.o(.text.I2C_ReadRegData)
    I2C_ReadRegs                             0x08001d65   Thumb Code  1274  bsp_i2c_soft.o(.text.I2C_ReadRegs)
    I2C_WriteReg                             0x08002261   Thumb Code    22  bsp_i2c_soft.o(.text.I2C_WriteReg)
    I2C_WriteRegs                            0x08002279   Thumb Code  1240  bsp_i2c_soft.o(.text.I2C_WriteRegs)
    ImuService_BuildSimAttitude              0x08002751   Thumb Code   104  imu_service.o(.text.ImuService_BuildSimAttitude)
    ImuService_Init                          0x080027c1   Thumb Code    36  imu_service.o(.text.ImuService_Init)
    MPU9250_Driver_Init                      0x08002955   Thumb Code   368  mpu9250_driver.o(.text.MPU9250_Driver_Init)
    MPU9250_ReadAxis                         0x08002b4d   Thumb Code   184  mpu9250_driver.o(.text.MPU9250_ReadAxis)
    MemManage_Handler                        0x08002c05   Thumb Code     2  stm32f4xx_it.o(.text.MemManage_Handler)
    ModemService_BuildSimGnss                0x08002c09   Thumb Code   144  modem_service.o(.text.ModemService_BuildSimGnss)
    ModemService_Publish                     0x08002cb1   Thumb Code    20  modem_service.o(.text.ModemService_Publish)
    NMI_Handler                              0x08002d6d   Thumb Code     2  stm32f4xx_it.o(.text.NMI_Handler)
    PendSV_Handler                           0x08002d71   Thumb Code    96  port.o(.text.PendSV_Handler)
    RCC_AHB1PeriphClockCmd                   0x08002dd1   Thumb Code    24  stm32f4xx_rcc.o(.text.RCC_AHB1PeriphClockCmd)
    RCC_APB2PeriphClockCmd                   0x08002de9   Thumb Code    24  stm32f4xx_rcc.o(.text.RCC_APB2PeriphClockCmd)
    RCC_GetClocksFreq                        0x08002e01   Thumb Code   164  stm32f4xx_rcc.o(.text.RCC_GetClocksFreq)
    SVC_Handler                              0x08002ea5   Thumb Code    32  port.o(.text.SVC_Handler)
    SysTick_Handler                          0x08002ec5   Thumb Code    46  port.o(.text.SysTick_Handler)
    SystemInit                               0x08002ef5   Thumb Code   242  system_stm32f4xx.o(.text.SystemInit)
    Telemetry_BuildMqttMsg                   0x080030bd   Thumb Code   136  telemetry_service.o(.text.Telemetry_BuildMqttMsg)
    USART_Cmd                                0x08003195   Thumb Code    20  stm32f4xx_usart.o(.text.USART_Cmd)
    USART_GetFlagStatus                      0x080031a9   Thumb Code    10  stm32f4xx_usart.o(.text.USART_GetFlagStatus)
    USART_Init                               0x080031b5   Thumb Code   182  stm32f4xx_usart.o(.text.USART_Init)
    USART_SendData                           0x0800326d   Thumb Code     8  stm32f4xx_usart.o(.text.USART_SendData)
    UsageFault_Handler                       0x08003275   Thumb Code     2  stm32f4xx_it.o(.text.UsageFault_Handler)
    main                                     0x08003279   Thumb Code    10  main.o(.text.main)
    pvPortMalloc                             0x080037c5   Thumb Code   286  heap_4.o(.text.pvPortMalloc)
    pvTaskIncrementMutexHeldCount            0x080038e5   Thumb Code    24  tasks.o(.text.pvTaskIncrementMutexHeldCount)
    pxPortInitialiseStack                    0x080038fd   Thumb Code    36  port.o(.text.pxPortInitialiseStack)
    uxListRemove                             0x08003921   Thumb Code    34  list.o(.text.uxListRemove)
    vApplicationMallocFailedHook             0x08003945   Thumb Code    18  freertos_hook.o(.text.vApplicationMallocFailedHook)
    vApplicationStackOverflowHook            0x08003959   Thumb Code    18  freertos_hook.o(.text.vApplicationStackOverflowHook)
    vListInitialise                          0x0800396d   Thumb Code    22  list.o(.text.vListInitialise)
    vListInitialiseItem                      0x08003985   Thumb Code     6  list.o(.text.vListInitialiseItem)
    vListInsert                              0x0800398d   Thumb Code    58  list.o(.text.vListInsert)
    vListInsertEnd                           0x080039c9   Thumb Code    26  list.o(.text.vListInsertEnd)
    vPortEnterCritical                       0x080039f9   Thumb Code    32  port.o(.text.vPortEnterCritical)
    vPortExitCritical                        0x08003a19   Thumb Code    26  port.o(.text.vPortExitCritical)
    vPortFree                                0x08003a35   Thumb Code   162  heap_4.o(.text.vPortFree)
    vPortSetupTimerInterrupt                 0x08003ad9   Thumb Code    52  port.o(.text.vPortSetupTimerInterrupt)
    vQueueAddToRegistry                      0x08003b0d   Thumb Code    72  queue.o(.text.vQueueAddToRegistry)
    vQueueWaitForMessageRestricted           0x08003b55   Thumb Code    70  queue.o(.text.vQueueWaitForMessageRestricted)
    vTaskDelay                               0x08003b9d   Thumb Code   182  tasks.o(.text.vTaskDelay)
    vTaskDelete                              0x08003c55   Thumb Code   288  tasks.o(.text.vTaskDelete)
    vTaskInternalSetTimeOutState             0x08003d75   Thumb Code    26  tasks.o(.text.vTaskInternalSetTimeOutState)
    vTaskMissedYield                         0x08003d91   Thumb Code    14  tasks.o(.text.vTaskMissedYield)
    vTaskPlaceOnEventList                    0x08003da1   Thumb Code    32  tasks.o(.text.vTaskPlaceOnEventList)
    vTaskPlaceOnEventListRestricted          0x08003dc1   Thumb Code    84  tasks.o(.text.vTaskPlaceOnEventListRestricted)
    vTaskPriorityDisinheritAfterTimeout      0x08003e15   Thumb Code   154  tasks.o(.text.vTaskPriorityDisinheritAfterTimeout)
    vTaskRemoveFromUnorderedEventList        0x08003eb1   Thumb Code   182  tasks.o(.text.vTaskRemoveFromUnorderedEventList)
    vTaskStartScheduler                      0x08003f69   Thumb Code   148  tasks.o(.text.vTaskStartScheduler)
    vTaskSuspendAll                          0x08003ffd   Thumb Code    16  tasks.o(.text.vTaskSuspendAll)
    vTaskSwitchContext                       0x0800400d   Thumb Code   170  tasks.o(.text.vTaskSwitchContext)
    xEventGroupClearBits                     0x080040b9   Thumb Code    26  event_groups.o(.text.xEventGroupClearBits)
    xEventGroupCreate                        0x080040d5   Thumb Code    34  event_groups.o(.text.xEventGroupCreate)
    xEventGroupSetBits                       0x080040f9   Thumb Code   124  event_groups.o(.text.xEventGroupSetBits)
    xPortStartScheduler                      0x08004175   Thumb Code   104  port.o(.text.xPortStartScheduler)
    xQueueCreateMutex                        0x080041dd   Thumb Code   110  queue.o(.text.xQueueCreateMutex)
    xQueueGenericCreate                      0x0800424d   Thumb Code   128  queue.o(.text.xQueueGenericCreate)
    xQueueGenericSend                        0x080042cd   Thumb Code   422  queue.o(.text.xQueueGenericSend)
    xQueueGiveMutexRecursive                 0x08004475   Thumb Code    46  queue.o(.text.xQueueGiveMutexRecursive)
    xQueuePeek                               0x080044a5   Thumb Code   332  queue.o(.text.xQueuePeek)
    xQueueReceive                            0x080045f1   Thumb Code   332  queue.o(.text.xQueueReceive)
    xQueueSemaphoreTake                      0x0800473d   Thumb Code   372  queue.o(.text.xQueueSemaphoreTake)
    xQueueTakeMutexRecursive                 0x080048b1   Thumb Code    40  queue.o(.text.xQueueTakeMutexRecursive)
    xTaskCheckForTimeOut                     0x080048d9   Thumb Code    96  tasks.o(.text.xTaskCheckForTimeOut)
    xTaskCreate                              0x08004939   Thumb Code   500  tasks.o(.text.xTaskCreate)
    xTaskDelayUntil                          0x08004b2d   Thumb Code   236  tasks.o(.text.xTaskDelayUntil)
    xTaskGetCurrentTaskHandle                0x08004c19   Thumb Code    12  tasks.o(.text.xTaskGetCurrentTaskHandle)
    xTaskGetTickCount                        0x08004c25   Thumb Code    12  tasks.o(.text.xTaskGetTickCount)
    xTaskIncrementTick                       0x08004c31   Thumb Code   406  tasks.o(.text.xTaskIncrementTick)
    xTaskPriorityDisinherit                  0x08004dc9   Thumb Code   152  tasks.o(.text.xTaskPriorityDisinherit)
    xTaskPriorityInherit                     0x08004e61   Thumb Code   192  tasks.o(.text.xTaskPriorityInherit)
    xTaskRemoveFromEventList                 0x08004f21   Thumb Code   208  tasks.o(.text.xTaskRemoveFromEventList)
    xTaskResumeAll                           0x08004ff1   Thumb Code   364  tasks.o(.text.xTaskResumeAll)
    xTimerCreateTimerTask                    0x0800515d   Thumb Code    68  timers.o(.text.xTimerCreateTimerTask)
    _btod_d2e                                0x080051a9   Thumb Code    62  btod.o(CL$$btod_d2e)
    _d2e_denorm_low                          0x080051e7   Thumb Code    70  btod.o(CL$$btod_d2e_denorm_low)
    _d2e_norm_op1                            0x0800522d   Thumb Code    96  btod.o(CL$$btod_d2e_norm_op1)
    __btod_div_common                        0x0800528d   Thumb Code   696  btod.o(CL$$btod_div_common)
    _e2e                                     0x080055c5   Thumb Code   220  btod.o(CL$$btod_e2e)
    _btod_ediv                               0x080056a1   Thumb Code    42  btod.o(CL$$btod_ediv)
    _btod_emul                               0x080056cb   Thumb Code    42  btod.o(CL$$btod_emul)
    __btod_mult_common                       0x080056f5   Thumb Code   580  btod.o(CL$$btod_mult_common)
    __ARM_fpclassify                         0x08005939   Thumb Code    48  fpclassify.o(i.__ARM_fpclassify)
    _is_digit                                0x08005969   Thumb Code    14  __printf_wp.o(i._is_digit)
    _get_lc_numeric                          0x08005979   Thumb Code    44  lc_numeric_c.o(locale$$code)
    _get_lc_ctype                            0x080059a5   Thumb Code    44  lc_ctype_c.o(locale$$code)
    __aeabi_dadd                             0x080059d1   Thumb Code     0  daddsub_clz.o(x$fpl$dadd)
    _dadd                                    0x080059d1   Thumb Code   332  daddsub_clz.o(x$fpl$dadd)
    __aeabi_ui2d                             0x08005b21   Thumb Code     0  dflt_clz.o(x$fpl$dfltu)
    _dfltu                                   0x08005b21   Thumb Code    38  dflt_clz.o(x$fpl$dfltu)
    __aeabi_dmul                             0x08005b49   Thumb Code     0  dmul.o(x$fpl$dmul)
    _dmul                                    0x08005b49   Thumb Code   332  dmul.o(x$fpl$dmul)
    __fpl_dnaninf                            0x08005c9d   Thumb Code   156  dnaninf.o(x$fpl$dnaninf)
    __fpl_dretinf                            0x08005d39   Thumb Code    12  dretinf.o(x$fpl$dretinf)
    __aeabi_dsub                             0x08005d45   Thumb Code     0  daddsub_clz.o(x$fpl$dsub)
    _dsub                                    0x08005d45   Thumb Code   472  daddsub_clz.o(x$fpl$dsub)
    __aeabi_f2d                              0x08005f21   Thumb Code     0  f2d.o(x$fpl$f2d)
    _f2d                                     0x08005f21   Thumb Code    86  f2d.o(x$fpl$f2d)
    __fpl_fnaninf                            0x08005f77   Thumb Code   140  fnaninf.o(x$fpl$fnaninf)
    _fp_init                                 0x08006003   Thumb Code    26  fpinit.o(x$fpl$fpinit)
    __fplib_config_fpu_vfp                   0x0800601b   Thumb Code     0  fpinit.o(x$fpl$fpinit)
    __fplib_config_pureend_doubles           0x0800601b   Thumb Code     0  fpinit.o(x$fpl$fpinit)
    _printf_fp_dec                           0x0800601d   Thumb Code     4  printf1.o(x$fpl$printf1)
    _printf_fp_hex                           0x08006021   Thumb Code     4  printf2.o(x$fpl$printf2)
    __I$use$fp                               0x08006024   Number         0  usenofp.o(x$fpl$usenofp)
    Region$$Table$$Base                      0x0800624c   Number         0  anon$$obj.o(Region$$Table)
    Region$$Table$$Limit                     0x0800626c   Number         0  anon$$obj.o(Region$$Table)
    __ctype                                  0x08006295   Data           0  lc_ctype_c.o(locale$$data)
    SystemCoreClock                          0x20000000   Data           4  system_stm32f4xx.o(.data.SystemCoreClock)
    __libspace_start                         0x20000008   Data          96  libspace.o(.bss)
    __temporary_stack_top$libspace           0x20000068   Data           0  libspace.o(.bss)
    gSystemEventGroup                        0x20000084   Data           4  freertos_objects.o(.bss.gSystemEventGroup)
    mutexUart6log                            0x20000088   Data           4  freertos_objects.o(.bss.mutexUart6log)
    pxCurrentTCB                             0x20000090   Data           4  tasks.o(.bss.pxCurrentTCB)
    qAttitude                                0x2000010c   Data           4  freertos_objects.o(.bss.qAttitude)
    qGnss                                    0x20000110   Data           4  freertos_objects.o(.bss.qGnss)
    qMqttPublish                             0x20000114   Data           4  freertos_objects.o(.bss.qMqttPublish)
    xQueueRegistry                           0x200051b0   Data          64  queue.o(.bss.xQueueRegistry)



==============================================================================

Memory Map of the image

  Image Entry point : 0x08000311

  Load Region LR_1 (Base: 0x08000000, Size: 0x000063a0, Max: 0xffffffff, ABSOLUTE)

    Execution Region ER_RO (Exec base: 0x08000000, Load base: 0x08000000, Size: 0x00006398, Max: 0xffffffff, ABSOLUTE)

    Exec Addr    Load Addr    Size         Type   Attr      Idx    E Section Name        Object

    0x08000000   0x08000000   0x00000198   Data   RO            3    RESET               startup_stm32f411xe.o
    0x08000198   0x08000198   0x00000008   Code   RO          932  * !!!main             c_w.l(__main.o)
    0x080001a0   0x080001a0   0x0000005c   Code   RO         1269    !!!scatter          c_w.l(__scatter.o)
    0x080001fc   0x080001fc   0x0000001a   Code   RO         1273    !!handler_copy      c_w.l(__scatter_copy.o)
    0x08000216   0x08000216   0x00000002   PAD
    0x08000218   0x08000218   0x00000002   Code   RO         1270    !!handler_null      c_w.l(__scatter.o)
    0x0800021a   0x0800021a   0x00000002   PAD
    0x0800021c   0x0800021c   0x0000001c   Code   RO         1275    !!handler_zi        c_w.l(__scatter_zi.o)
    0x08000238   0x08000238   0x00000000   Code   RO          919    .ARM.Collect$$_printf_percent$$00000000  c_w.l(_printf_percent.o)
    0x08000238   0x08000238   0x00000006   Code   RO         1005    .ARM.Collect$$_printf_percent$$00000001  c_w.l(_printf_n.o)
    0x0800023e   0x0800023e   0x00000006   Code   RO         1007    .ARM.Collect$$_printf_percent$$00000002  c_w.l(_printf_p.o)
    0x08000244   0x08000244   0x00000006   Code   RO          918    .ARM.Collect$$_printf_percent$$00000003  c_w.l(_printf_f.o)
    0x0800024a   0x0800024a   0x00000006   Code   RO         1012    .ARM.Collect$$_printf_percent$$00000004  c_w.l(_printf_e.o)
    0x08000250   0x08000250   0x00000006   Code   RO         1013    .ARM.Collect$$_printf_percent$$00000005  c_w.l(_printf_g.o)
    0x08000256   0x08000256   0x00000006   Code   RO         1014    .ARM.Collect$$_printf_percent$$00000006  c_w.l(_printf_a.o)
    0x0800025c   0x0800025c   0x0000000a   Code   RO         1019    .ARM.Collect$$_printf_percent$$00000007  c_w.l(_printf_ll.o)
    0x08000266   0x08000266   0x00000006   Code   RO         1009    .ARM.Collect$$_printf_percent$$00000008  c_w.l(_printf_i.o)
    0x0800026c   0x0800026c   0x00000006   Code   RO         1010    .ARM.Collect$$_printf_percent$$00000009  c_w.l(_printf_d.o)
    0x08000272   0x08000272   0x00000006   Code   RO         1011    .ARM.Collect$$_printf_percent$$0000000A  c_w.l(_printf_u.o)
    0x08000278   0x08000278   0x00000006   Code   RO         1008    .ARM.Collect$$_printf_percent$$0000000B  c_w.l(_printf_o.o)
    0x0800027e   0x0800027e   0x00000006   Code   RO         1006    .ARM.Collect$$_printf_percent$$0000000C  c_w.l(_printf_x.o)
    0x08000284   0x08000284   0x00000006   Code   RO         1016    .ARM.Collect$$_printf_percent$$0000000D  c_w.l(_printf_lli.o)
    0x0800028a   0x0800028a   0x00000006   Code   RO         1017    .ARM.Collect$$_printf_percent$$0000000E  c_w.l(_printf_lld.o)
    0x08000290   0x08000290   0x00000006   Code   RO         1018    .ARM.Collect$$_printf_percent$$0000000F  c_w.l(_printf_llu.o)
    0x08000296   0x08000296   0x00000006   Code   RO         1023    .ARM.Collect$$_printf_percent$$00000010  c_w.l(_printf_llo.o)
    0x0800029c   0x0800029c   0x00000006   Code   RO         1024    .ARM.Collect$$_printf_percent$$00000011  c_w.l(_printf_llx.o)
    0x080002a2   0x080002a2   0x0000000a   Code   RO         1020    .ARM.Collect$$_printf_percent$$00000012  c_w.l(_printf_l.o)
    0x080002ac   0x080002ac   0x00000006   Code   RO         1003    .ARM.Collect$$_printf_percent$$00000013  c_w.l(_printf_c.o)
    0x080002b2   0x080002b2   0x00000006   Code   RO         1004    .ARM.Collect$$_printf_percent$$00000014  c_w.l(_printf_s.o)
    0x080002b8   0x080002b8   0x00000006   Code   RO         1021    .ARM.Collect$$_printf_percent$$00000015  c_w.l(_printf_lc.o)
    0x080002be   0x080002be   0x00000006   Code   RO         1022    .ARM.Collect$$_printf_percent$$00000016  c_w.l(_printf_ls.o)
    0x080002c4   0x080002c4   0x00000004   Code   RO         1015    .ARM.Collect$$_printf_percent$$00000017  c_w.l(_printf_percent_end.o)
    0x080002c8   0x080002c8   0x00000002   Code   RO         1129    .ARM.Collect$$libinit$$00000000  c_w.l(libinit.o)
    0x080002ca   0x080002ca   0x00000004   Code   RO         1130    .ARM.Collect$$libinit$$00000001  c_w.l(libinit2.o)
    0x080002ce   0x080002ce   0x00000000   Code   RO         1133    .ARM.Collect$$libinit$$00000004  c_w.l(libinit2.o)
    0x080002ce   0x080002ce   0x00000000   Code   RO         1135    .ARM.Collect$$libinit$$00000006  c_w.l(libinit2.o)
    0x080002ce   0x080002ce   0x00000000   Code   RO         1138    .ARM.Collect$$libinit$$0000000C  c_w.l(libinit2.o)
    0x080002ce   0x080002ce   0x00000000   Code   RO         1140    .ARM.Collect$$libinit$$0000000E  c_w.l(libinit2.o)
    0x080002ce   0x080002ce   0x00000000   Code   RO         1142    .ARM.Collect$$libinit$$00000010  c_w.l(libinit2.o)
    0x080002ce   0x080002ce   0x00000006   Code   RO         1143    .ARM.Collect$$libinit$$00000011  c_w.l(libinit2.o)
    0x080002d4   0x080002d4   0x00000000   Code   RO         1145    .ARM.Collect$$libinit$$00000013  c_w.l(libinit2.o)
    0x080002d4   0x080002d4   0x0000000c   Code   RO         1146    .ARM.Collect$$libinit$$00000014  c_w.l(libinit2.o)
    0x080002e0   0x080002e0   0x00000000   Code   RO         1147    .ARM.Collect$$libinit$$00000015  c_w.l(libinit2.o)
    0x080002e0   0x080002e0   0x00000000   Code   RO         1149    .ARM.Collect$$libinit$$00000017  c_w.l(libinit2.o)
    0x080002e0   0x080002e0   0x0000000a   Code   RO         1150    .ARM.Collect$$libinit$$00000018  c_w.l(libinit2.o)
    0x080002ea   0x080002ea   0x00000000   Code   RO         1151    .ARM.Collect$$libinit$$00000019  c_w.l(libinit2.o)
    0x080002ea   0x080002ea   0x00000000   Code   RO         1153    .ARM.Collect$$libinit$$0000001B  c_w.l(libinit2.o)
    0x080002ea   0x080002ea   0x00000000   Code   RO         1155    .ARM.Collect$$libinit$$0000001D  c_w.l(libinit2.o)
    0x080002ea   0x080002ea   0x00000000   Code   RO         1157    .ARM.Collect$$libinit$$0000001F  c_w.l(libinit2.o)
    0x080002ea   0x080002ea   0x00000000   Code   RO         1159    .ARM.Collect$$libinit$$00000021  c_w.l(libinit2.o)
    0x080002ea   0x080002ea   0x00000000   Code   RO         1161    .ARM.Collect$$libinit$$00000023  c_w.l(libinit2.o)
    0x080002ea   0x080002ea   0x00000000   Code   RO         1163    .ARM.Collect$$libinit$$00000025  c_w.l(libinit2.o)
    0x080002ea   0x080002ea   0x00000000   Code   RO         1165    .ARM.Collect$$libinit$$00000027  c_w.l(libinit2.o)
    0x080002ea   0x080002ea   0x00000000   Code   RO         1169    .ARM.Collect$$libinit$$0000002E  c_w.l(libinit2.o)
    0x080002ea   0x080002ea   0x00000000   Code   RO         1171    .ARM.Collect$$libinit$$00000030  c_w.l(libinit2.o)
    0x080002ea   0x080002ea   0x00000000   Code   RO         1173    .ARM.Collect$$libinit$$00000032  c_w.l(libinit2.o)
    0x080002ea   0x080002ea   0x00000000   Code   RO         1175    .ARM.Collect$$libinit$$00000034  c_w.l(libinit2.o)
    0x080002ea   0x080002ea   0x00000002   Code   RO         1176    .ARM.Collect$$libinit$$00000035  c_w.l(libinit2.o)
    0x080002ec   0x080002ec   0x00000002   Code   RO         1215    .ARM.Collect$$libshutdown$$00000000  c_w.l(libshutdown.o)
    0x080002ee   0x080002ee   0x00000000   Code   RO         1226    .ARM.Collect$$libshutdown$$00000002  c_w.l(libshutdown2.o)
    0x080002ee   0x080002ee   0x00000000   Code   RO         1228    .ARM.Collect$$libshutdown$$00000004  c_w.l(libshutdown2.o)
    0x080002ee   0x080002ee   0x00000000   Code   RO         1231    .ARM.Collect$$libshutdown$$00000007  c_w.l(libshutdown2.o)
    0x080002ee   0x080002ee   0x00000000   Code   RO         1234    .ARM.Collect$$libshutdown$$0000000A  c_w.l(libshutdown2.o)
    0x080002ee   0x080002ee   0x00000000   Code   RO         1236    .ARM.Collect$$libshutdown$$0000000C  c_w.l(libshutdown2.o)
    0x080002ee   0x080002ee   0x00000000   Code   RO         1239    .ARM.Collect$$libshutdown$$0000000F  c_w.l(libshutdown2.o)
    0x080002ee   0x080002ee   0x00000002   Code   RO         1240    .ARM.Collect$$libshutdown$$00000010  c_w.l(libshutdown2.o)
    0x080002f0   0x080002f0   0x00000000   Code   RO          952    .ARM.Collect$$rtentry$$00000000  c_w.l(__rtentry.o)
    0x080002f0   0x080002f0   0x00000000   Code   RO         1041    .ARM.Collect$$rtentry$$00000002  c_w.l(__rtentry2.o)
    0x080002f0   0x080002f0   0x00000006   Code   RO         1053    .ARM.Collect$$rtentry$$00000004  c_w.l(__rtentry4.o)
    0x080002f6   0x080002f6   0x00000000   Code   RO         1043    .ARM.Collect$$rtentry$$00000009  c_w.l(__rtentry2.o)
    0x080002f6   0x080002f6   0x00000004   Code   RO         1044    .ARM.Collect$$rtentry$$0000000A  c_w.l(__rtentry2.o)
    0x080002fa   0x080002fa   0x00000000   Code   RO         1046    .ARM.Collect$$rtentry$$0000000C  c_w.l(__rtentry2.o)
    0x080002fa   0x080002fa   0x00000008   Code   RO         1047    .ARM.Collect$$rtentry$$0000000D  c_w.l(__rtentry2.o)
    0x08000302   0x08000302   0x00000002   Code   RO         1177    .ARM.Collect$$rtexit$$00000000  c_w.l(rtexit.o)
    0x08000304   0x08000304   0x00000000   Code   RO         1189    .ARM.Collect$$rtexit$$00000002  c_w.l(rtexit2.o)
    0x08000304   0x08000304   0x00000004   Code   RO         1190    .ARM.Collect$$rtexit$$00000003  c_w.l(rtexit2.o)
    0x08000308   0x08000308   0x00000006   Code   RO         1191    .ARM.Collect$$rtexit$$00000004  c_w.l(rtexit2.o)
    0x0800030e   0x0800030e   0x00000002   PAD
    0x08000310   0x08000310   0x00000040   Code   RO            4  * .text               startup_stm32f411xe.o
    0x08000350   0x08000350   0x0000003c   Code   RO          890    .text               c_w.l(vsnprintf.o)
    0x0800038c   0x0800038c   0x00000040   Code   RO          892    .text               c_w.l(__2snprintf.o)
    0x080003cc   0x080003cc   0x00000188   Code   RO          915    .text               c_w.l(__printf_flags_ss_wp.o)
    0x08000554   0x08000554   0x0000003e   Code   RO          920    .text               c_w.l(strlen.o)
    0x08000592   0x08000592   0x0000008a   Code   RO          922    .text               c_w.l(rt_memcpy_v6.o)
    0x0800061c   0x0800061c   0x00000010   Code   RO          924    .text               c_w.l(aeabi_memset4.o)
    0x0800062c   0x0800062c   0x00000044   Code   RO          926    .text               c_w.l(rt_memclr.o)
    0x08000670   0x08000670   0x0000004e   Code   RO          928    .text               c_w.l(rt_memclr_w.o)
    0x080006be   0x080006be   0x00000006   Code   RO          930    .text               c_w.l(heapauxi.o)
    0x080006c4   0x080006c4   0x0000004e   Code   RO          953    .text               c_w.l(_printf_pad.o)
    0x08000712   0x08000712   0x00000024   Code   RO          955    .text               c_w.l(_printf_truncate.o)
    0x08000736   0x08000736   0x00000052   Code   RO          957    .text               c_w.l(_printf_str.o)
    0x08000788   0x08000788   0x00000078   Code   RO          959    .text               c_w.l(_printf_dec.o)
    0x08000800   0x08000800   0x00000028   Code   RO          961    .text               c_w.l(_printf_charcount.o)
    0x08000828   0x08000828   0x0000041c   Code   RO          963    .text               c_w.l(_printf_fp_dec.o)
    0x08000c44   0x08000c44   0x00000030   Code   RO          967    .text               c_w.l(_printf_char_common.o)
    0x08000c74   0x08000c74   0x00000010   Code   RO          969    .text               c_w.l(_snputc.o)
    0x08000c84   0x08000c84   0x000000bc   Code   RO          971    .text               c_w.l(_printf_wctomb.o)
    0x08000d40   0x08000d40   0x0000007c   Code   RO          974    .text               c_w.l(_printf_longlong_dec.o)
    0x08000dbc   0x08000dbc   0x00000070   Code   RO          980    .text               c_w.l(_printf_oct_int_ll.o)
    0x08000e2c   0x08000e2c   0x00000094   Code   RO         1000    .text               c_w.l(_printf_hex_int_ll_ptr.o)
    0x08000ec0   0x08000ec0   0x00000064   Code   RO         1025    .text               c_w.l(rt_memcpy_w.o)
    0x08000f24   0x08000f24   0x00000008   Code   RO         1058    .text               c_w.l(rt_locale_intlibspace.o)
    0x08000f2c   0x08000f2c   0x0000008a   Code   RO         1060    .text               c_w.l(lludiv10.o)
    0x08000fb6   0x08000fb6   0x000000b2   Code   RO         1062    .text               c_w.l(_printf_intcommon.o)
    0x08001068   0x08001068   0x000002fc   Code   RO         1064    .text               c_w.l(_printf_fp_hex.o)
    0x08001364   0x08001364   0x00000080   Code   RO         1067    .text               c_w.l(_printf_fp_infnan.o)
    0x080013e4   0x080013e4   0x0000002c   Code   RO         1071    .text               c_w.l(_printf_char.o)
    0x08001410   0x08001410   0x0000002c   Code   RO         1073    .text               c_w.l(_printf_wchar.o)
    0x0800143c   0x0800143c   0x000000e4   Code   RO         1075    .text               c_w.l(bigflt0.o)
    0x08001520   0x08001520   0x00000048   Code   RO         1102    .text               c_w.l(_c16rtomb.o)
    0x08001568   0x08001568   0x00000008   Code   RO         1111    .text               c_w.l(libspace.o)
    0x08001570   0x08001570   0x0000004a   Code   RO         1114    .text               c_w.l(sys_stackheap_outer.o)
    0x080015ba   0x080015ba   0x00000002   PAD
    0x080015bc   0x080015bc   0x00000010   Code   RO         1116    .text               c_w.l(rt_ctype_table.o)
    0x080015cc   0x080015cc   0x00000012   Code   RO         1120    .text               c_w.l(exit.o)
    0x080015de   0x080015de   0x00000002   PAD
    0x080015e0   0x080015e0   0x0000007c   Code   RO         1122    .text               c_w.l(strcmpv7em.o)
    0x0800165c   0x0800165c   0x0000000c   Code   RO         1201    .text               c_w.l(sys_exit.o)
    0x08001668   0x08001668   0x00000002   Code   RO         1216    .text               c_w.l(use_no_semi.o)
    0x0800166a   0x0800166a   0x00000000   Code   RO         1218    .text               c_w.l(indicate_semi.o)
    0x0800166a   0x0800166a   0x00000002   PAD
    0x0800166c   0x0800166c   0x0000000e   Code   RO          242    .text.APP_Main      app_main.o
    0x0800167a   0x0800167a   0x00000002   PAD
    0x0800167c   0x0800167c   0x000000ec   Code   RO          269    .text.APP_TasksCreate  app_tasks.o
    0x08001768   0x08001768   0x0000001a   Code   RO          357    .text.AppStatus_Clear  app_status.o
    0x08001782   0x08001782   0x00000002   PAD
    0x08001784   0x08001784   0x00000026   Code   RO          359    .text.AppStatus_IsSet  app_status.o
    0x080017aa   0x080017aa   0x00000002   PAD
    0x080017ac   0x080017ac   0x0000001a   Code   RO          355    .text.AppStatus_Set  app_status.o
    0x080017c6   0x080017c6   0x00000002   PAD
    0x080017c8   0x080017c8   0x0000006e   Code   RO          386    .text.BSP_DebugUart_Init  bsp_debug_uart.o
    0x08001836   0x08001836   0x00000002   PAD
    0x08001838   0x08001838   0x00000032   Code   RO          390    .text.BSP_DebugUart_SendString  bsp_debug_uart.o
    0x0800186a   0x0800186a   0x00000002   PAD
    0x0800186c   0x0800186c   0x0000005a   Code   RO          427    .text.BSP_I2C_Soft_Init  bsp_i2c_soft.o
    0x080018c6   0x080018c6   0x00000002   PAD
    0x080018c8   0x080018c8   0x00000104   Code   RO          429    .text.BSP_I2C_Soft_RecoverBus  bsp_i2c_soft.o
    0x080019cc   0x080019cc   0x00000044   Code   RO          371    .text.BSP_LED_Init  bsp_led.o
    0x08001a10   0x08001a10   0x00000018   Code   RO          377    .text.BSP_LED_Toggle  bsp_led.o
    0x08001a28   0x08001a28   0x00000002   Code   RO          256    .text.BusFault_Handler  stm32f4xx_it.o
    0x08001a2a   0x08001a2a   0x00000002   PAD
    0x08001a2c   0x08001a2c   0x00000002   Code   RO          260    .text.DebugMon_Handler  stm32f4xx_it.o
    0x08001a2e   0x08001a2e   0x00000002   PAD
    0x08001a30   0x08001a30   0x00000036   Code   RO          400    .text.Debug_Print   debug_log.o
    0x08001a66   0x08001a66   0x00000002   PAD
    0x08001a68   0x08001a68   0x0000004e   Code   RO          402    .text.Debug_Printf  debug_log.o
    0x08001ab6   0x08001ab6   0x00000002   PAD
    0x08001ab8   0x08001ab8   0x00000060   Code   RO          330    .text.FreeRTOS_ObjectsCreate  freertos_objects.o
    0x08001b18   0x08001b18   0x0000008a   Code   RO           27    .text.GPIO_Init     stm32f4xx_gpio.o
    0x08001ba2   0x08001ba2   0x00000002   PAD
    0x08001ba4   0x08001ba4   0x00000028   Code   RO           51    .text.GPIO_PinAFConfig  stm32f4xx_gpio.o
    0x08001bcc   0x08001bcc   0x00000006   Code   RO           43    .text.GPIO_ResetBits  stm32f4xx_gpio.o
    0x08001bd2   0x08001bd2   0x00000002   PAD
    0x08001bd4   0x08001bd4   0x0000000a   Code   RO           45    .text.GPIO_WriteBit  stm32f4xx_gpio.o
    0x08001bde   0x08001bde   0x00000002   PAD
    0x08001be0   0x08001be0   0x00000002   Code   RO          252    .text.HardFault_Handler  stm32f4xx_it.o
    0x08001be2   0x08001be2   0x00000002   PAD
    0x08001be4   0x08001be4   0x00000154   Code   RO          445    .text.I2C_ReadByte  bsp_i2c_soft.o
    0x08001d38   0x08001d38   0x0000001c   Code   RO          453    .text.I2C_ReadReg   bsp_i2c_soft.o
    0x08001d54   0x08001d54   0x00000010   Code   RO          455    .text.I2C_ReadRegData  bsp_i2c_soft.o
    0x08001d64   0x08001d64   0x000004fa   Code   RO          457    .text.I2C_ReadRegs  bsp_i2c_soft.o
    0x0800225e   0x0800225e   0x00000002   PAD
    0x08002260   0x08002260   0x00000016   Code   RO          449    .text.I2C_WriteReg  bsp_i2c_soft.o
    0x08002276   0x08002276   0x00000002   PAD
    0x08002278   0x08002278   0x000004d8   Code   RO          451    .text.I2C_WriteRegs  bsp_i2c_soft.o
    0x08002750   0x08002750   0x00000070   Code   RO          297    .text.ImuService_BuildSimAttitude  imu_service.o
    0x080027c0   0x080027c0   0x00000074   Code   RO          295    .text.ImuService_Init  imu_service.o
    0x08002834   0x08002834   0x00000044   Code   RO          273    .text.ImuTask       app_tasks.o
    0x08002878   0x08002878   0x000000b0   Code   RO          271    .text.InitTask      app_tasks.o
    0x08002928   0x08002928   0x0000002c   Code   RO          279    .text.LedTask       app_tasks.o
    0x08002954   0x08002954   0x000001f8   Code   RO          489    .text.MPU9250_Driver_Init  mpu9250_driver.o
    0x08002b4c   0x08002b4c   0x000000b8   Code   RO          487    .text.MPU9250_ReadAxis  mpu9250_driver.o
    0x08002c04   0x08002c04   0x00000002   Code   RO          254    .text.MemManage_Handler  stm32f4xx_it.o
    0x08002c06   0x08002c06   0x00000002   PAD
    0x08002c08   0x08002c08   0x000000a8   Code   RO          308    .text.ModemService_BuildSimGnss  modem_service.o
    0x08002cb0   0x08002cb0   0x00000040   Code   RO          310    .text.ModemService_Publish  modem_service.o
    0x08002cf0   0x08002cf0   0x0000007c   Code   RO          275    .text.ModemTask     app_tasks.o
    0x08002d6c   0x08002d6c   0x00000002   Code   RO          250    .text.NMI_Handler   stm32f4xx_it.o
    0x08002d6e   0x08002d6e   0x00000002   PAD
    0x08002d70   0x08002d70   0x00000060   Code   RO          843    .text.PendSV_Handler  port.o
    0x08002dd0   0x08002dd0   0x00000018   Code   RO          124    .text.RCC_AHB1PeriphClockCmd  stm32f4xx_rcc.o
    0x08002de8   0x08002de8   0x00000018   Code   RO          130    .text.RCC_APB2PeriphClockCmd  stm32f4xx_rcc.o
    0x08002e00   0x08002e00   0x000000a4   Code   RO          106    .text.RCC_GetClocksFreq  stm32f4xx_rcc.o
    0x08002ea4   0x08002ea4   0x00000020   Code   RO          827    .text.SVC_Handler   port.o
    0x08002ec4   0x08002ec4   0x0000002e   Code   RO          845    .text.SysTick_Handler  port.o
    0x08002ef2   0x08002ef2   0x00000002   PAD
    0x08002ef4   0x08002ef4   0x000000f2   Code   RO           11    .text.SystemInit    system_stm32f4xx.o
    0x08002fe6   0x08002fe6   0x00000002   PAD
    0x08002fe8   0x08002fe8   0x000000d4   Code   RO          277    .text.TelemetryTask  app_tasks.o
    0x080030bc   0x080030bc   0x000000d8   Code   RO          321    .text.Telemetry_BuildMqttMsg  telemetry_service.o
    0x08003194   0x08003194   0x00000014   Code   RO          177    .text.USART_Cmd     stm32f4xx_usart.o
    0x080031a8   0x080031a8   0x0000000a   Code   RO          217    .text.USART_GetFlagStatus  stm32f4xx_usart.o
    0x080031b2   0x080031b2   0x00000002   PAD
    0x080031b4   0x080031b4   0x000000b6   Code   RO          169    .text.USART_Init    stm32f4xx_usart.o
    0x0800326a   0x0800326a   0x00000002   PAD
    0x0800326c   0x0800326c   0x00000008   Code   RO          185    .text.USART_SendData  stm32f4xx_usart.o
    0x08003274   0x08003274   0x00000002   Code   RO          258    .text.UsageFault_Handler  stm32f4xx_it.o
    0x08003276   0x08003276   0x00000002   PAD
    0x08003278   0x08003278   0x0000000a   Code   RO          233    .text.main          main.o
    0x08003282   0x08003282   0x00000002   PAD
    0x08003284   0x08003284   0x000000cc   Code   RO          659    .text.prvAddCurrentTaskToDelayedList  tasks.o
    0x08003350   0x08003350   0x00000070   Code   RO          774    .text.prvCheckForValidListAndQueue  timers.o
    0x080033c0   0x080033c0   0x00000076   Code   RO          739    .text.prvIdleTask   tasks.o
    0x08003436   0x08003436   0x00000002   PAD
    0x08003438   0x08003438   0x00000028   Code   RO          835    .text.prvPortStartFirstTask  port.o
    0x08003460   0x08003460   0x0000007c   Code   RO          806    .text.prvProcessExpiredTimer  timers.o
    0x080034dc   0x080034dc   0x00000022   Code   RO          825    .text.prvTaskExitError  port.o
    0x080034fe   0x080034fe   0x00000002   PAD
    0x08003500   0x08003500   0x0000024e   Code   RO          776    .text.prvTimerTask  timers.o
    0x0800374e   0x0800374e   0x00000002   PAD
    0x08003750   0x08003750   0x00000074   Code   RO          560    .text.prvUnlockQueue  queue.o
    0x080037c4   0x080037c4   0x0000011e   Code   RO          856    .text.pvPortMalloc  heap_4.o
    0x080038e2   0x080038e2   0x00000002   PAD
    0x080038e4   0x080038e4   0x00000018   Code   RO          721    .text.pvTaskIncrementMutexHeldCount  tasks.o
    0x080038fc   0x080038fc   0x00000024   Code   RO          823    .text.pxPortInitialiseStack  port.o
    0x08003920   0x08003920   0x00000022   Code   RO          534    .text.uxListRemove  list.o
    0x08003942   0x08003942   0x00000002   PAD
    0x08003944   0x08003944   0x00000012   Code   RO          343    .text.vApplicationMallocFailedHook  freertos_hook.o
    0x08003956   0x08003956   0x00000002   PAD
    0x08003958   0x08003958   0x00000012   Code   RO          345    .text.vApplicationStackOverflowHook  freertos_hook.o
    0x0800396a   0x0800396a   0x00000002   PAD
    0x0800396c   0x0800396c   0x00000016   Code   RO          526    .text.vListInitialise  list.o
    0x08003982   0x08003982   0x00000002   PAD
    0x08003984   0x08003984   0x00000006   Code   RO          528    .text.vListInitialiseItem  list.o
    0x0800398a   0x0800398a   0x00000002   PAD
    0x0800398c   0x0800398c   0x0000003a   Code   RO          532    .text.vListInsert   list.o
    0x080039c6   0x080039c6   0x00000002   PAD
    0x080039c8   0x080039c8   0x0000001a   Code   RO          530    .text.vListInsertEnd  list.o
    0x080039e2   0x080039e2   0x00000002   PAD
    0x080039e4   0x080039e4   0x00000014   Code   RO          833    .text.vPortEnableVFP  port.o
    0x080039f8   0x080039f8   0x00000020   Code   RO          839    .text.vPortEnterCritical  port.o
    0x08003a18   0x08003a18   0x0000001a   Code   RO          841    .text.vPortExitCritical  port.o
    0x08003a32   0x08003a32   0x00000002   PAD
    0x08003a34   0x08003a34   0x000000a2   Code   RO          858    .text.vPortFree     heap_4.o
    0x08003ad6   0x08003ad6   0x00000002   PAD
    0x08003ad8   0x08003ad8   0x00000034   Code   RO          831    .text.vPortSetupTimerInterrupt  port.o
    0x08003b0c   0x08003b0c   0x00000048   Code   RO          592    .text.vQueueAddToRegistry  queue.o
    0x08003b54   0x08003b54   0x00000046   Code   RO          596    .text.vQueueWaitForMessageRestricted  queue.o
    0x08003b9a   0x08003b9a   0x00000002   PAD
    0x08003b9c   0x08003b9c   0x000000b6   Code   RO          663    .text.vTaskDelay    tasks.o
    0x08003c52   0x08003c52   0x00000002   PAD
    0x08003c54   0x08003c54   0x00000120   Code   RO          653    .text.vTaskDelete   tasks.o
    0x08003d74   0x08003d74   0x0000001a   Code   RO          701    .text.vTaskInternalSetTimeOutState  tasks.o
    0x08003d8e   0x08003d8e   0x00000002   PAD
    0x08003d90   0x08003d90   0x0000000e   Code   RO          705    .text.vTaskMissedYield  tasks.o
    0x08003d9e   0x08003d9e   0x00000002   PAD
    0x08003da0   0x08003da0   0x00000020   Code   RO          689    .text.vTaskPlaceOnEventList  tasks.o
    0x08003dc0   0x08003dc0   0x00000054   Code   RO          693    .text.vTaskPlaceOnEventListRestricted  tasks.o
    0x08003e14   0x08003e14   0x0000009a   Code   RO          717    .text.vTaskPriorityDisinheritAfterTimeout  tasks.o
    0x08003eae   0x08003eae   0x00000002   PAD
    0x08003eb0   0x08003eb0   0x000000b6   Code   RO          697    .text.vTaskRemoveFromUnorderedEventList  tasks.o
    0x08003f66   0x08003f66   0x00000002   PAD
    0x08003f68   0x08003f68   0x00000094   Code   RO          673    .text.vTaskStartScheduler  tasks.o
    0x08003ffc   0x08003ffc   0x00000010   Code   RO          657    .text.vTaskSuspendAll  tasks.o
    0x0800400c   0x0800400c   0x000000aa   Code   RO          667    .text.vTaskSwitchContext  tasks.o
    0x080040b6   0x080040b6   0x00000002   PAD
    0x080040b8   0x080040b8   0x0000001a   Code   RO          508    .text.xEventGroupClearBits  event_groups.o
    0x080040d2   0x080040d2   0x00000002   PAD
    0x080040d4   0x080040d4   0x00000022   Code   RO          500    .text.xEventGroupCreate  event_groups.o
    0x080040f6   0x080040f6   0x00000002   PAD
    0x080040f8   0x080040f8   0x0000007c   Code   RO          504    .text.xEventGroupSetBits  event_groups.o
    0x08004174   0x08004174   0x00000068   Code   RO          829    .text.xPortStartScheduler  port.o
    0x080041dc   0x080041dc   0x0000006e   Code   RO          548    .text.xQueueCreateMutex  queue.o
    0x0800424a   0x0800424a   0x00000002   PAD
    0x0800424c   0x0800424c   0x00000080   Code   RO          546    .text.xQueueGenericCreate  queue.o
    0x080042cc   0x080042cc   0x000001a6   Code   RO          552    .text.xQueueGenericSend  queue.o
    0x08004472   0x08004472   0x00000002   PAD
    0x08004474   0x08004474   0x0000002e   Code   RO          550    .text.xQueueGiveMutexRecursive  queue.o
    0x080044a2   0x080044a2   0x00000002   PAD
    0x080044a4   0x080044a4   0x0000014c   Code   RO          568    .text.xQueuePeek    queue.o
    0x080045f0   0x080045f0   0x0000014c   Code   RO          566    .text.xQueueReceive  queue.o
    0x0800473c   0x0800473c   0x00000174   Code   RO          556    .text.xQueueSemaphoreTake  queue.o
    0x080048b0   0x080048b0   0x00000028   Code   RO          554    .text.xQueueTakeMutexRecursive  queue.o
    0x080048d8   0x080048d8   0x00000060   Code   RO          703    .text.xTaskCheckForTimeOut  tasks.o
    0x08004938   0x08004938   0x000001f4   Code   RO          651    .text.xTaskCreate   tasks.o
    0x08004b2c   0x08004b2c   0x000000ec   Code   RO          655    .text.xTaskDelayUntil  tasks.o
    0x08004c18   0x08004c18   0x0000000c   Code   RO          707    .text.xTaskGetCurrentTaskHandle  tasks.o
    0x08004c24   0x08004c24   0x0000000c   Code   RO          679    .text.xTaskGetTickCount  tasks.o
    0x08004c30   0x08004c30   0x00000196   Code   RO          677    .text.xTaskIncrementTick  tasks.o
    0x08004dc6   0x08004dc6   0x00000002   PAD
    0x08004dc8   0x08004dc8   0x00000098   Code   RO          715    .text.xTaskPriorityDisinherit  tasks.o
    0x08004e60   0x08004e60   0x000000c0   Code   RO          713    .text.xTaskPriorityInherit  tasks.o
    0x08004f20   0x08004f20   0x000000d0   Code   RO          695    .text.xTaskRemoveFromEventList  tasks.o
    0x08004ff0   0x08004ff0   0x0000016c   Code   RO          661    .text.xTaskResumeAll  tasks.o
    0x0800515c   0x0800515c   0x0000004c   Code   RO          772    .text.xTimerCreateTimerTask  timers.o
    0x080051a8   0x080051a8   0x0000003e   Code   RO         1078    CL$$btod_d2e        c_w.l(btod.o)
    0x080051e6   0x080051e6   0x00000046   Code   RO         1080    CL$$btod_d2e_denorm_low  c_w.l(btod.o)
    0x0800522c   0x0800522c   0x00000060   Code   RO         1079    CL$$btod_d2e_norm_op1  c_w.l(btod.o)
    0x0800528c   0x0800528c   0x00000338   Code   RO         1088    CL$$btod_div_common  c_w.l(btod.o)
    0x080055c4   0x080055c4   0x000000dc   Code   RO         1085    CL$$btod_e2e        c_w.l(btod.o)
    0x080056a0   0x080056a0   0x0000002a   Code   RO         1082    CL$$btod_ediv       c_w.l(btod.o)
    0x080056ca   0x080056ca   0x0000002a   Code   RO         1081    CL$$btod_emul       c_w.l(btod.o)
    0x080056f4   0x080056f4   0x00000244   Code   RO         1087    CL$$btod_mult_common  c_w.l(btod.o)
    0x08005938   0x08005938   0x00000030   Code   RO         1109    i.__ARM_fpclassify  m_wm.l(fpclassify.o)
    0x08005968   0x08005968   0x0000000e   Code   RO          908    i._is_digit         c_w.l(__printf_wp.o)
    0x08005976   0x08005976   0x00000002   PAD
    0x08005978   0x08005978   0x0000002c   Code   RO         1105    locale$$code        c_w.l(lc_numeric_c.o)
    0x080059a4   0x080059a4   0x0000002c   Code   RO         1182    locale$$code        c_w.l(lc_ctype_c.o)
    0x080059d0   0x080059d0   0x00000150   Code   RO          934    x$fpl$dadd          fz_wm.l(daddsub_clz.o)
    0x08005b20   0x08005b20   0x00000026   Code   RO          940    x$fpl$dfltu         fz_wm.l(dflt_clz.o)
    0x08005b46   0x08005b46   0x00000002   PAD
    0x08005b48   0x08005b48   0x00000154   Code   RO          946    x$fpl$dmul          fz_wm.l(dmul.o)
    0x08005c9c   0x08005c9c   0x0000009c   Code   RO         1027    x$fpl$dnaninf       fz_wm.l(dnaninf.o)
    0x08005d38   0x08005d38   0x0000000c   Code   RO         1029    x$fpl$dretinf       fz_wm.l(dretinf.o)
    0x08005d44   0x08005d44   0x000001dc   Code   RO          936    x$fpl$dsub          fz_wm.l(daddsub_clz.o)
    0x08005f20   0x08005f20   0x00000056   Code   RO          948    x$fpl$f2d           fz_wm.l(f2d.o)
    0x08005f76   0x08005f76   0x0000008c   Code   RO         1031    x$fpl$fnaninf       fz_wm.l(fnaninf.o)
    0x08006002   0x08006002   0x0000001a   Code   RO         1186    x$fpl$fpinit        fz_wm.l(fpinit.o)
    0x0800601c   0x0800601c   0x00000004   Code   RO          950    x$fpl$printf1       fz_wm.l(printf1.o)
    0x08006020   0x08006020   0x00000004   Code   RO         1033    x$fpl$printf2       fz_wm.l(printf2.o)
    0x08006024   0x08006024   0x00000000   Code   RO         1039    x$fpl$usenofp       fz_wm.l(usenofp.o)
    0x08006024   0x08006024   0x00000011   Data   RO          916    .constdata          c_w.l(__printf_flags_ss_wp.o)
    0x08006035   0x08006035   0x00000003   PAD
    0x08006038   0x08006038   0x00000008   Data   RO          972    .constdata          c_w.l(_printf_wctomb.o)
    0x08006040   0x08006040   0x00000028   Data   RO         1001    .constdata          c_w.l(_printf_hex_int_ll_ptr.o)
    0x08006068   0x08006068   0x00000026   Data   RO         1065    .constdata          c_w.l(_printf_fp_hex.o)
    0x0800608e   0x0800608e   0x00000002   PAD
    0x08006090   0x08006090   0x00000094   Data   RO         1076    .constdata          c_w.l(bigflt0.o)
    0x08006124   0x08006124   0x00000010   Data   RO          158    .rodata.APBAHBPrescTable  stm32f4xx_rcc.o
    0x08006134   0x08006134   0x00000042   Data   RO          286    .rodata.str1.1      app_tasks.o
    0x08006176   0x08006176   0x000000d2   Data   RO          491    .rodata.str1.1      mpu9250_driver.o
    0x08006248   0x08006248   0x00000004   Data   RO          756    .rodata.uxTopUsedPriority  tasks.o
    0x0800624c   0x0800624c   0x00000020   Data   RO         1268    Region$$Table       anon$$obj.o
    0x0800626c   0x0800626c   0x0000001c   Data   RO         1104    locale$$data        c_w.l(lc_numeric_c.o)
    0x08006288   0x08006288   0x00000110   Data   RO         1181    locale$$data        c_w.l(lc_ctype_c.o)


    Execution Region ER_RW (Exec base: 0x20000000, Load base: 0x08006398, Size: 0x00000008, Max: 0xffffffff, ABSOLUTE)

    Exec Addr    Load Addr    Size         Type   Attr      Idx    E Section Name        Object

    0x20000000   0x08006398   0x00000004   Data   RW           15    .data.SystemCoreClock  system_stm32f4xx.o
    0x20000004   0x0800639c   0x00000004   Data   RW          847    .data.uxCriticalNesting  port.o


    Execution Region ER_ZI (Exec base: 0x20000008, Load base: 0x080063a0, Size: 0x00005830, Max: 0xffffffff, ABSOLUTE)

    Exec Addr    Load Addr    Size         Type   Attr      Idx    E Section Name        Object

    0x20000008        -       0x00000060   Zero   RW         1112    .bss                c_w.l(libspace.o)
    0x20000068        -       0x00000004   Zero   RW          282    .bss.IMUTaskHandle  app_tasks.o
    0x2000006c        -       0x00000004   Zero   RW          299    .bss.ImuService_BuildSimAttitude.angle  imu_service.o
    0x20000070        -       0x00000004   Zero   RW          281    .bss.InitTaskHandle  app_tasks.o
    0x20000074        -       0x00000004   Zero   RW          285    .bss.LedTaskHandle  app_tasks.o
    0x20000078        -       0x00000004   Zero   RW          312    .bss.ModemService_BuildSimGnss.gnss_count  modem_service.o
    0x2000007c        -       0x00000004   Zero   RW          283    .bss.ModemTaskHandle  app_tasks.o
    0x20000080        -       0x00000004   Zero   RW          284    .bss.TelemetryTaskHandle  app_tasks.o
    0x20000084        -       0x00000004   Zero   RW          336    .bss.gSystemEventGroup  freertos_objects.o
    0x20000088        -       0x00000004   Zero   RW          335    .bss.mutexUart6log  freertos_objects.o
    0x2000008c        -       0x00000004   Zero   RW          812    .bss.prvSampleTimeNow.xLastTime  timers.o
    0x20000090        -       0x00000004   Zero   RW          741    .bss.pxCurrentTCB   tasks.o
    0x20000094        -       0x00000004   Zero   RW          810    .bss.pxCurrentTimerList  timers.o
    0x20000098        -       0x00000004   Zero   RW          758    .bss.pxDelayedTaskList  tasks.o
    0x2000009c        -       0x00000004   Zero   RW          874    .bss.pxEnd          heap_4.o
    0x200000a0        -       0x00000004   Zero   RW          759    .bss.pxOverflowDelayedTaskList  tasks.o
    0x200000a4        -       0x00000004   Zero   RW          811    .bss.pxOverflowTimerList  timers.o
    0x200000a8        -       0x00000064   Zero   RW          742    .bss.pxReadyTasksLists  tasks.o
    0x2000010c        -       0x00000004   Zero   RW          332    .bss.qAttitude      freertos_objects.o
    0x20000110        -       0x00000004   Zero   RW          333    .bss.qGnss          freertos_objects.o
    0x20000114        -       0x00000004   Zero   RW          334    .bss.qMqttPublish   freertos_objects.o
    0x20000118        -       0x00005000   Zero   RW          880    .bss.ucHeap         heap_4.o
    0x20005118        -       0x00000004   Zero   RW          748    .bss.uxCurrentNumberOfTasks  tasks.o
    0x2000511c        -       0x00000004   Zero   RW          747    .bss.uxDeletedTasksWaitingCleanUp  tasks.o
    0x20005120        -       0x00000004   Zero   RW          751    .bss.uxSchedulerSuspended  tasks.o
    0x20005124        -       0x00000004   Zero   RW          744    .bss.uxTaskNumber   tasks.o
    0x20005128        -       0x00000004   Zero   RW          743    .bss.uxTopReadyPriority  tasks.o
    0x2000512c        -       0x00000014   Zero   RW          813    .bss.xActiveTimerList1  timers.o
    0x20005140        -       0x00000014   Zero   RW          814    .bss.xActiveTimerList2  timers.o
    0x20005154        -       0x00000014   Zero   RW          761    .bss.xDelayedTaskList1  tasks.o
    0x20005168        -       0x00000014   Zero   RW          762    .bss.xDelayedTaskList2  tasks.o
    0x2000517c        -       0x00000004   Zero   RW          875    .bss.xFreeBytesRemaining  heap_4.o
    0x20005180        -       0x00000004   Zero   RW          755    .bss.xIdleTaskHandles  tasks.o
    0x20005184        -       0x00000004   Zero   RW          877    .bss.xMinimumEverFreeBytesRemaining  heap_4.o
    0x20005188        -       0x00000004   Zero   RW          754    .bss.xNextTaskUnblockTime  tasks.o
    0x2000518c        -       0x00000004   Zero   RW          760    .bss.xNumOfOverflows  tasks.o
    0x20005190        -       0x00000004   Zero   RW          878    .bss.xNumberOfSuccessfulAllocations  heap_4.o
    0x20005194        -       0x00000004   Zero   RW          879    .bss.xNumberOfSuccessfulFrees  heap_4.o
    0x20005198        -       0x00000004   Zero   RW          757    .bss.xPendedTicks   tasks.o
    0x2000519c        -       0x00000014   Zero   RW          753    .bss.xPendingReadyList  tasks.o
    0x200051b0        -       0x00000040   Zero   RW          598    .bss.xQueueRegistry  queue.o
    0x200051f0        -       0x00000004   Zero   RW          745    .bss.xSchedulerRunning  tasks.o
    0x200051f4        -       0x00000008   Zero   RW          876    .bss.xStart         heap_4.o
    0x200051fc        -       0x00000014   Zero   RW          750    .bss.xSuspendedTaskList  tasks.o
    0x20005210        -       0x00000014   Zero   RW          746    .bss.xTasksWaitingTermination  tasks.o
    0x20005224        -       0x00000004   Zero   RW          749    .bss.xTickCount     tasks.o
    0x20005228        -       0x00000004   Zero   RW          808    .bss.xTimerQueue    timers.o
    0x2000522c        -       0x00000004   Zero   RW          809    .bss.xTimerTaskHandle  timers.o
    0x20005230        -       0x00000004   Zero   RW          752    .bss.xYieldPendings  tasks.o
    0x20005234   0x080063a0   0x00000004   PAD
    0x20005238        -       0x00000200   Zero   RW            2    HEAP                startup_stm32f411xe.o
    0x20005438        -       0x00000400   Zero   RW            1    STACK               startup_stm32f411xe.o


==============================================================================

Image component sizes


      Code (inc. data)   RO Data    RW Data    ZI Data      Debug   Object Name

        14          0          0          0          0        339   app_main.o
        90          0          0          0          0       1461   app_status.o
       860        152         66          0         20       2929   app_tasks.o
       160          0          0          0          0       3021   bsp_debug_uart.o
      3270          0          0          0          0      18596   bsp_i2c_soft.o
        92          0          0          0          0       2279   bsp_led.o
       132          0          0          0          0       1508   debug_log.o
       184          0          0          0          0       8035   event_groups.o
        36          0          0          0          0       1032   freertos_hook.o
        96          0          0          0         20        901   freertos_objects.o
       448          0          0          0      20508       5012   heap_4.o
       228         88          0          0          4       1296   imu_service.o
       146          0          0          0          0       2058   list.o
        10          0          0          0          0        352   main.o
       232         68          0          0          4       1583   modem_service.o
       688        136        210          0          0       5294   mpu9250_driver.o
       518         16          0          4          0       2862   port.o
      2040          0          0          0         64      18720   queue.o
        64         26        408          0       1536        944   startup_stm32f411xe.o
       194          0          0          0          0       4899   stm32f4xx_gpio.o
        12          0          0          0          0        758   stm32f4xx_it.o
       212          4         16          0          0      12645   stm32f4xx_rcc.o
       220          0          0          0          0       8799   stm32f4xx_usart.o
       242          0          0          4          0       3501   system_stm32f4xx.o
      3820          0          4          0        260      27011   tasks.o
       216         80          0          0          0       1523   telemetry_service.o
       902         26          0          0         60      11113   timers.o

    ----------------------------------------------------------------------
     15228        596        736          8      22480     148471   Object Totals
         0          0         32          0          0          0   (incl. Generated)
       102          0          0          0          4          0   (incl. Padding)

    ----------------------------------------------------------------------

      Code (inc. data)   RO Data    RW Data    ZI Data      Debug   Library Member Name

        64          6          0          0          0         84   __2snprintf.o
         8          0          0          0          0         68   __main.o
       392          4         17          0          0         92   __printf_flags_ss_wp.o
        14          0          0          0          0         68   __printf_wp.o
         0          0          0          0          0          0   __rtentry.o
        12          0          0          0          0          0   __rtentry2.o
         6          0          0          0          0          0   __rtentry4.o
        94          8          0          0          0          0   __scatter.o
        26          0          0          0          0          0   __scatter_copy.o
        28          0          0          0          0          0   __scatter_zi.o
        72          0          0          0          0         96   _c16rtomb.o
         6          0          0          0          0          0   _printf_a.o
         6          0          0          0          0          0   _printf_c.o
        44          0          0          0          0        108   _printf_char.o
        48          6          0          0          0         96   _printf_char_common.o
        40          0          0          0          0         68   _printf_charcount.o
         6          0          0          0          0          0   _printf_d.o
       120         16          0          0          0         92   _printf_dec.o
         6          0          0          0          0          0   _printf_e.o
         6          0          0          0          0          0   _printf_f.o
      1052          0          0          0          0        148   _printf_fp_dec.o
       764          8         38          0          0        100   _printf_fp_hex.o
       128         16          0          0          0         84   _printf_fp_infnan.o
         6          0          0          0          0          0   _printf_g.o
       148          4         40          0          0        160   _printf_hex_int_ll_ptr.o
         6          0          0          0          0          0   _printf_i.o
       178          0          0          0          0         88   _printf_intcommon.o
        10          0          0          0          0          0   _printf_l.o
         6          0          0          0          0          0   _printf_lc.o
        10          0          0          0          0          0   _printf_ll.o
         6          0          0          0          0          0   _printf_lld.o
         6          0          0          0          0          0   _printf_lli.o
         6          0          0          0          0          0   _printf_llo.o
         6          0          0          0          0          0   _printf_llu.o
         6          0          0          0          0          0   _printf_llx.o
       124         16          0          0          0         92   _printf_longlong_dec.o
         6          0          0          0          0          0   _printf_ls.o
         6          0          0          0          0          0   _printf_n.o
         6          0          0          0          0          0   _printf_o.o
       112          8          0          0          0        124   _printf_oct_int_ll.o
         6          0          0          0          0          0   _printf_p.o
        78          0          0          0          0        108   _printf_pad.o
         0          0          0          0          0          0   _printf_percent.o
         4          0          0          0          0          0   _printf_percent_end.o
         6          0          0          0          0          0   _printf_s.o
        82          0          0          0          0         80   _printf_str.o
        36          0          0          0          0         84   _printf_truncate.o
         6          0          0          0          0          0   _printf_u.o
        44          0          0          0          0        108   _printf_wchar.o
       188          6          8          0          0         92   _printf_wctomb.o
         6          0          0          0          0          0   _printf_x.o
        16          0          0          0          0         68   _snputc.o
        16          0          0          0          0         68   aeabi_memset4.o
       228          4        148          0          0         96   bigflt0.o
      1936        128          0          0          0        668   btod.o
        18          0          0          0          0         80   exit.o
         6          0          0          0          0        152   heapauxi.o
         0          0          0          0          0          0   indicate_semi.o
        44         10        272          0          0         76   lc_ctype_c.o
        44         10         28          0          0         76   lc_numeric_c.o
         2          0          0          0          0          0   libinit.o
        34          0          0          0          0          0   libinit2.o
         2          0          0          0          0          0   libshutdown.o
         2          0          0          0          0          0   libshutdown2.o
         8          4          0          0         96         68   libspace.o
       138          0          0          0          0         80   lludiv10.o
        16          4          0          0          0         76   rt_ctype_table.o
         8          4          0          0          0         68   rt_locale_intlibspace.o
        68          0          0          0          0         68   rt_memclr.o
        78          0          0          0          0         80   rt_memclr_w.o
       138          0          0          0          0         68   rt_memcpy_v6.o
       100          0          0          0          0         80   rt_memcpy_w.o
         2          0          0          0          0          0   rtexit.o
        10          0          0          0          0          0   rtexit2.o
       124          0          0          0          0         88   strcmpv7em.o
        62          0          0          0          0         76   strlen.o
        12          4          0          0          0         68   sys_exit.o
        74          0          0          0          0         80   sys_stackheap_outer.o
         2          0          0          0          0         68   use_no_semi.o
        60          4          0          0          0         80   vsnprintf.o
       812         16          0          0          0        392   daddsub_clz.o
        38          0          0          0          0        116   dflt_clz.o
       340         12          0          0          0        152   dmul.o
       156          4          0          0          0        140   dnaninf.o
        12          0          0          0          0        116   dretinf.o
        86          4          0          0          0        132   f2d.o
       140          4          0          0          0        132   fnaninf.o
        26          0          0          0          0        116   fpinit.o
         4          0          0          0          0        116   printf1.o
         4          0          0          0          0        116   printf2.o
         0          0          0          0          0          0   usenofp.o
        48          0          0          0          0        124   fpclassify.o

    ----------------------------------------------------------------------
      8976        310        556          0         96       6024   Library Totals
        16          0          5          0          0          0   (incl. Padding)

    ----------------------------------------------------------------------

      Code (inc. data)   RO Data    RW Data    ZI Data      Debug   Library Name

      7294        270        551          0         96       4372   c_w.l
      1618         40          0          0          0       1528   fz_wm.l
        48          0          0          0          0        124   m_wm.l

    ----------------------------------------------------------------------
      8976        310        556          0         96       6024   Library Totals

    ----------------------------------------------------------------------

==============================================================================


      Code (inc. data)   RO Data    RW Data    ZI Data      Debug   

     24204        906       1292          8      22576     150671   Grand Totals
     24204        906       1292          8      22576     150671   ELF Image Totals
     24204        906       1292          8          0          0   ROM Totals

==============================================================================

    Total RO  Size (Code + RO Data)                25496 (  24.90kB)
    Total RW  Size (RW Data + ZI Data)             22584 (  22.05kB)
    Total ROM Size (Code + RO Data + RW Data)      25504 (  24.91kB)

==============================================================================

