Archive member included to satisfy reference by file (symbol)

D:/STM32CubeIDE/STM32CubeIDE_2.1.1/STM32CubeIDE/plugins/com.st.stm32cube.ide.mcu.externaltools.gnu-tools-for-stm32.14.3.rel1.win32_1.0.100.202602081740/tools/bin/../lib/gcc/arm-none-eabi/14.3.1/../../../../arm-none-eabi/lib/thumb/v7e-m+fp/hard\libm.a(libm_a-wf_asin.o)
                              CMakeFiles/AeroPush.dir/E_/Stm32Project/AeroPush/User/Src/mpu9250_driver.c.obj (asinf)
D:/STM32CubeIDE/STM32CubeIDE_2.1.1/STM32CubeIDE/plugins/com.st.stm32cube.ide.mcu.externaltools.gnu-tools-for-stm32.14.3.rel1.win32_1.0.100.202602081740/tools/bin/../lib/gcc/arm-none-eabi/14.3.1/../../../../arm-none-eabi/lib/thumb/v7e-m+fp/hard\libm.a(libm_a-wf_atan2.o)
                              CMakeFiles/AeroPush.dir/E_/Stm32Project/AeroPush/User/Src/mpu9250_driver.c.obj (atan2f)
D:/STM32CubeIDE/STM32CubeIDE_2.1.1/STM32CubeIDE/plugins/com.st.stm32cube.ide.mcu.externaltools.gnu-tools-for-stm32.14.3.rel1.win32_1.0.100.202602081740/tools/bin/../lib/gcc/arm-none-eabi/14.3.1/../../../../arm-none-eabi/lib/thumb/v7e-m+fp/hard\libm.a(libm_a-wf_sqrt.o)
                              CMakeFiles/AeroPush.dir/E_/Stm32Project/AeroPush/User/Src/mpu9250_driver.c.obj (sqrtf)
D:/STM32CubeIDE/STM32CubeIDE_2.1.1/STM32CubeIDE/plugins/com.st.stm32cube.ide.mcu.externaltools.gnu-tools-for-stm32.14.3.rel1.win32_1.0.100.202602081740/tools/bin/../lib/gcc/arm-none-eabi/14.3.1/../../../../arm-none-eabi/lib/thumb/v7e-m+fp/hard\libm.a(libm_a-sf_cos.o)
                              CMakeFiles/AeroPush.dir/E_/Stm32Project/AeroPush/User/Src/mpu9250_driver.c.obj (cosf)
D:/STM32CubeIDE/STM32CubeIDE_2.1.1/STM32CubeIDE/plugins/com.st.stm32cube.ide.mcu.externaltools.gnu-tools-for-stm32.14.3.rel1.win32_1.0.100.202602081740/tools/bin/../lib/gcc/arm-none-eabi/14.3.1/../../../../arm-none-eabi/lib/thumb/v7e-m+fp/hard\libm.a(libm_a-sf_fabs.o)
                              D:/STM32CubeIDE/STM32CubeIDE_2.1.1/STM32CubeIDE/plugins/com.st.stm32cube.ide.mcu.externaltools.gnu-tools-for-stm32.14.3.rel1.win32_1.0.100.202602081740/tools/bin/../lib/gcc/arm-none-eabi/14.3.1/../../../../arm-none-eabi/lib/thumb/v7e-m+fp/hard\libm.a(libm_a-wf_asin.o) (fabsf)
D:/STM32CubeIDE/STM32CubeIDE_2.1.1/STM32CubeIDE/plugins/com.st.stm32cube.ide.mcu.externaltools.gnu-tools-for-stm32.14.3.rel1.win32_1.0.100.202602081740/tools/bin/../lib/gcc/arm-none-eabi/14.3.1/../../../../arm-none-eabi/lib/thumb/v7e-m+fp/hard\libm.a(libm_a-sf_sin.o)
                              CMakeFiles/AeroPush.dir/E_/Stm32Project/AeroPush/User/Src/mpu9250_driver.c.obj (sinf)
D:/STM32CubeIDE/STM32CubeIDE_2.1.1/STM32CubeIDE/plugins/com.st.stm32cube.ide.mcu.externaltools.gnu-tools-for-stm32.14.3.rel1.win32_1.0.100.202602081740/tools/bin/../lib/gcc/arm-none-eabi/14.3.1/../../../../arm-none-eabi/lib/thumb/v7e-m+fp/hard\libm.a(libm_a-sf_nan.o)
                              D:/STM32CubeIDE/STM32CubeIDE_2.1.1/STM32CubeIDE/plugins/com.st.stm32cube.ide.mcu.externaltools.gnu-tools-for-stm32.14.3.rel1.win32_1.0.100.202602081740/tools/bin/../lib/gcc/arm-none-eabi/14.3.1/../../../../arm-none-eabi/lib/thumb/v7e-m+fp/hard\libm.a(libm_a-wf_asin.o) (nanf)
D:/STM32CubeIDE/STM32CubeIDE_2.1.1/STM32CubeIDE/plugins/com.st.stm32cube.ide.mcu.externaltools.gnu-tools-for-stm32.14.3.rel1.win32_1.0.100.202602081740/tools/bin/../lib/gcc/arm-none-eabi/14.3.1/../../../../arm-none-eabi/lib/thumb/v7e-m+fp/hard\libm.a(libm_a-ef_sqrt.o)
                              D:/STM32CubeIDE/STM32CubeIDE_2.1.1/STM32CubeIDE/plugins/com.st.stm32cube.ide.mcu.externaltools.gnu-tools-for-stm32.14.3.rel1.win32_1.0.100.202602081740/tools/bin/../lib/gcc/arm-none-eabi/14.3.1/../../../../arm-none-eabi/lib/thumb/v7e-m+fp/hard\libm.a(libm_a-wf_sqrt.o) (__ieee754_sqrtf)
D:/STM32CubeIDE/STM32CubeIDE_2.1.1/STM32CubeIDE/plugins/com.st.stm32cube.ide.mcu.externaltools.gnu-tools-for-stm32.14.3.rel1.win32_1.0.100.202602081740/tools/bin/../lib/gcc/arm-none-eabi/14.3.1/../../../../arm-none-eabi/lib/thumb/v7e-m+fp/hard\libm.a(libm_a-kf_cos.o)
                              D:/STM32CubeIDE/STM32CubeIDE_2.1.1/STM32CubeIDE/plugins/com.st.stm32cube.ide.mcu.externaltools.gnu-tools-for-stm32.14.3.rel1.win32_1.0.100.202602081740/tools/bin/../lib/gcc/arm-none-eabi/14.3.1/../../../../arm-none-eabi/lib/thumb/v7e-m+fp/hard\libm.a(libm_a-sf_cos.o) (__kernel_cosf)
D:/STM32CubeIDE/STM32CubeIDE_2.1.1/STM32CubeIDE/plugins/com.st.stm32cube.ide.mcu.externaltools.gnu-tools-for-stm32.14.3.rel1.win32_1.0.100.202602081740/tools/bin/../lib/gcc/arm-none-eabi/14.3.1/../../../../arm-none-eabi/lib/thumb/v7e-m+fp/hard\libm.a(libm_a-kf_sin.o)
                              D:/STM32CubeIDE/STM32CubeIDE_2.1.1/STM32CubeIDE/plugins/com.st.stm32cube.ide.mcu.externaltools.gnu-tools-for-stm32.14.3.rel1.win32_1.0.100.202602081740/tools/bin/../lib/gcc/arm-none-eabi/14.3.1/../../../../arm-none-eabi/lib/thumb/v7e-m+fp/hard\libm.a(libm_a-sf_cos.o) (__kernel_sinf)
[...]
Memory Configuration

Name             Origin             Length             Attributes
FLASH            0x08000000         0x00080000         xr
RAM              0x20000000         0x00020000         xrw
*default*        0x00000000         0xffffffff

Linker script and memory map

LOAD D:/STM32CubeIDE/STM32CubeIDE_2.1.1/STM32CubeIDE/plugins/com.st.stm32cube.ide.mcu.externaltools.gnu-tools-for-stm32.14.3.rel1.win32_1.0.100.202602081740/tools/bin/../lib/gcc/arm-none-eabi/14.3.1/thumb/v7e-m+fp/hard/crti.o
LOAD D:/STM32CubeIDE/STM32CubeIDE_2.1.1/STM32CubeIDE/plugins/com.st.stm32cube.ide.mcu.externaltools.gnu-tools-for-stm32.14.3.rel1.win32_1.0.100.202602081740/tools/bin/../lib/gcc/arm-none-eabi/14.3.1/thumb/v7e-m+fp/hard/crtbegin.o
LOAD D:/STM32CubeIDE/STM32CubeIDE_2.1.1/STM32CubeIDE/plugins/com.st.stm32cube.ide.mcu.externaltools.gnu-tools-for-stm32.14.3.rel1.win32_1.0.100.202602081740/tools/bin/../lib/gcc/arm-none-eabi/14.3.1/../../../../arm-none-eabi/lib/thumb/v7e-m+fp/hard/crt0.o
LOAD CMakeFiles/AeroPush.dir/startup/startup_stm32f411xe.s.obj
LOAD CMakeFiles/AeroPush.dir/Core/Src/syscalls.c.obj
LOAD CMakeFiles/AeroPush.dir/E_/Stm32Project/AeroPush/Lib/Libraries/CMSIS/Device/ST/STM32F4xx/Source/Templates/system_stm32f4xx.c.obj
LOAD CMakeFiles/AeroPush.dir/E_/Stm32Project/AeroPush/Lib/Libraries/STM32F4xx_StdPeriph_Driver/src/stm32f4xx_gpio.c.obj
LOAD CMakeFiles/AeroPush.dir/E_/Stm32Project/AeroPush/Lib/Libraries/STM32F4xx_StdPeriph_Driver/src/stm32f4xx_rcc.c.obj
LOAD CMakeFiles/AeroPush.dir/E_/Stm32Project/AeroPush/Lib/Libraries/STM32F4xx_StdPeriph_Driver/src/stm32f4xx_usart.c.obj
LOAD CMakeFiles/AeroPush.dir/E_/Stm32Project/AeroPush/User/Src/main.c.obj
LOAD CMakeFiles/AeroPush.dir/E_/Stm32Project/AeroPush/User/Src/app_main.c.obj
LOAD CMakeFiles/AeroPush.dir/E_/Stm32Project/AeroPush/User/Src/stm32f4xx_it.c.obj
LOAD CMakeFiles/AeroPush.dir/E_/Stm32Project/AeroPush/User/Src/app_tasks.c.obj
LOAD CMakeFiles/AeroPush.dir/E_/Stm32Project/AeroPush/User/Src/imu_service.c.obj
LOAD CMakeFiles/AeroPush.dir/E_/Stm32Project/AeroPush/User/Src/modem_service.c.obj
LOAD CMakeFiles/AeroPush.dir/E_/Stm32Project/AeroPush/User/Src/telemetry_service.c.obj
LOAD CMakeFiles/AeroPush.dir/E_/Stm32Project/AeroPush/User/Src/led_service.c.obj
LOAD CMakeFiles/AeroPush.dir/E_/Stm32Project/AeroPush/User/Src/debug_service.c.obj
LOAD CMakeFiles/AeroPush.dir/E_/Stm32Project/AeroPush/User/Src/freertos_objects.c.obj
LOAD CMakeFiles/AeroPush.dir/E_/Stm32Project/AeroPush/User/Src/freertos_hook.c.obj
LOAD CMakeFiles/AeroPush.dir/E_/Stm32Project/AeroPush/User/Src/app_status.c.obj
LOAD CMakeFiles/AeroPush.dir/E_/Stm32Project/AeroPush/User/Src/bsp_led.c.obj
LOAD CMakeFiles/AeroPush.dir/E_/Stm32Project/AeroPush/User/Src/bsp_debug_uart.c.obj
LOAD CMakeFiles/AeroPush.dir/E_/Stm32Project/AeroPush/User/Src/bsp_a7670e_uart.c.obj
LOAD CMakeFiles/AeroPush.dir/E_/Stm32Project/AeroPush/User/Src/debug_log.c.obj
LOAD CMakeFiles/AeroPush.dir/E_/Stm32Project/AeroPush/User/Src/delay.c.obj
LOAD CMakeFiles/AeroPush.dir/E_/Stm32Project/AeroPush/User/Src/bsp_i2c_soft.c.obj
LOAD CMakeFiles/AeroPush.dir/E_/Stm32Project/AeroPush/User/Src/mpu9250_driver.c.obj
LOAD CMakeFiles/AeroPush.dir/E_/Stm32Project/AeroPush/FreeRTOS/Source/event_groups.c.obj
LOAD CMakeFiles/AeroPush.dir/E_/Stm32Project/AeroPush/FreeRTOS/Source/list.c.obj
LOAD CMakeFiles/AeroPush.dir/E_/Stm32Project/AeroPush/FreeRTOS/Source/queue.c.obj
LOAD CMakeFiles/AeroPush.dir/E_/Stm32Project/AeroPush/FreeRTOS/Source/stream_buffer.c.obj
LOAD CMakeFiles/AeroPush.dir/E_/Stm32Project/AeroPush/FreeRTOS/Source/tasks.c.obj
LOAD CMakeFiles/AeroPush.dir/E_/Stm32Project/AeroPush/FreeRTOS/Source/timers.c.obj
LOAD CMakeFiles/AeroPush.dir/E_/Stm32Project/AeroPush/FreeRTOS/Portable/GCC/ARM_CM4F/port.c.obj
LOAD CMakeFiles/AeroPush.dir/E_/Stm32Project/AeroPush/FreeRTOS/Portable/MemMang/heap_4.c.obj
LOAD D:/STM32CubeIDE/STM32CubeIDE_2.1.1/STM32CubeIDE/plugins/com.st.stm32cube.ide.mcu.externaltools.gnu-tools-for-stm32.14.3.rel1.win32_1.0.100.202602081740/tools/bin/../lib/gcc/arm-none-eabi/14.3.1/../../../../arm-none-eabi/lib/thumb/v7e-m+fp/hard\libm.a
START GROUP
LOAD D:/STM32CubeIDE/STM32CubeIDE_2.1.1/STM32CubeIDE/plugins/com.st.stm32cube.ide.mcu.externaltools.gnu-tools-for-stm32.14.3.rel1.win32_1.0.100.202602081740/tools/bin/../lib/gcc/arm-none-eabi/14.3.1/thumb/v7e-m+fp/hard\libgcc.a
LOAD D:/STM32CubeIDE/STM32CubeIDE_2.1.1/STM32CubeIDE/plugins/com.st.stm32cube.ide.mcu.externaltools.gnu-tools-for-stm32.14.3.rel1.win32_1.0.100.202602081740/tools/bin/../lib/gcc/arm-none-eabi/14.3.1/../../../../arm-none-eabi/lib/thumb/v7e-m+fp/hard\libc_nano.a
END GROUP
START GROUP
LOAD D:/STM32CubeIDE/STM32CubeIDE_2.1.1/STM32CubeIDE/plugins/com.st.stm32cube.ide.mcu.externaltools.gnu-tools-for-stm32.14.3.rel1.win32_1.0.100.202602081740/tools/bin/../lib/gcc/arm-none-eabi/14.3.1/thumb/v7e-m+fp/hard\libgcc.a
LOAD D:/STM32CubeIDE/STM32CubeIDE_2.1.1/STM32CubeIDE/plugins/com.st.stm32cube.ide.mcu.externaltools.gnu-tools-for-stm32.14.3.rel1.win32_1.0.100.202602081740/tools/bin/../lib/gcc/arm-none-eabi/14.3.1/../../../../arm-none-eabi/lib/thumb/v7e-m+fp/hard\libc_nano.a
END GROUP
LOAD D:/STM32CubeIDE/STM32CubeIDE_2.1.1/STM32CubeIDE/plugins/com.st.stm32cube.ide.mcu.externaltools.gnu-tools-for-stm32.14.3.rel1.win32_1.0.100.202602081740/tools/bin/../lib/gcc/arm-none-eabi/14.3.1/thumb/v7e-m+fp/hard/crtend.o
LOAD D:/STM32CubeIDE/STM32CubeIDE_2.1.1/STM32CubeIDE/plugins/com.st.stm32cube.ide.mcu.externaltools.gnu-tools-for-stm32.14.3.rel1.win32_1.0.100.202602081740/tools/bin/../lib/gcc/arm-none-eabi/14.3.1/thumb/v7e-m+fp/hard/crtn.o
                0x20020000                        _estack = (ORIGIN (RAM) + LENGTH (RAM))
                0x00000200                        _Min_Heap_Size = 0x200
                0x00000400                        _Min_Stack_Size = 0x400

.isr_vector     0x08000000      0x198
                0x08000000                        . = ALIGN (0x4)
 *(.isr_vector)
 .isr_vector    0x08000000      0x198 CMakeFiles/AeroPush.dir/startup/startup_stm32f411xe.s.obj
                0x08000000                g_pfnVectors
                0x08000198                        . = ALIGN (0x4)

.text           0x080001a0     0x6280
                0x080001a0                        . = ALIGN (0x4)
 *(.text)
 .text          0x080001a0       0x40 D:/STM32CubeIDE/STM32CubeIDE_2.1.1/STM32CubeIDE/plugins/com.st.stm32cube.ide.mcu.externaltools.gnu-tools-for-stm32.14.3.rel1.win32_1.0.100.202602081740/tools/bin/../lib/gcc/arm-none-eabi/14.3.1/thumb/v7e-m+fp/hard/crtbegin.o
 .text          0x080001e0      0x378 D:/STM32CubeIDE/STM32CubeIDE_2.1.1/STM32CubeIDE/plugins/com.st.stm32cube.ide.mcu.externaltools.gnu-tools-for-stm32.14.3.rel1.win32_1.0.100.202602081740/tools/bin/../lib/gcc/arm-none-eabi/14.3.1/thumb/v7e-m+fp/hard\libgcc.a(_arm_addsubdf3.o)
                0x080001e0                __aeabi_drsub
                0x080001e8                __aeabi_dsub
                0x080001e8                __subdf3
                0x080001ec                __aeabi_dadd
                0x080001ec                __adddf3
                0x08000464                __floatunsidf
                0x08000464                __aeabi_ui2d
                0x08000484                __floatsidf
                0x08000484                __aeabi_i2d
                0x080004a8                __aeabi_f2d
                0x080004a8                __extendsfdf2
                0x080004ec                __floatundidf
                0x080004ec                __aeabi_ul2d
                0x080004fc                __floatdidf
                0x080004fc                __aeabi_l2d
 *fill*         0x08000558        0x8 
 .text          0x08000560       0xa0 D:/STM32CubeIDE/STM32CubeIDE_2.1.1/STM32CubeIDE/plugins/com.st.stm32cube.ide.mcu.externaltools.gnu-tools-for-stm32.14.3.rel1.win32_1.0.100.202602081740/tools/bin/../lib/gcc/arm-none-eabi/14.3.1/../../../../arm-none-eabi/lib/thumb/v7e-m+fp/hard\libc_nano.a(libc_a-memchr.o)
                0x08000560                memchr
 .text          0x08000600       0x10 D:/STM32CubeIDE/STM32CubeIDE_2.1.1/STM32CubeIDE/plugins/com.st.stm32cube.ide.mcu.externaltools.gnu-tools-for-stm32.14.3.rel1.win32_1.0.100.202602081740/tools/bin/../lib/gcc/arm-none-eabi/14.3.1/../../../../arm-none-eabi/lib/thumb/v7e-m+fp/hard\libc_nano.a(libc_a-strlen.o)
                0x08000600                strlen
 .text          0x08000610      0x424 D:/STM32CubeIDE/STM32CubeIDE_2.1.1/STM32CubeIDE/plugins/com.st.stm32cube.ide.mcu.externaltools.gnu-tools-for-stm32.14.3.rel1.win32_1.0.100.202602081740/tools/bin/../lib/gcc/arm-none-eabi/14.3.1/thumb/v7e-m+fp/hard\libgcc.a(_arm_muldivdf3.o)
                0x08000610                __aeabi_dmul
                0x08000610                __muldf3
                0x08000864                __divdf3
                0x08000864                __aeabi_ddiv
 .text          0x08000a34      0x110 D:/STM32CubeIDE/STM32CubeIDE_2.1.1/STM32CubeIDE/plugins/com.st.stm32cube.ide.mcu.externaltools.gnu-tools-for-stm32.14.3.rel1.win32_1.0.100.202602081740/tools/bin/../lib/gcc/arm-none-eabi/14.3.1/thumb/v7e-m+fp/hard\libgcc.a(_arm_cmpdf2.o)
                0x08000a34                __gtdf2
                0x08000a34                __gedf2
                0x08000a3c                __ltdf2
                0x08000a3c                __ledf2
                0x08000a44                __nedf2
                0x08000a44                __eqdf2
                0x08000a44                __cmpdf2
                0x08000ac0                __aeabi_cdrcmple
                0x08000ad0                __aeabi_cdcmpeq
                0x08000ad0                __aeabi_cdcmple
                0x08000ae0                __aeabi_dcmpeq
                0x08000af4                __aeabi_dcmplt
                0x08000b08                __aeabi_dcmple
                0x08000b1c                __aeabi_dcmpge
                0x08000b30                __aeabi_dcmpgt
 .text          0x08000b44       0x2c D:/STM32CubeIDE/STM32CubeIDE_2.1.1/STM32CubeIDE/plugins/com.st.stm32cube.ide.mcu.externaltools.gnu-tools-for-stm32.14.3.rel1.win32_1.0.100.202602081740/tools/bin/../lib/gcc/arm-none-eabi/14.3.1/thumb/v7e-m+fp/hard\libgcc.a(_arm_unorddf2.o)
                0x08000b44                __unorddf2
                0x08000b44                __aeabi_dcmpun
 .text          0x08000b70       0x50 D:/STM32CubeIDE/STM32CubeIDE_2.1.1/STM32CubeIDE/plugins/com.st.stm32cube.ide.mcu.externaltools.gnu-tools-for-stm32.14.3.rel1.win32_1.0.100.202602081740/tools/bin/../lib/gcc/arm-none-eabi/14.3.1/thumb/v7e-m+fp/hard\libgcc.a(_arm_fixdfsi.o)
                0x08000b70                __aeabi_d2iz
                0x08000b70                __fixdfsi
 *(.text*)
 .text.Reset_Handler
                0x08000bc0       0x50 CMakeFiles/AeroPush.dir/startup/startup_stm32f411xe.s.obj
                0x08000bc0                Reset_Handler
 .text.Default_Handler
                0x08000c10        0x2 CMakeFiles/AeroPush.dir/startup/startup_stm32f411xe.s.obj
                0x08000c10                RTC_Alarm_IRQHandler
                0x08000c10                EXTI2_IRQHandler
                0x08000c10                SPI4_IRQHandler
                0x08000c10                TIM1_CC_IRQHandler
                0x08000c10                DMA2_Stream5_IRQHandler
                0x08000c10                DMA1_Stream5_IRQHandler
                0x08000c10                PVD_IRQHandler
                0x08000c10                SDIO_IRQHandler
                0x08000c10                TAMP_STAMP_IRQHandler
                0x08000c10                EXTI3_IRQHandler
                0x08000c10                TIM1_UP_TIM10_IRQHandler
                0x08000c10                I2C3_ER_IRQHandler
                0x08000c10                EXTI0_IRQHandler
                0x08000c10                I2C2_EV_IRQHandler
                0x08000c10                DMA1_Stream2_IRQHandler
                0x08000c10                FPU_IRQHandler
                0x08000c10                DMA2_Stream2_IRQHandler
                0x08000c10                SPI1_IRQHandler
                0x08000c10                TIM1_BRK_TIM9_IRQHandler
                0x08000c10                DMA2_Stream3_IRQHandler
                0x08000c10                USART6_IRQHandler
                0x08000c10                DMA2_Stream0_IRQHandler
                0x08000c10                TIM4_IRQHandler
                0x08000c10                I2C1_EV_IRQHandler
                0x08000c10                DMA1_Stream6_IRQHandler
                0x08000c10                DMA1_Stream1_IRQHandler
                0x08000c10                TIM3_IRQHandler
                0x08000c10                RCC_IRQHandler
                0x08000c10                Default_Handler
                0x08000c10                EXTI15_10_IRQHandler
                0x08000c10                ADC_IRQHandler
                0x08000c10                DMA1_Stream7_IRQHandler
                0x08000c10                SPI5_IRQHandler
                0x08000c10                TIM5_IRQHandler
                0x08000c10                DMA2_Stream7_IRQHandler
                0x08000c10                I2C3_EV_IRQHandler
                0x08000c10                EXTI9_5_IRQHandler
                0x08000c10                RTC_WKUP_IRQHandler
                0x08000c10                SPI2_IRQHandler
                0x08000c10                DMA1_Stream0_IRQHandler
                0x08000c10                EXTI4_IRQHandler
                0x08000c10                WWDG_IRQHandler
                0x08000c10                TIM2_IRQHandler
                0x08000c10                OTG_FS_WKUP_IRQHandler
                0x08000c10                TIM1_TRG_COM_TIM11_IRQHandler
                0x08000c10                EXTI1_IRQHandler
                0x08000c10                USART2_IRQHandler
                0x08000c10                I2C2_ER_IRQHandler
                0x08000c10                DMA2_Stream1_IRQHandler
                0x08000c10                FLASH_IRQHandler
                0x08000c10                DMA2_Stream4_IRQHandler
                0x08000c10                USART1_IRQHandler
                0x08000c10                OTG_FS_IRQHandler
                0x08000c10                SPI3_IRQHandler
                0x08000c10                DMA1_Stream4_IRQHandler
                0x08000c10                I2C1_ER_IRQHandler
                0x08000c10                DMA2_Stream6_IRQHandler
                0x08000c10                DMA1_Stream3_IRQHandler
 *fill*         0x08000c12        0x2 
 .text._sbrk    0x08000c14       0x40 CMakeFiles/AeroPush.dir/Core/Src/syscalls.c.obj
                0x08000c14                _sbrk
 .text._write   0x08000c54       0x3c CMakeFiles/AeroPush.dir/Core/Src/syscalls.c.obj
                0x08000c54                _write
 .text._read    0x08000c90       0x10 CMakeFiles/AeroPush.dir/Core/Src/syscalls.c.obj
                0x08000c90                _read
 .text._close   0x08000ca0       0x10 CMakeFiles/AeroPush.dir/Core/Src/syscalls.c.obj
                0x08000ca0                _close
 .text._isatty  0x08000cb0       0x16 CMakeFiles/AeroPush.dir/Core/Src/syscalls.c.obj
                0x08000cb0                _isatty
 .text._lseek   0x08000cc6       0x10 CMakeFiles/AeroPush.dir/Core/Src/syscalls.c.obj
                0x08000cc6                _lseek
 .text._fstat   0x08000cd6       0x1e CMakeFiles/AeroPush.dir/Core/Src/syscalls.c.obj
                0x08000cd6                _fstat
 .text._getpid  0x08000cf4        0x4 CMakeFiles/AeroPush.dir/Core/Src/syscalls.c.obj
                0x08000cf4                _getpid
 .text._kill    0x08000cf8       0x10 CMakeFiles/AeroPush.dir/Core/Src/syscalls.c.obj
                0x08000cf8                _kill
 .text._exit    0x08000d08        0x2 CMakeFiles/AeroPush.dir/Core/Src/syscalls.c.obj
                0x08000d08                _exit
 *fill*         0x08000d0a        0x2 
 .text.SetSysClock
                0x08000d0c       0xc0 CMakeFiles/AeroPush.dir/E_/Stm32Project/AeroPush/Lib/Libraries/CMSIS/Device/ST/STM32F4xx/Source/Templates/system_stm32f4xx.c.obj
 .text.SystemInit
                0x08000dcc       0x50 CMakeFiles/AeroPush.dir/E_/Stm32Project/AeroPush/Lib/Libraries/CMSIS/Device/ST/STM32F4xx/Source/Templates/system_stm32f4xx.c.obj
                0x08000dcc                SystemInit
 .text.GPIO_Init
                0x08000e1c       0xa4 CMakeFiles/AeroPush.dir/E_/Stm32Project/AeroPush/Lib/Libraries/STM32F4xx_StdPeriph_Driver/src/stm32f4xx_gpio.c.obj
                0x08000e1c                GPIO_Init
 .text.GPIO_ResetBits
                0x08000ec0        0x6 CMakeFiles/AeroPush.dir/E_/Stm32Project/AeroPush/Lib/Libraries/STM32F4xx_StdPeriph_Driver/src/stm32f4xx_gpio.c.obj
                0x08000ec0                GPIO_ResetBits
 .text.GPIO_WriteBit
                0x08000ec6        0xc CMakeFiles/AeroPush.dir/E_/Stm32Project/AeroPush/Lib/Libraries/STM32F4xx_StdPeriph_Driver/src/stm32f4xx_gpio.c.obj
                0x08000ec6                GPIO_WriteBit
 .text.GPIO_PinAFConfig
                0x08000ed2       0x32 CMakeFiles/AeroPush.dir/E_/Stm32Project/AeroPush/Lib/Libraries/STM32F4xx_StdPeriph_Driver/src/stm32f4xx_gpio.c.obj
                0x08000ed2                GPIO_PinAFConfig
 .text.RCC_GetClocksFreq
                0x08000f04       0xb4 CMakeFiles/AeroPush.dir/E_/Stm32Project/AeroPush/Lib/Libraries/STM32F4xx_StdPeriph_Driver/src/stm32f4xx_rcc.c.obj
                0x08000f04                RCC_GetClocksFreq
 .text.RCC_AHB1PeriphClockCmd
                0x08000fb8       0x1c CMakeFiles/AeroPush.dir/E_/Stm32Project/AeroPush/Lib/Libraries/STM32F4xx_StdPeriph_Driver/src/stm32f4xx_rcc.c.obj
                0x08000fb8                RCC_AHB1PeriphClockCmd
 .text.RCC_APB2PeriphClockCmd
                0x08000fd4       0x1c CMakeFiles/AeroPush.dir/E_/Stm32Project/AeroPush/Lib/Libraries/STM32F4xx_StdPeriph_Driver/src/stm32f4xx_rcc.c.obj
                0x08000fd4                RCC_APB2PeriphClockCmd
 .text.USART_Init
                0x08000ff0       0xcc CMakeFiles/AeroPush.dir/E_/Stm32Project/AeroPush/Lib/Libraries/STM32F4xx_StdPeriph_Driver/src/stm32f4xx_usart.c.obj
                0x08000ff0                USART_Init
 .text.USART_Cmd
                0x080010bc       0x1c CMakeFiles/AeroPush.dir/E_/Stm32Project/AeroPush/Lib/Libraries/STM32F4xx_StdPeriph_Driver/src/stm32f4xx_usart.c.obj
                0x080010bc                USART_Cmd
 .text.USART_SendData
                0x080010d8        0x8 CMakeFiles/AeroPush.dir/E_/Stm32Project/AeroPush/Lib/Libraries/STM32F4xx_StdPeriph_Driver/src/stm32f4xx_usart.c.obj
                0x080010d8                USART_SendData
 .text.USART_ReceiveData
                0x080010e0        0x8 CMakeFiles/AeroPush.dir/E_/Stm32Project/AeroPush/Lib/Libraries/STM32F4xx_StdPeriph_Driver/src/stm32f4xx_usart.c.obj
                0x080010e0                USART_ReceiveData
 .text.USART_GetFlagStatus
                0x080010e8        0xe CMakeFiles/AeroPush.dir/E_/Stm32Project/AeroPush/Lib/Libraries/STM32F4xx_StdPeriph_Driver/src/stm32f4xx_usart.c.obj
                0x080010e8                USART_GetFlagStatus
 .text.main     0x080010f6        0xc CMakeFiles/AeroPush.dir/E_/Stm32Project/AeroPush/User/Src/main.c.obj
                0x080010f6                main
 .text.APP_Main
                0x08001102       0x10 CMakeFiles/AeroPush.dir/E_/Stm32Project/AeroPush/User/Src/app_main.c.obj
                0x08001102                APP_Main
 .text.NMI_Handler
                0x08001112        0x2 CMakeFiles/AeroPush.dir/E_/Stm32Project/AeroPush/User/Src/stm32f4xx_it.c.obj
                0x08001112                NMI_Handler
 .text.HardFault_Handler
                0x08001114        0x2 CMakeFiles/AeroPush.dir/E_/Stm32Project/AeroPush/User/Src/stm32f4xx_it.c.obj
                0x08001114                HardFault_Handler
 .text.MemManage_Handler
                0x08001116        0x2 CMakeFiles/AeroPush.dir/E_/Stm32Project/AeroPush/User/Src/stm32f4xx_it.c.obj
                0x08001116                MemManage_Handler
 .text.BusFault_Handler
                0x08001118        0x2 CMakeFiles/AeroPush.dir/E_/Stm32Project/AeroPush/User/Src/stm32f4xx_it.c.obj
                0x08001118                BusFault_Handler
 .text.UsageFault_Handler
                0x0800111a        0x2 CMakeFiles/AeroPush.dir/E_/Stm32Project/AeroPush/User/Src/stm32f4xx_it.c.obj
                0x0800111a                UsageFault_Handler
 .text.DebugMon_Handler
                0x0800111c        0x2 CMakeFiles/AeroPush.dir/E_/Stm32Project/AeroPush/User/Src/stm32f4xx_it.c.obj
                0x0800111c                DebugMon_Handler
 *fill*         0x0800111e        0x2 
 .text.LedTask  0x08001120       0xf0 CMakeFiles/AeroPush.dir/E_/Stm32Project/AeroPush/User/Src/app_tasks.c.obj
 .text.TelemetryTask
                0x08001210       0xd0 CMakeFiles/AeroPush.dir/E_/Stm32Project/AeroPush/User/Src/app_tasks.c.obj
 .text.ModemTask
                0x080012e0       0xd4 CMakeFiles/AeroPush.dir/E_/Stm32Project/AeroPush/User/Src/app_tasks.c.obj
 .text.InitTask
                0x080013b4       0x2e CMakeFiles/AeroPush.dir/E_/Stm32Project/AeroPush/User/Src/app_tasks.c.obj
 *fill*         0x080013e2        0x2 
 .text.APP_TasksCreate
                0x080013e4       0x8c CMakeFiles/AeroPush.dir/E_/Stm32Project/AeroPush/User/Src/app_tasks.c.obj
                0x080013e4                APP_TasksCreate
 .text.ModemService_BuildSimGnss
                0x08001470       0x7c CMakeFiles/AeroPush.dir/E_/Stm32Project/AeroPush/User/Src/modem_service.c.obj
                0x08001470                ModemService_BuildSimGnss
 .text.ModemService_Publish
                0x080014ec        0x2 CMakeFiles/AeroPush.dir/E_/Stm32Project/AeroPush/User/Src/modem_service.c.obj
                0x080014ec                ModemService_Publish
 *fill*         0x080014ee        0x2 
 .text.Telemetry_BuildMqttMsg
                0x080014f0       0xa8 CMakeFiles/AeroPush.dir/E_/Stm32Project/AeroPush/User/Src/telemetry_service.c.obj
                0x080014f0                Telemetry_BuildMqttMsg
 .text.LedService_Init
                0x08001598        0x8 CMakeFiles/AeroPush.dir/E_/Stm32Project/AeroPush/User/Src/led_service.c.obj
                0x08001598                LedService_Init
 .text.LedService_Set
                0x080015a0        0x8 CMakeFiles/AeroPush.dir/E_/Stm32Project/AeroPush/User/Src/led_service.c.obj
                0x080015a0                LedService_Set
 .text.DebugService_Init
                0x080015a8        0x8 CMakeFiles/AeroPush.dir/E_/Stm32Project/AeroPush/User/Src/debug_service.c.obj
                0x080015a8                DebugService_Init
 .text.FreeRTOS_ObjectsCreate
                0x080015b0       0x58 CMakeFiles/AeroPush.dir/E_/Stm32Project/AeroPush/User/Src/freertos_objects.c.obj
                0x080015b0                FreeRTOS_ObjectsCreate
 .text.vApplicationMallocFailedHook
                0x08001608       0x12 CMakeFiles/AeroPush.dir/E_/Stm32Project/AeroPush/User/Src/freertos_hook.c.obj
                0x08001608                vApplicationMallocFailedHook
 *fill*         0x0800161a        0x2 
 .text.vApplicationStackOverflowHook
                0x0800161c       0x20 CMakeFiles/AeroPush.dir/E_/Stm32Project/AeroPush/User/Src/freertos_hook.c.obj
                0x0800161c                vApplicationStackOverflowHook
 .text.AppStatus_Set
                0x0800163c       0x14 CMakeFiles/AeroPush.dir/E_/Stm32Project/AeroPush/User/Src/app_status.c.obj
                0x0800163c                AppStatus_Set
 .text.AppStatus_Clear
                0x08001650       0x14 CMakeFiles/AeroPush.dir/E_/Stm32Project/AeroPush/User/Src/app_status.c.obj
                0x08001650                AppStatus_Clear
 .text.AppStatus_SetCalState
                0x08001664        0xc CMakeFiles/AeroPush.dir/E_/Stm32Project/AeroPush/User/Src/app_status.c.obj
                0x08001664                AppStatus_SetCalState
 .text.AppStatus_GetCalState
                0x08001670        0xc CMakeFiles/AeroPush.dir/E_/Stm32Project/AeroPush/User/Src/app_status.c.obj
                0x08001670                AppStatus_GetCalState
 .text.BSP_LED_Off
                0x0800167c       0x1c CMakeFiles/AeroPush.dir/E_/Stm32Project/AeroPush/User/Src/bsp_led.c.obj
                0x0800167c                BSP_LED_Off
 .text.BSP_LED_Init
                0x08001698       0x44 CMakeFiles/AeroPush.dir/E_/Stm32Project/AeroPush/User/Src/bsp_led.c.obj
                0x08001698                BSP_LED_Init
 .text.BSP_LED_Set
                0x080016dc       0x28 CMakeFiles/AeroPush.dir/E_/Stm32Project/AeroPush/User/Src/bsp_led.c.obj
                0x080016dc                BSP_LED_Set
 .text.BSP_DebugUart_Init
                0x08001704       0x88 CMakeFiles/AeroPush.dir/E_/Stm32Project/AeroPush/User/Src/bsp_debug_uart.c.obj
                0x08001704                BSP_DebugUart_Init
 .text.BSP_DebugUart_SendChar
                0x0800178c       0x20 CMakeFiles/AeroPush.dir/E_/Stm32Project/AeroPush/User/Src/bsp_debug_uart.c.obj
                0x0800178c                BSP_DebugUart_SendChar
 .text.BSP_DebugUart_SendString
                0x080017ac       0x14 CMakeFiles/AeroPush.dir/E_/Stm32Project/AeroPush/User/Src/bsp_debug_uart.c.obj
                0x080017ac                BSP_DebugUart_SendString
 .text.BSP_A7670E_Uart_Init
                0x080017c0       0x8c CMakeFiles/AeroPush.dir/E_/Stm32Project/AeroPush/User/Src/bsp_a7670e_uart.c.obj
                0x080017c0                BSP_A7670E_Uart_Init
 .text.BSP_A7670E_Uart_SendByte
                0x0800184c       0x20 CMakeFiles/AeroPush.dir/E_/Stm32Project/AeroPush/User/Src/bsp_a7670e_uart.c.obj
                0x0800184c                BSP_A7670E_Uart_SendByte
 .text.BSP_A7670E_Uart_ReceiveByte
                0x0800186c       0x2c CMakeFiles/AeroPush.dir/E_/Stm32Project/AeroPush/User/Src/bsp_a7670e_uart.c.obj
                0x0800186c                BSP_A7670E_Uart_ReceiveByte
 .text.BSP_A7670E_Uart_SendString
                0x08001898       0x16 CMakeFiles/AeroPush.dir/E_/Stm32Project/AeroPush/User/Src/bsp_a7670e_uart.c.obj
                0x08001898                BSP_A7670E_Uart_SendString
 *fill*         0x080018ae        0x2 
 .text.Debug_Print
                0x080018b0       0x2c CMakeFiles/AeroPush.dir/E_/Stm32Project/AeroPush/User/Src/debug_log.c.obj
                0x080018b0                Debug_Print
 .text.Debug_Printf
                0x080018dc       0x2a CMakeFiles/AeroPush.dir/E_/Stm32Project/AeroPush/User/Src/debug_log.c.obj
                0x080018dc                Debug_Printf
 .text.xEventGroupCreate
                0x08001906       0x1a CMakeFiles/AeroPush.dir/E_/Stm32Project/AeroPush/FreeRTOS/Source/event_groups.c.obj
                0x08001906                xEventGroupCreate
 .text.xEventGroupClearBits
                0x08001920       0x1a CMakeFiles/AeroPush.dir/E_/Stm32Project/AeroPush/FreeRTOS/Source/event_groups.c.obj
                0x08001920                xEventGroupClearBits
 .text.xEventGroupSetBits
                0x0800193a       0x62 CMakeFiles/AeroPush.dir/E_/Stm32Project/AeroPush/FreeRTOS/Source/event_groups.c.obj
                0x0800193a                xEventGroupSetBits
 .text.vListInitialise
                0x0800199c       0x16 CMakeFiles/AeroPush.dir/E_/Stm32Project/AeroPush/FreeRTOS/Source/list.c.obj
                0x0800199c                vListInitialise
 .text.vListInitialiseItem
                0x080019b2        0x6 CMakeFiles/AeroPush.dir/E_/Stm32Project/AeroPush/FreeRTOS/Source/list.c.obj
                0x080019b2                vListInitialiseItem
 .text.vListInsertEnd
                0x080019b8       0x16 CMakeFiles/AeroPush.dir/E_/Stm32Project/AeroPush/FreeRTOS/Source/list.c.obj
                0x080019b8                vListInsertEnd
 .text.vListInsert
                0x080019ce       0x32 CMakeFiles/AeroPush.dir/E_/Stm32Project/AeroPush/FreeRTOS/Source/list.c.obj
                0x080019ce                vListInsert
 .text.uxListRemove
                0x08001a00       0x24 CMakeFiles/AeroPush.dir/E_/Stm32Project/AeroPush/FreeRTOS/Source/list.c.obj
                0x08001a00                uxListRemove
 .text.prvGetHighestPriorityOfWaitToReceiveList
                0x08001a24       0x10 CMakeFiles/AeroPush.dir/E_/Stm32Project/AeroPush/FreeRTOS/Source/queue.c.obj
 .text.prvIsQueueFull
                0x08001a34       0x1e CMakeFiles/AeroPush.dir/E_/Stm32Project/AeroPush/FreeRTOS/Source/queue.c.obj
 .text.prvIsQueueEmpty
                0x08001a52       0x1a CMakeFiles/AeroPush.dir/E_/Stm32Project/AeroPush/FreeRTOS/Source/queue.c.obj
 .text.prvCopyDataToQueue
                0x08001a6c       0x76 CMakeFiles/AeroPush.dir/E_/Stm32Project/AeroPush/FreeRTOS/Source/queue.c.obj
 .text.prvCopyDataFromQueue
                0x08001ae2       0x24 CMakeFiles/AeroPush.dir/E_/Stm32Project/AeroPush/FreeRTOS/Source/queue.c.obj
 .text.prvUnlockQueue
                0x08001b06       0x6e CMakeFiles/AeroPush.dir/E_/Stm32Project/AeroPush/FreeRTOS/Source/queue.c.obj
 .text.xQueueGenericReset
                0x08001b74       0x96 CMakeFiles/AeroPush.dir/E_/Stm32Project/AeroPush/FreeRTOS/Source/queue.c.obj
                0x08001b74                xQueueGenericReset
 .text.prvInitialiseNewQueue
                0x08001c0a       0x1c CMakeFiles/AeroPush.dir/E_/Stm32Project/AeroPush/FreeRTOS/Source/queue.c.obj
 .text.xQueueGenericCreate
                0x08001c26       0x50 CMakeFiles/AeroPush.dir/E_/Stm32Project/AeroPush/FreeRTOS/Source/queue.c.obj
                0x08001c26                xQueueGenericCreate
 .text.xQueueGenericSend
                0x08001c76      0x11e CMakeFiles/AeroPush.dir/E_/Stm32Project/AeroPush/FreeRTOS/Source/queue.c.obj
                0x08001c76                xQueueGenericSend
 .text.prvInitialiseMutex
                0x08001d94       0x18 CMakeFiles/AeroPush.dir/E_/Stm32Project/AeroPush/FreeRTOS/Source/queue.c.obj
 .text.xQueueCreateMutex
                0x08001dac       0x16 CMakeFiles/AeroPush.dir/E_/Stm32Project/AeroPush/FreeRTOS/Source/queue.c.obj
                0x08001dac                xQueueCreateMutex
 .text.xQueueGiveMutexRecursive
                0x08001dc2       0x2c CMakeFiles/AeroPush.dir/E_/Stm32Project/AeroPush/FreeRTOS/Source/queue.c.obj
                0x08001dc2                xQueueGiveMutexRecursive
 .text.xQueueReceive
                0x08001dee      0x110 CMakeFiles/AeroPush.dir/E_/Stm32Project/AeroPush/FreeRTOS/Source/queue.c.obj
                0x08001dee                xQueueReceive
 .text.xQueueSemaphoreTake
                0x08001efe      0x146 CMakeFiles/AeroPush.dir/E_/Stm32Project/AeroPush/FreeRTOS/Source/queue.c.obj
                0x08001efe                xQueueSemaphoreTake
 .text.xQueueTakeMutexRecursive
                0x08002044       0x2c CMakeFiles/AeroPush.dir/E_/Stm32Project/AeroPush/FreeRTOS/Source/queue.c.obj
                0x08002044                xQueueTakeMutexRecursive
 .text.xQueuePeek
                0x08002070      0x110 CMakeFiles/AeroPush.dir/E_/Stm32Project/AeroPush/FreeRTOS/Source/queue.c.obj
                0x08002070                xQueuePeek
 .text.vQueueAddToRegistry
                0x08002180       0x50 CMakeFiles/AeroPush.dir/E_/Stm32Project/AeroPush/FreeRTOS/Source/queue.c.obj
                0x08002180                vQueueAddToRegistry
 .text.vQueueWaitForMessageRestricted
                0x080021d0       0x52 CMakeFiles/AeroPush.dir/E_/Stm32Project/AeroPush/FreeRTOS/Source/queue.c.obj
                0x080021d0                vQueueWaitForMessageRestricted
 *fill*         0x08002222        0x2 
 .text.prvResetNextTaskUnblockTime
                0x08002224       0x28 CMakeFiles/AeroPush.dir/E_/Stm32Project/AeroPush/FreeRTOS/Source/tasks.c.obj
 .text.prvDeleteTCB
                0x0800224c       0x12 CMakeFiles/AeroPush.dir/E_/Stm32Project/AeroPush/FreeRTOS/Source/tasks.c.obj
 .text.prvInitialiseNewTask
                0x0800225e       0x90 CMakeFiles/AeroPush.dir/E_/Stm32Project/AeroPush/FreeRTOS/Source/tasks.c.obj
 .text.prvCreateTask
                0x080022ee       0x5c CMakeFiles/AeroPush.dir/E_/Stm32Project/AeroPush/FreeRTOS/Source/tasks.c.obj
 *fill*         0x0800234a        0x2 
 .text.prvInitialiseTaskLists
                0x0800234c       0x68 CMakeFiles/AeroPush.dir/E_/Stm32Project/AeroPush/FreeRTOS/Source/tasks.c.obj
 .text.prvAddNewTaskToReadyList
                0x080023b4       0xcc CMakeFiles/AeroPush.dir/E_/Stm32Project/AeroPush/FreeRTOS/Source/tasks.c.obj
 .text.prvCheckTasksWaitingTermination
                0x08002480       0x4c CMakeFiles/AeroPush.dir/E_/Stm32Project/AeroPush/FreeRTOS/Source/tasks.c.obj
 .text.prvIdleTask
                0x080024cc       0x28 CMakeFiles/AeroPush.dir/E_/Stm32Project/AeroPush/FreeRTOS/Source/tasks.c.obj
 .text.prvAddCurrentTaskToDelayedList
                0x080024f4       0xbc CMakeFiles/AeroPush.dir/E_/Stm32Project/AeroPush/FreeRTOS/Source/tasks.c.obj
 .text.xTaskCreate
                0x080025b0       0x22 CMakeFiles/AeroPush.dir/E_/Stm32Project/AeroPush/FreeRTOS/Source/tasks.c.obj
                0x080025b0                xTaskCreate
 *fill*         0x080025d2        0x2 
 .text.prvCreateIdleTasks
                0x080025d4       0x64 CMakeFiles/AeroPush.dir/E_/Stm32Project/AeroPush/FreeRTOS/Source/tasks.c.obj
 .text.vTaskDelete
                0x08002638       0xd4 CMakeFiles/AeroPush.dir/E_/Stm32Project/AeroPush/FreeRTOS/Source/tasks.c.obj
                0x08002638                vTaskDelete
 .text.vTaskStartScheduler
                0x0800270c       0x54 CMakeFiles/AeroPush.dir/E_/Stm32Project/AeroPush/FreeRTOS/Source/tasks.c.obj
                0x0800270c                vTaskStartScheduler
 .text.vTaskSuspendAll
                0x08002760       0x10 CMakeFiles/AeroPush.dir/E_/Stm32Project/AeroPush/FreeRTOS/Source/tasks.c.obj
                0x08002760                vTaskSuspendAll
 .text.xTaskGetTickCount
                0x08002770        0xc CMakeFiles/AeroPush.dir/E_/Stm32Project/AeroPush/FreeRTOS/Source/tasks.c.obj
                0x08002770                xTaskGetTickCount
 .text.xTaskIncrementTick
                0x0800277c      0x160 CMakeFiles/AeroPush.dir/E_/Stm32Project/AeroPush/FreeRTOS/Source/tasks.c.obj
                0x0800277c                xTaskIncrementTick
 .text.xTaskResumeAll
                0x080028dc      0x140 CMakeFiles/AeroPush.dir/E_/Stm32Project/AeroPush/FreeRTOS/Source/tasks.c.obj
                0x080028dc                xTaskResumeAll
 .text.vTaskDelay
                0x08002a1c       0x32 CMakeFiles/AeroPush.dir/E_/Stm32Project/AeroPush/FreeRTOS/Source/tasks.c.obj
                0x08002a1c                vTaskDelay
 *fill*         0x08002a4e        0x2 
 .text.vTaskSwitchContext
                0x08002a50       0xbc CMakeFiles/AeroPush.dir/E_/Stm32Project/AeroPush/FreeRTOS/Source/tasks.c.obj
                0x08002a50                vTaskSwitchContext
 .text.vTaskPlaceOnEventList
                0x08002b0c       0x1c CMakeFiles/AeroPush.dir/E_/Stm32Project/AeroPush/FreeRTOS/Source/tasks.c.obj
                0x08002b0c                vTaskPlaceOnEventList
 .text.vTaskPlaceOnEventListRestricted
                0x08002b28       0x3c CMakeFiles/AeroPush.dir/E_/Stm32Project/AeroPush/FreeRTOS/Source/tasks.c.obj
                0x08002b28                vTaskPlaceOnEventListRestricted
 .text.xTaskRemoveFromEventList
                0x08002b64       0xe0 CMakeFiles/AeroPush.dir/E_/Stm32Project/AeroPush/FreeRTOS/Source/tasks.c.obj
                0x08002b64                xTaskRemoveFromEventList
 .text.vTaskRemoveFromUnorderedEventList
                0x08002c44       0xb4 CMakeFiles/AeroPush.dir/E_/Stm32Project/AeroPush/FreeRTOS/Source/tasks.c.obj
                0x08002c44                vTaskRemoveFromUnorderedEventList
 .text.vTaskInternalSetTimeOutState
                0x08002cf8       0x18 CMakeFiles/AeroPush.dir/E_/Stm32Project/AeroPush/FreeRTOS/Source/tasks.c.obj
                0x08002cf8                vTaskInternalSetTimeOutState
 .text.xTaskCheckForTimeOut
                0x08002d10       0x60 CMakeFiles/AeroPush.dir/E_/Stm32Project/AeroPush/FreeRTOS/Source/tasks.c.obj
                0x08002d10                xTaskCheckForTimeOut
 .text.vTaskMissedYield
                0x08002d70        0xc CMakeFiles/AeroPush.dir/E_/Stm32Project/AeroPush/FreeRTOS/Source/tasks.c.obj
                0x08002d70                vTaskMissedYield
 .text.xTaskGetCurrentTaskHandle
                0x08002d7c        0xc CMakeFiles/AeroPush.dir/E_/Stm32Project/AeroPush/FreeRTOS/Source/tasks.c.obj
                0x08002d7c                xTaskGetCurrentTaskHandle
 .text.xTaskPriorityInherit
                0x08002d88       0xc8 CMakeFiles/AeroPush.dir/E_/Stm32Project/AeroPush/FreeRTOS/Source/tasks.c.obj
                0x08002d88                xTaskPriorityInherit
 .text.xTaskPriorityDisinherit
                0x08002e50       0x90 CMakeFiles/AeroPush.dir/E_/Stm32Project/AeroPush/FreeRTOS/Source/tasks.c.obj
                0x08002e50                xTaskPriorityDisinherit
 .text.vTaskPriorityDisinheritAfterTimeout
                0x08002ee0       0xa0 CMakeFiles/AeroPush.dir/E_/Stm32Project/AeroPush/FreeRTOS/Source/tasks.c.obj
                0x08002ee0                vTaskPriorityDisinheritAfterTimeout
 .text.pvTaskIncrementMutexHeldCount
                0x08002f80       0x14 CMakeFiles/AeroPush.dir/E_/Stm32Project/AeroPush/FreeRTOS/Source/tasks.c.obj
                0x08002f80                pvTaskIncrementMutexHeldCount
 .text.prvGetNextExpireTime
                0x08002f94       0x20 CMakeFiles/AeroPush.dir/E_/Stm32Project/AeroPush/FreeRTOS/Source/timers.c.obj
 .text.prvInsertTimerInActiveList
                0x08002fb4       0x48 CMakeFiles/AeroPush.dir/E_/Stm32Project/AeroPush/FreeRTOS/Source/timers.c.obj
 .text.prvReloadTimer
                0x08002ffc       0x28 CMakeFiles/AeroPush.dir/E_/Stm32Project/AeroPush/FreeRTOS/Source/timers.c.obj
 .text.prvProcessExpiredTimer
                0x08003024       0x40 CMakeFiles/AeroPush.dir/E_/Stm32Project/AeroPush/FreeRTOS/Source/timers.c.obj
 .text.prvSwitchTimerLists
                0x08003064       0x30 CMakeFiles/AeroPush.dir/E_/Stm32Project/AeroPush/FreeRTOS/Source/timers.c.obj
 .text.prvSampleTimeNow
                0x08003094       0x2c CMakeFiles/AeroPush.dir/E_/Stm32Project/AeroPush/FreeRTOS/Source/timers.c.obj
 .text.prvProcessTimerOrBlockTask
                0x080030c0       0x74 CMakeFiles/AeroPush.dir/E_/Stm32Project/AeroPush/FreeRTOS/Source/timers.c.obj
 .text.prvProcessReceivedCommands
                0x08003134       0xe8 CMakeFiles/AeroPush.dir/E_/Stm32Project/AeroPush/FreeRTOS/Source/timers.c.obj
 .text.prvTimerTask
                0x0800321c       0x16 CMakeFiles/AeroPush.dir/E_/Stm32Project/AeroPush/FreeRTOS/Source/timers.c.obj
 *fill*         0x08003232        0x2 
 .text.prvCheckForValidListAndQueue
                0x08003234       0x5c CMakeFiles/AeroPush.dir/E_/Stm32Project/AeroPush/FreeRTOS/Source/timers.c.obj
 .text.xTimerCreateTimerTask
                0x08003290       0x3c CMakeFiles/AeroPush.dir/E_/Stm32Project/AeroPush/FreeRTOS/Source/timers.c.obj
                0x08003290                xTimerCreateTimerTask
 .text.prvTaskExitError
                0x080032cc       0x20 CMakeFiles/AeroPush.dir/E_/Stm32Project/AeroPush/FreeRTOS/Portable/GCC/ARM_CM4F/port.c.obj
 .text.prvPortStartFirstTask
                0x080032ec       0x28 CMakeFiles/AeroPush.dir/E_/Stm32Project/AeroPush/FreeRTOS/Portable/GCC/ARM_CM4F/port.c.obj
 .text.vPortEnableVFP
                0x08003314       0x14 CMakeFiles/AeroPush.dir/E_/Stm32Project/AeroPush/FreeRTOS/Portable/GCC/ARM_CM4F/port.c.obj
 .text.pxPortInitialiseStack
                0x08003328       0x2c CMakeFiles/AeroPush.dir/E_/Stm32Project/AeroPush/FreeRTOS/Portable/GCC/ARM_CM4F/port.c.obj
                0x08003328                pxPortInitialiseStack
 .text.SVC_Handler
                0x08003354       0x20 CMakeFiles/AeroPush.dir/E_/Stm32Project/AeroPush/FreeRTOS/Portable/GCC/ARM_CM4F/port.c.obj
                0x08003354                SVC_Handler
 .text.vPortEnterCritical
                0x08003374       0x20 CMakeFiles/AeroPush.dir/E_/Stm32Project/AeroPush/FreeRTOS/Portable/GCC/ARM_CM4F/port.c.obj
                0x08003374                vPortEnterCritical
 .text.vPortExitCritical
                0x08003394       0x14 CMakeFiles/AeroPush.dir/E_/Stm32Project/AeroPush/FreeRTOS/Portable/GCC/ARM_CM4F/port.c.obj
                0x08003394                vPortExitCritical
 .text.PendSV_Handler
                0x080033a8       0x5c CMakeFiles/AeroPush.dir/E_/Stm32Project/AeroPush/FreeRTOS/Portable/GCC/ARM_CM4F/port.c.obj
                0x080033a8                PendSV_Handler
 .text.SysTick_Handler
                0x08003404       0x2c CMakeFiles/AeroPush.dir/E_/Stm32Project/AeroPush/FreeRTOS/Portable/GCC/ARM_CM4F/port.c.obj
                0x08003404                SysTick_Handler
 .text.vPortSetupTimerInterrupt
                0x08003430       0x28 CMakeFiles/AeroPush.dir/E_/Stm32Project/AeroPush/FreeRTOS/Portable/GCC/ARM_CM4F/port.c.obj
                0x08003430                vPortSetupTimerInterrupt
 .text.xPortStartScheduler
                0x08003458       0x50 CMakeFiles/AeroPush.dir/E_/Stm32Project/AeroPush/FreeRTOS/Portable/GCC/ARM_CM4F/port.c.obj
                0x08003458                xPortStartScheduler
 .text.prvHeapInit
                0x080034a8       0x58 CMakeFiles/AeroPush.dir/E_/Stm32Project/AeroPush/FreeRTOS/Portable/MemMang/heap_4.c.obj
 .text.prvInsertBlockIntoFreeList
                0x08003500       0x64 CMakeFiles/AeroPush.dir/E_/Stm32Project/AeroPush/FreeRTOS/Portable/MemMang/heap_4.c.obj
 .text.pvPortMalloc
                0x08003564       0xec CMakeFiles/AeroPush.dir/E_/Stm32Project/AeroPush/FreeRTOS/Portable/MemMang/heap_4.c.obj
                0x08003564                pvPortMalloc
 .text.vPortFree
                0x08003650       0x54 CMakeFiles/AeroPush.dir/E_/Stm32Project/AeroPush/FreeRTOS/Portable/MemMang/heap_4.c.obj
                0x08003650                vPortFree
 .text.__cvt    0x080036a4       0xca D:/STM32CubeIDE/STM32CubeIDE_2.1.1/STM32CubeIDE/plugins/com.st.stm32cube.ide.mcu.externaltools.gnu-tools-for-stm32.14.3.rel1.win32_1.0.100.202602081740/tools/bin/../lib/gcc/arm-none-eabi/14.3.1/../../../../arm-none-eabi/lib/thumb/v7e-m+fp/hard\libc_nano.a(libc_a-nano-vfprintf_float.o)
                0x080036a4                __cvt
 .text.__exponent
                0x0800376e       0x74 D:/STM32CubeIDE/STM32CubeIDE_2.1.1/STM32CubeIDE/plugins/com.st.stm32cube.ide.mcu.externaltools.gnu-tools-for-stm32.14.3.rel1.win32_1.0.100.202602081740/tools/bin/../lib/gcc/arm-none-eabi/14.3.1/../../../../arm-none-eabi/lib/thumb/v7e-m+fp/hard\libc_nano.a(libc_a-nano-vfprintf_float.o)
                0x0800376e                __exponent
 *fill*         0x080037e2        0x2 
 .text._printf_float
                0x080037e4      0x450 D:/STM32CubeIDE/STM32CubeIDE_2.1.1/STM32CubeIDE/plugins/com.st.stm32cube.ide.mcu.externaltools.gnu-tools-for-stm32.14.3.rel1.win32_1.0.100.202602081740/tools/bin/../lib/gcc/arm-none-eabi/14.3.1/../../../../arm-none-eabi/lib/thumb/v7e-m+fp/hard\libc_nano.a(libc_a-nano-vfprintf_float.o)
                0x080037e4                _printf_float
 .text._printf_common
                0x08003c34       0xda D:/STM32CubeIDE/STM32CubeIDE_2.1.1/STM32CubeIDE/plugins/com.st.stm32cube.ide.mcu.externaltools.gnu-tools-for-stm32.14.3.rel1.win32_1.0.100.202602081740/tools/bin/../lib/gcc/arm-none-eabi/14.3.1/../../../../arm-none-eabi/lib/thumb/v7e-m+fp/hard\libc_nano.a(libc_a-nano-vfprintf_i.o)
                0x08003c34                _printf_common
 *fill*         0x08003d0e        0x2 
 .text._printf_i
                0x08003d10      0x24c D:/STM32CubeIDE/STM32CubeIDE_2.1.1/STM32CubeIDE/plugins/com.st.stm32cube.ide.mcu.externaltools.gnu-tools-for-stm32.14.3.rel1.win32_1.0.100.202602081740/tools/bin/../lib/gcc/arm-none-eabi/14.3.1/../../../../arm-none-eabi/lib/thumb/v7e-m+fp/hard\libc_nano.a(libc_a-nano-vfprintf_i.o)
                0x08003d10                _printf_i
 .text.std      0x08003f5c       0x6c D:/STM32CubeIDE/STM32CubeIDE_2.1.1/STM32CubeIDE/plugins/com.st.stm32cube.ide.mcu.externaltools.gnu-tools-for-stm32.14.3.rel1.win32_1.0.100.202602081740/tools/bin/../lib/gcc/arm-none-eabi/14.3.1/../../../../arm-none-eabi/lib/thumb/v7e-m+fp/hard\libc_nano.a(libc_a-findfp.o)
 .text.stdio_exit_handler
                0x08003fc8       0x18 D:/STM32CubeIDE/STM32CubeIDE_2.1.1/STM32CubeIDE/plugins/com.st.stm32cube.ide.mcu.externaltools.gnu-tools-for-stm32.14.3.rel1.win32_1.0.100.202602081740/tools/bin/../lib/gcc/arm-none-eabi/14.3.1/../../../../arm-none-eabi/lib/thumb/v7e-m+fp/hard\libc_nano.a(libc_a-findfp.o)
 .text.cleanup_stdio
                0x08003fe0       0x40 D:/STM32CubeIDE/STM32CubeIDE_2.1.1/STM32CubeIDE/plugins/com.st.stm32cube.ide.mcu.externaltools.gnu-tools-for-stm32.14.3.rel1.win32_1.0.100.202602081740/tools/bin/../lib/gcc/arm-none-eabi/14.3.1/../../../../arm-none-eabi/lib/thumb/v7e-m+fp/hard\libc_nano.a(libc_a-findfp.o)
 .text.global_stdio_init.part.0
                0x08004020       0x40 D:/STM32CubeIDE/STM32CubeIDE_2.1.1/STM32CubeIDE/plugins/com.st.stm32cube.ide.mcu.externaltools.gnu-tools-for-stm32.14.3.rel1.win32_1.0.100.202602081740/tools/bin/../lib/gcc/arm-none-eabi/14.3.1/../../../../arm-none-eabi/lib/thumb/v7e-m+fp/hard\libc_nano.a(libc_a-findfp.o)
 .text.__sfp_lock_acquire
                0x08004060        0xc D:/STM32CubeIDE/STM32CubeIDE_2.1.1/STM32CubeIDE/plugins/com.st.stm32cube.ide.mcu.externaltools.gnu-tools-for-stm32.14.3.rel1.win32_1.0.100.202602081740/tools/bin/../lib/gcc/arm-none-eabi/14.3.1/../../../../arm-none-eabi/lib/thumb/v7e-m+fp/hard\libc_nano.a(libc_a-findfp.o)
                0x08004060                __sfp_lock_acquire
 .text.__sfp_lock_release
                0x0800406c        0xc D:/STM32CubeIDE/STM32CubeIDE_2.1.1/STM32CubeIDE/plugins/com.st.stm32cube.ide.mcu.externaltools.gnu-tools-for-stm32.14.3.rel1.win32_1.0.100.202602081740/tools/bin/../lib/gcc/arm-none-eabi/14.3.1/../../../../arm-none-eabi/lib/thumb/v7e-m+fp/hard\libc_nano.a(libc_a-findfp.o)
                0x0800406c                __sfp_lock_release
 .text.__sinit  0x08004078       0x30 D:/STM32CubeIDE/STM32CubeIDE_2.1.1/STM32CubeIDE/plugins/com.st.stm32cube.ide.mcu.externaltools.gnu-tools-for-stm32.14.3.rel1.win32_1.0.100.202602081740/tools/bin/../lib/gcc/arm-none-eabi/14.3.1/../../../../arm-none-eabi/lib/thumb/v7e-m+fp/hard\libc_nano.a(libc_a-findfp.o)
                0x08004078                __sinit
 .text._fwalk_sglue
                0x080040a8       0x3c D:/STM32CubeIDE/STM32CubeIDE_2.1.1/STM32CubeIDE/plugins/com.st.stm32cube.ide.mcu.externaltools.gnu-tools-for-stm32.14.3.rel1.win32_1.0.100.202602081740/tools/bin/../lib/gcc/arm-none-eabi/14.3.1/../../../../arm-none-eabi/lib/thumb/v7e-m+fp/hard\libc_nano.a(libc_a-fwalk.o)
                0x080040a8                _fwalk_sglue
 .text.snprintf
                0x080040e4       0x6c D:/STM32CubeIDE/STM32CubeIDE_2.1.1/STM32CubeIDE/plugins/com.st.stm32cube.ide.mcu.externaltools.gnu-tools-for-stm32.14.3.rel1.win32_1.0.100.202602081740/tools/bin/../lib/gcc/arm-none-eabi/14.3.1/../../../../arm-none-eabi/lib/thumb/v7e-m+fp/hard\libc_nano.a(libc_a-snprintf.o)
                0x080040e4                sniprintf
                0x080040e4                snprintf
 .text.__sread  0x08004150       0x22 D:/STM32CubeIDE/STM32CubeIDE_2.1.1/STM32CubeIDE/plugins/com.st.stm32cube.ide.mcu.externaltools.gnu-tools-for-stm32.14.3.rel1.win32_1.0.100.202602081740/tools/bin/../lib/gcc/arm-none-eabi/14.3.1/../../../../arm-none-eabi/lib/thumb/v7e-m+fp/hard\libc_nano.a(libc_a-stdio.o)
                0x08004150                __sread
 .text.__swrite
                0x08004172       0x38 D:/STM32CubeIDE/STM32CubeIDE_2.1.1/STM32CubeIDE/plugins/com.st.stm32cube.ide.mcu.externaltools.gnu-tools-for-stm32.14.3.rel1.win32_1.0.100.202602081740/tools/bin/../lib/gcc/arm-none-eabi/14.3.1/../../../../arm-none-eabi/lib/thumb/v7e-m+fp/hard\libc_nano.a(libc_a-stdio.o)
                0x08004172                __swrite
 .text.__sseek  0x080041aa       0x26 D:/STM32CubeIDE/STM32CubeIDE_2.1.1/STM32CubeIDE/plugins/com.st.stm32cube.ide.mcu.externaltools.gnu-tools-for-stm32.14.3.rel1.win32_1.0.100.202602081740/tools/bin/../lib/gcc/arm-none-eabi/14.3.1/../../../../arm-none-eabi/lib/thumb/v7e-m+fp/hard\libc_nano.a(libc_a-stdio.o)
                0x080041aa                __sseek
 .text.__sclose
                0x080041d0        0x8 D:/STM32CubeIDE/STM32CubeIDE_2.1.1/STM32CubeIDE/plugins/com.st.stm32cube.ide.mcu.externaltools.gnu-tools-for-stm32.14.3.rel1.win32_1.0.100.202602081740/tools/bin/../lib/gcc/arm-none-eabi/14.3.1/../../../../arm-none-eabi/lib/thumb/v7e-m+fp/hard\libc_nano.a(libc_a-stdio.o)
                0x080041d0                __sclose
 .text._vsnprintf_r
                0x080041d8       0x5c D:/STM32CubeIDE/STM32CubeIDE_2.1.1/STM32CubeIDE/plugins/com.st.stm32cube.ide.mcu.externaltools.gnu-tools-for-stm32.14.3.rel1.win32_1.0.100.202602081740/tools/bin/../lib/gcc/arm-none-eabi/14.3.1/../../../../arm-none-eabi/lib/thumb/v7e-m+fp/hard\libc_nano.a(libc_a-vsnprintf.o)
                0x080041d8                _vsniprintf_r
                0x080041d8                _vsnprintf_r
 .text.vsnprintf
                0x08004234       0x1c D:/STM32CubeIDE/STM32CubeIDE_2.1.1/STM32CubeIDE/plugins/com.st.stm32cube.ide.mcu.externaltools.gnu-tools-for-stm32.14.3.rel1.win32_1.0.100.202602081740/tools/bin/../lib/gcc/arm-none-eabi/14.3.1/../../../../arm-none-eabi/lib/thumb/v7e-m+fp/hard\libc_nano.a(libc_a-vsnprintf.o)
                0x08004234                vsniprintf
                0x08004234                vsnprintf
 .text.memset   0x08004250       0x10 D:/STM32CubeIDE/STM32CubeIDE_2.1.1/STM32CubeIDE/plugins/com.st.stm32cube.ide.mcu.externaltools.gnu-tools-for-stm32.14.3.rel1.win32_1.0.100.202602081740/tools/bin/../lib/gcc/arm-none-eabi/14.3.1/../../../../arm-none-eabi/lib/thumb/v7e-m+fp/hard\libc_nano.a(libc_a-memset.o)
                0x08004250                memset
 .text._localeconv_r
                0x08004260        0x8 D:/STM32CubeIDE/STM32CubeIDE_2.1.1/STM32CubeIDE/plugins/com.st.stm32cube.ide.mcu.externaltools.gnu-tools-for-stm32.14.3.rel1.win32_1.0.100.202602081740/tools/bin/../lib/gcc/arm-none-eabi/14.3.1/../../../../arm-none-eabi/lib/thumb/v7e-m+fp/hard\libc_nano.a(libc_a-localeconv.o)
                0x08004260                _localeconv_r
 .text._close_r
                0x08004268       0x20 D:/STM32CubeIDE/STM32CubeIDE_2.1.1/STM32CubeIDE/plugins/com.st.stm32cube.ide.mcu.externaltools.gnu-tools-for-stm32.14.3.rel1.win32_1.0.100.202602081740/tools/bin/../lib/gcc/arm-none-eabi/14.3.1/../../../../arm-none-eabi/lib/thumb/v7e-m+fp/hard\libc_nano.a(libc_a-closer.o)
                0x08004268                _close_r
 .text._lseek_r
                0x08004288       0x24 D:/STM32CubeIDE/STM32CubeIDE_2.1.1/STM32CubeIDE/plugins/com.st.stm32cube.ide.mcu.externaltools.gnu-tools-for-stm32.14.3.rel1.win32_1.0.100.202602081740/tools/bin/../lib/gcc/arm-none-eabi/14.3.1/../../../../arm-none-eabi/lib/thumb/v7e-m+fp/hard\libc_nano.a(libc_a-lseekr.o)
                0x08004288                _lseek_r
 .text._read_r  0x080042ac       0x24 D:/STM32CubeIDE/STM32CubeIDE_2.1.1/STM32CubeIDE/plugins/com.st.stm32cube.ide.mcu.externaltools.gnu-tools-for-stm32.14.3.rel1.win32_1.0.100.202602081740/tools/bin/../lib/gcc/arm-none-eabi/14.3.1/../../../../arm-none-eabi/lib/thumb/v7e-m+fp/hard\libc_nano.a(libc_a-readr.o)
                0x080042ac                _read_r
 .text._write_r
                0x080042d0       0x24 D:/STM32CubeIDE/STM32CubeIDE_2.1.1/STM32CubeIDE/plugins/com.st.stm32cube.ide.mcu.externaltools.gnu-tools-for-stm32.14.3.rel1.win32_1.0.100.202602081740/tools/bin/../lib/gcc/arm-none-eabi/14.3.1/../../../../arm-none-eabi/lib/thumb/v7e-m+fp/hard\libc_nano.a(libc_a-writer.o)
                0x080042d0                _write_r
 .text.__errno  0x080042f4        0xc D:/STM32CubeIDE/STM32CubeIDE_2.1.1/STM32CubeIDE/plugins/com.st.stm32cube.ide.mcu.externaltools.gnu-tools-for-stm32.14.3.rel1.win32_1.0.100.202602081740/tools/bin/../lib/gcc/arm-none-eabi/14.3.1/../../../../arm-none-eabi/lib/thumb/v7e-m+fp/hard\libc_nano.a(libc_a-errno.o)
                0x080042f4                __errno
 .text.__libc_init_array
                0x08004300       0x48 D:/STM32CubeIDE/STM32CubeIDE_2.1.1/STM32CubeIDE/plugins/com.st.stm32cube.ide.mcu.externaltools.gnu-tools-for-stm32.14.3.rel1.win32_1.0.100.202602081740/tools/bin/../lib/gcc/arm-none-eabi/14.3.1/../../../../arm-none-eabi/lib/thumb/v7e-m+fp/hard\libc_nano.a(libc_a-init.o)
                0x08004300                __libc_init_array
 .text.__retarget_lock_init_recursive
                0x08004348        0x2 D:/STM32CubeIDE/STM32CubeIDE_2.1.1/STM32CubeIDE/plugins/com.st.stm32cube.ide.mcu.externaltools.gnu-tools-for-stm32.14.3.rel1.win32_1.0.100.202602081740/tools/bin/../lib/gcc/arm-none-eabi/14.3.1/../../../../arm-none-eabi/lib/thumb/v7e-m+fp/hard\libc_nano.a(libc_a-lock.o)
                0x08004348                __retarget_lock_init_recursive
 .text.__retarget_lock_acquire_recursive
                0x0800434a        0x2 D:/STM32CubeIDE/STM32CubeIDE_2.1.1/STM32CubeIDE/plugins/com.st.stm32cube.ide.mcu.externaltools.gnu-tools-for-stm32.14.3.rel1.win32_1.0.100.202602081740/tools/bin/../lib/gcc/arm-none-eabi/14.3.1/../../../../arm-none-eabi/lib/thumb/v7e-m+fp/hard\libc_nano.a(libc_a-lock.o)
                0x0800434a                __retarget_lock_acquire_recursive
 .text.__retarget_lock_release_recursive
                0x0800434c        0x2 D:/STM32CubeIDE/STM32CubeIDE_2.1.1/STM32CubeIDE/plugins/com.st.stm32cube.ide.mcu.externaltools.gnu-tools-for-stm32.14.3.rel1.win32_1.0.100.202602081740/tools/bin/../lib/gcc/arm-none-eabi/14.3.1/../../../../arm-none-eabi/lib/thumb/v7e-m+fp/hard\libc_nano.a(libc_a-lock.o)
                0x0800434c                __retarget_lock_release_recursive
 .text.memcpy   0x0800434e       0x1c D:/STM32CubeIDE/STM32CubeIDE_2.1.1/STM32CubeIDE/plugins/com.st.stm32cube.ide.mcu.externaltools.gnu-tools-for-stm32.14.3.rel1.win32_1.0.100.202602081740/tools/bin/../lib/gcc/arm-none-eabi/14.3.1/../../../../arm-none-eabi/lib/thumb/v7e-m+fp/hard\libc_nano.a(libc_a-memcpy-stub.o)
                0x0800434e                memcpy
 .text.quorem   0x0800436a      0x110 D:/STM32CubeIDE/STM32CubeIDE_2.1.1/STM32CubeIDE/plugins/com.st.stm32cube.ide.mcu.externaltools.gnu-tools-for-stm32.14.3.rel1.win32_1.0.100.202602081740/tools/bin/../lib/gcc/arm-none-eabi/14.3.1/../../../../arm-none-eabi/lib/thumb/v7e-m+fp/hard\libc_nano.a(libc_a-dtoa.o)
 *fill*         0x0800447a        0x6 
 .text._dtoa_r  0x08004480      0xbb8 D:/STM32CubeIDE/STM32CubeIDE_2.1.1/STM32CubeIDE/plugins/com.st.stm32cube.ide.mcu.externaltools.gnu-tools-for-stm32.14.3.rel1.win32_1.0.100.202602081740/tools/bin/../lib/gcc/arm-none-eabi/14.3.1/../../../../arm-none-eabi/lib/thumb/v7e-m+fp/hard\libc_nano.a(libc_a-dtoa.o)
                0x08004480                _dtoa_r
 .text._free_r  0x08005038       0x94 D:/STM32CubeIDE/STM32CubeIDE_2.1.1/STM32CubeIDE/plugins/com.st.stm32cube.ide.mcu.externaltools.gnu-tools-for-stm32.14.3.rel1.win32_1.0.100.202602081740/tools/bin/../lib/gcc/arm-none-eabi/14.3.1/../../../../arm-none-eabi/lib/thumb/v7e-m+fp/hard\libc_nano.a(libc_a-freer.o)
                0x08005038                _free_r
 .text.malloc   0x080050cc       0x10 D:/STM32CubeIDE/STM32CubeIDE_2.1.1/STM32CubeIDE/plugins/com.st.stm32cube.ide.mcu.externaltools.gnu-tools-for-stm32.14.3.rel1.win32_1.0.100.202602081740/tools/bin/../lib/gcc/arm-none-eabi/14.3.1/../../../../arm-none-eabi/lib/thumb/v7e-m+fp/hard\libc_nano.a(libc_a-malloc.o)
                0x080050cc                malloc
 .text.sbrk_aligned
                0x080050dc       0x44 D:/STM32CubeIDE/STM32CubeIDE_2.1.1/STM32CubeIDE/plugins/com.st.stm32cube.ide.mcu.externaltools.gnu-tools-for-stm32.14.3.rel1.win32_1.0.100.202602081740/tools/bin/../lib/gcc/arm-none-eabi/14.3.1/../../../../arm-none-eabi/lib/thumb/v7e-m+fp/hard\libc_nano.a(libc_a-mallocr.o)
 .text._malloc_r
                0x08005120      0x100 D:/STM32CubeIDE/STM32CubeIDE_2.1.1/STM32CubeIDE/plugins/com.st.stm32cube.ide.mcu.externaltools.gnu-tools-for-stm32.14.3.rel1.win32_1.0.100.202602081740/tools/bin/../lib/gcc/arm-none-eabi/14.3.1/../../../../arm-none-eabi/lib/thumb/v7e-m+fp/hard\libc_nano.a(libc_a-mallocr.o)
                0x08005120                _malloc_r
 .text.__malloc_lock
                0x08005220        0xc D:/STM32CubeIDE/STM32CubeIDE_2.1.1/STM32CubeIDE/plugins/com.st.stm32cube.ide.mcu.externaltools.gnu-tools-for-stm32.14.3.rel1.win32_1.0.100.202602081740/tools/bin/../lib/gcc/arm-none-eabi/14.3.1/../../../../arm-none-eabi/lib/thumb/v7e-m+fp/hard\libc_nano.a(libc_a-mlock.o)
                0x08005220                __malloc_lock
 .text.__malloc_unlock
                0x0800522c        0xc D:/STM32CubeIDE/STM32CubeIDE_2.1.1/STM32CubeIDE/plugins/com.st.stm32cube.ide.mcu.externaltools.gnu-tools-for-stm32.14.3.rel1.win32_1.0.100.202602081740/tools/bin/../lib/gcc/arm-none-eabi/14.3.1/../../../../arm-none-eabi/lib/thumb/v7e-m+fp/hard\libc_nano.a(libc_a-mlock.o)
                0x0800522c                __malloc_unlock
 .text._Balloc  0x08005238       0x7c D:/STM32CubeIDE/STM32CubeIDE_2.1.1/STM32CubeIDE/plugins/com.st.stm32cube.ide.mcu.externaltools.gnu-tools-for-stm32.14.3.rel1.win32_1.0.100.202602081740/tools/bin/../lib/gcc/arm-none-eabi/14.3.1/../../../../arm-none-eabi/lib/thumb/v7e-m+fp/hard\libc_nano.a(libc_a-mprec.o)
                0x08005238                _Balloc
 .text._Bfree   0x080052b4       0x44 D:/STM32CubeIDE/STM32CubeIDE_2.1.1/STM32CubeIDE/plugins/com.st.stm32cube.ide.mcu.externaltools.gnu-tools-for-stm32.14.3.rel1.win32_1.0.100.202602081740/tools/bin/../lib/gcc/arm-none-eabi/14.3.1/../../../../arm-none-eabi/lib/thumb/v7e-m+fp/hard\libc_nano.a(libc_a-mprec.o)
                0x080052b4                _Bfree
 .text.__multadd
                0x080052f8       0x8c D:/STM32CubeIDE/STM32CubeIDE_2.1.1/STM32CubeIDE/plugins/com.st.stm32cube.ide.mcu.externaltools.gnu-tools-for-stm32.14.3.rel1.win32_1.0.100.202602081740/tools/bin/../lib/gcc/arm-none-eabi/14.3.1/../../../../arm-none-eabi/lib/thumb/v7e-m+fp/hard\libc_nano.a(libc_a-mprec.o)
                0x080052f8                __multadd
 .text.__hi0bits
                0x08005384       0x3e D:/STM32CubeIDE/STM32CubeIDE_2.1.1/STM32CubeIDE/plugins/com.st.stm32cube.ide.mcu.externaltools.gnu-tools-for-stm32.14.3.rel1.win32_1.0.100.202602081740/tools/bin/../lib/gcc/arm-none-eabi/14.3.1/../../../../arm-none-eabi/lib/thumb/v7e-m+fp/hard\libc_nano.a(libc_a-mprec.o)
                0x08005384                __hi0bits
 .text.__lo0bits
                0x080053c2       0x5a D:/STM32CubeIDE/STM32CubeIDE_2.1.1/STM32CubeIDE/plugins/com.st.stm32cube.ide.mcu.externaltools.gnu-tools-for-stm32.14.3.rel1.win32_1.0.100.202602081740/tools/bin/../lib/gcc/arm-none-eabi/14.3.1/../../../../arm-none-eabi/lib/thumb/v7e-m+fp/hard\libc_nano.a(libc_a-mprec.o)
                0x080053c2                __lo0bits
 .text.__i2b    0x0800541c       0x2c D:/STM32CubeIDE/STM32CubeIDE_2.1.1/STM32CubeIDE/plugins/com.st.stm32cube.ide.mcu.externaltools.gnu-tools-for-stm32.14.3.rel1.win32_1.0.100.202602081740/tools/bin/../lib/gcc/arm-none-eabi/14.3.1/../../../../arm-none-eabi/lib/thumb/v7e-m+fp/hard\libc_nano.a(libc_a-mprec.o)
                0x0800541c                __i2b
 .text.__multiply
                0x08005448      0x154 D:/STM32CubeIDE/STM32CubeIDE_2.1.1/STM32CubeIDE/plugins/com.st.stm32cube.ide.mcu.externaltools.gnu-tools-for-stm32.14.3.rel1.win32_1.0.100.202602081740/tools/bin/../lib/gcc/arm-none-eabi/14.3.1/../../../../arm-none-eabi/lib/thumb/v7e-m+fp/hard\libc_nano.a(libc_a-mprec.o)
                0x08005448                __multiply
 .text.__pow5mult
                0x0800559c       0xb8 D:/STM32CubeIDE/STM32CubeIDE_2.1.1/STM32CubeIDE/plugins/com.st.stm32cube.ide.mcu.externaltools.gnu-tools-for-stm32.14.3.rel1.win32_1.0.100.202602081740/tools/bin/../lib/gcc/arm-none-eabi/14.3.1/../../../../arm-none-eabi/lib/thumb/v7e-m+fp/hard\libc_nano.a(libc_a-mprec.o)
                0x0800559c                __pow5mult
 .text.__lshift
                0x08005654       0xdc D:/STM32CubeIDE/STM32CubeIDE_2.1.1/STM32CubeIDE/plugins/com.st.stm32cube.ide.mcu.externaltools.gnu-tools-for-stm32.14.3.rel1.win32_1.0.100.202602081740/tools/bin/../lib/gcc/arm-none-eabi/14.3.1/../../../../arm-none-eabi/lib/thumb/v7e-m+fp/hard\libc_nano.a(libc_a-mprec.o)
                0x08005654                __lshift
 .text.__mcmp   0x08005730       0x36 D:/STM32CubeIDE/STM32CubeIDE_2.1.1/STM32CubeIDE/plugins/com.st.stm32cube.ide.mcu.externaltools.gnu-tools-for-stm32.14.3.rel1.win32_1.0.100.202602081740/tools/bin/../lib/gcc/arm-none-eabi/14.3.1/../../../../arm-none-eabi/lib/thumb/v7e-m+fp/hard\libc_nano.a(libc_a-mprec.o)
                0x08005730                __mcmp
 *fill*         0x08005766        0x2 
 .text.__mdiff  0x08005768      0x130 D:/STM32CubeIDE/STM32CubeIDE_2.1.1/STM32CubeIDE/plugins/com.st.stm32cube.ide.mcu.externaltools.gnu-tools-for-stm32.14.3.rel1.win32_1.0.100.202602081740/tools/bin/../lib/gcc/arm-none-eabi/14.3.1/../../../../arm-none-eabi/lib/thumb/v7e-m+fp/hard\libc_nano.a(libc_a-mprec.o)
                0x08005768                __mdiff
 .text.__d2b    0x08005898       0xb0 D:/STM32CubeIDE/STM32CubeIDE_2.1.1/STM32CubeIDE/plugins/com.st.stm32cube.ide.mcu.externaltools.gnu-tools-for-stm32.14.3.rel1.win32_1.0.100.202602081740/tools/bin/../lib/gcc/arm-none-eabi/14.3.1/../../../../arm-none-eabi/lib/thumb/v7e-m+fp/hard\libc_nano.a(libc_a-mprec.o)
                0x08005898                __d2b
 .text.__ssputs_r
                0x08005948       0xc0 D:/STM32CubeIDE/STM32CubeIDE_2.1.1/STM32CubeIDE/plugins/com.st.stm32cube.ide.mcu.externaltools.gnu-tools-for-stm32.14.3.rel1.win32_1.0.100.202602081740/tools/bin/../lib/gcc/arm-none-eabi/14.3.1/../../../../arm-none-eabi/lib/thumb/v7e-m+fp/hard\libc_nano.a(libc_a-nano-svfprintf.o)
                0x08005948                __ssputs_r
 .text._svfprintf_r
                0x08005a08      0x1f0 D:/STM32CubeIDE/STM32CubeIDE_2.1.1/STM32CubeIDE/plugins/com.st.stm32cube.ide.mcu.externaltools.gnu-tools-for-stm32.14.3.rel1.win32_1.0.100.202602081740/tools/bin/../lib/gcc/arm-none-eabi/14.3.1/../../../../arm-none-eabi/lib/thumb/v7e-m+fp/hard\libc_nano.a(libc_a-nano-svfprintf.o)
                0x08005a08                _svfiprintf_r
                0x08005a08                _svfprintf_r
 .text.__sflush_r
                0x08005bf8      0x104 D:/STM32CubeIDE/STM32CubeIDE_2.1.1/STM32CubeIDE/plugins/com.st.stm32cube.ide.mcu.externaltools.gnu-tools-for-stm32.14.3.rel1.win32_1.0.100.202602081740/tools/bin/../lib/gcc/arm-none-eabi/14.3.1/../../../../arm-none-eabi/lib/thumb/v7e-m+fp/hard\libc_nano.a(libc_a-fflush.o)
                0x08005bf8                __sflush_r
 .text._fflush_r
                0x08005cfc       0x50 D:/STM32CubeIDE/STM32CubeIDE_2.1.1/STM32CubeIDE/plugins/com.st.stm32cube.ide.mcu.externaltools.gnu-tools-for-stm32.14.3.rel1.win32_1.0.100.202602081740/tools/bin/../lib/gcc/arm-none-eabi/14.3.1/../../../../arm-none-eabi/lib/thumb/v7e-m+fp/hard\libc_nano.a(libc_a-fflush.o)
                0x08005cfc                _fflush_r
 .text.memmove  0x08005d4c       0x32 D:/STM32CubeIDE/STM32CubeIDE_2.1.1/STM32CubeIDE/plugins/com.st.stm32cube.ide.mcu.externaltools.gnu-tools-for-stm32.14.3.rel1.win32_1.0.100.202602081740/tools/bin/../lib/gcc/arm-none-eabi/14.3.1/../../../../arm-none-eabi/lib/thumb/v7e-m+fp/hard\libc_nano.a(libc_a-memmove.o)
                0x08005d4c                memmove
 *fill*         0x08005d7e        0x2 
 .text._sbrk_r  0x08005d80       0x20 D:/STM32CubeIDE/STM32CubeIDE_2.1.1/STM32CubeIDE/plugins/com.st.stm32cube.ide.mcu.externaltools.gnu-tools-for-stm32.14.3.rel1.win32_1.0.100.202602081740/tools/bin/../lib/gcc/arm-none-eabi/14.3.1/../../../../arm-none-eabi/lib/thumb/v7e-m+fp/hard\libc_nano.a(libc_a-sbrkr.o)
                0x08005d80                _sbrk_r
 .text.__assert_func
                0x08005da0       0x3c D:/STM32CubeIDE/STM32CubeIDE_2.1.1/STM32CubeIDE/plugins/com.st.stm32cube.ide.mcu.externaltools.gnu-tools-for-stm32.14.3.rel1.win32_1.0.100.202602081740/tools/bin/../lib/gcc/arm-none-eabi/14.3.1/../../../../arm-none-eabi/lib/thumb/v7e-m+fp/hard\libc_nano.a(libc_a-assert.o)
                0x08005da0                __assert_func
 .text._calloc_r
                0x08005ddc       0x28 D:/STM32CubeIDE/STM32CubeIDE_2.1.1/STM32CubeIDE/plugins/com.st.stm32cube.ide.mcu.externaltools.gnu-tools-for-stm32.14.3.rel1.win32_1.0.100.202602081740/tools/bin/../lib/gcc/arm-none-eabi/14.3.1/../../../../arm-none-eabi/lib/thumb/v7e-m+fp/hard\libc_nano.a(libc_a-callocr.o)
                0x08005ddc                _calloc_r
 .text.__ascii_mbtowc
                0x08005e04       0x24 D:/STM32CubeIDE/STM32CubeIDE_2.1.1/STM32CubeIDE/plugins/com.st.stm32cube.ide.mcu.externaltools.gnu-tools-for-stm32.14.3.rel1.win32_1.0.100.202602081740/tools/bin/../lib/gcc/arm-none-eabi/14.3.1/../../../../arm-none-eabi/lib/thumb/v7e-m+fp/hard\libc_nano.a(libc_a-mbtowc_r.o)
                0x08005e04                __ascii_mbtowc
 .text._realloc_r
                0x08005e28       0x5c D:/STM32CubeIDE/STM32CubeIDE_2.1.1/STM32CubeIDE/plugins/com.st.stm32cube.ide.mcu.externaltools.gnu-tools-for-stm32.14.3.rel1.win32_1.0.100.202602081740/tools/bin/../lib/gcc/arm-none-eabi/14.3.1/../../../../arm-none-eabi/lib/thumb/v7e-m+fp/hard\libc_nano.a(libc_a-reallocr.o)
                0x08005e28                _realloc_r
 .text.__ascii_wctomb
                0x08005e84       0x1a D:/STM32CubeIDE/STM32CubeIDE_2.1.1/STM32CubeIDE/plugins/com.st.stm32cube.ide.mcu.externaltools.gnu-tools-for-stm32.14.3.rel1.win32_1.0.100.202602081740/tools/bin/../lib/gcc/arm-none-eabi/14.3.1/../../../../arm-none-eabi/lib/thumb/v7e-m+fp/hard\libc_nano.a(libc_a-wctomb_r.o)
                0x08005e84                __ascii_wctomb
 *fill*         0x08005e9e        0x2 
 .text.fprintf  0x08005ea0       0x24 D:/STM32CubeIDE/STM32CubeIDE_2.1.1/STM32CubeIDE/plugins/com.st.stm32cube.ide.mcu.externaltools.gnu-tools-for-stm32.14.3.rel1.win32_1.0.100.202602081740/tools/bin/../lib/gcc/arm-none-eabi/14.3.1/../../../../arm-none-eabi/lib/thumb/v7e-m+fp/hard\libc_nano.a(libc_a-fprintf.o)
                0x08005ea0                fiprintf
                0x08005ea0                fprintf
 .text.abort    0x08005ec4        0xe D:/STM32CubeIDE/STM32CubeIDE_2.1.1/STM32CubeIDE/plugins/com.st.stm32cube.ide.mcu.externaltools.gnu-tools-for-stm32.14.3.rel1.win32_1.0.100.202602081740/tools/bin/../lib/gcc/arm-none-eabi/14.3.1/../../../../arm-none-eabi/lib/thumb/v7e-m+fp/hard\libc_nano.a(libc_a-abort.o)
                0x08005ec4                abort
 .text._malloc_usable_size_r
                0x08005ed2       0x10 D:/STM32CubeIDE/STM32CubeIDE_2.1.1/STM32CubeIDE/plugins/com.st.stm32cube.ide.mcu.externaltools.gnu-tools-for-stm32.14.3.rel1.win32_1.0.100.202602081740/tools/bin/../lib/gcc/arm-none-eabi/14.3.1/../../../../arm-none-eabi/lib/thumb/v7e-m+fp/hard\libc_nano.a(libc_a-msizer.o)
                0x08005ed2                _malloc_usable_size_r
 .text.__sfputc_r
                0x08005ee2       0x2e D:/STM32CubeIDE/STM32CubeIDE_2.1.1/STM32CubeIDE/plugins/com.st.stm32cube.ide.mcu.externaltools.gnu-tools-for-stm32.14.3.rel1.win32_1.0.100.202602081740/tools/bin/../lib/gcc/arm-none-eabi/14.3.1/../../../../arm-none-eabi/lib/thumb/v7e-m+fp/hard\libc_nano.a(libc_a-nano-vfprintf.o)
 .text.__sfputs_r
                0x08005f10       0x24 D:/STM32CubeIDE/STM32CubeIDE_2.1.1/STM32CubeIDE/plugins/com.st.stm32cube.ide.mcu.externaltools.gnu-tools-for-stm32.14.3.rel1.win32_1.0.100.202602081740/tools/bin/../lib/gcc/arm-none-eabi/14.3.1/../../../../arm-none-eabi/lib/thumb/v7e-m+fp/hard\libc_nano.a(libc_a-nano-vfprintf.o)
                0x08005f10                __sfputs_r
 .text._vfprintf_r
                0x08005f34      0x228 D:/STM32CubeIDE/STM32CubeIDE_2.1.1/STM32CubeIDE/plugins/com.st.stm32cube.ide.mcu.externaltools.gnu-tools-for-stm32.14.3.rel1.win32_1.0.100.202602081740/tools/bin/../lib/gcc/arm-none-eabi/14.3.1/../../../../arm-none-eabi/lib/thumb/v7e-m+fp/hard\libc_nano.a(libc_a-nano-vfprintf.o)
                0x08005f34                _vfprintf_r
                0x08005f34                _vfiprintf_r
 .text.__swbuf_r
                0x0800615c       0x7c D:/STM32CubeIDE/STM32CubeIDE_2.1.1/STM32CubeIDE/plugins/com.st.stm32cube.ide.mcu.externaltools.gnu-tools-for-stm32.14.3.rel1.win32_1.0.100.202602081740/tools/bin/../lib/gcc/arm-none-eabi/14.3.1/../../../../arm-none-eabi/lib/thumb/v7e-m+fp/hard\libc_nano.a(libc_a-wbuf.o)
                0x0800615c                __swbuf_r
 .text.__swsetup_r
                0x080061d8       0xa8 D:/STM32CubeIDE/STM32CubeIDE_2.1.1/STM32CubeIDE/plugins/com.st.stm32cube.ide.mcu.externaltools.gnu-tools-for-stm32.14.3.rel1.win32_1.0.100.202602081740/tools/bin/../lib/gcc/arm-none-eabi/14.3.1/../../../../arm-none-eabi/lib/thumb/v7e-m+fp/hard\libc_nano.a(libc_a-wsetup.o)
                0x080061d8                __swsetup_r
 .text._raise_r
                0x08006280       0x50 D:/STM32CubeIDE/STM32CubeIDE_2.1.1/STM32CubeIDE/plugins/com.st.stm32cube.ide.mcu.externaltools.gnu-tools-for-stm32.14.3.rel1.win32_1.0.100.202602081740/tools/bin/../lib/gcc/arm-none-eabi/14.3.1/../../../../arm-none-eabi/lib/thumb/v7e-m+fp/hard\libc_nano.a(libc_a-signal.o)
                0x08006280                _raise_r
 .text.raise    0x080062d0       0x10 D:/STM32CubeIDE/STM32CubeIDE_2.1.1/STM32CubeIDE/plugins/com.st.stm32cube.ide.mcu.externaltools.gnu-tools-for-stm32.14.3.rel1.win32_1.0.100.202602081740/tools/bin/../lib/gcc/arm-none-eabi/14.3.1/../../../../arm-none-eabi/lib/thumb/v7e-m+fp/hard\libc_nano.a(libc_a-signal.o)
                0x080062d0                raise
 .text._kill_r  0x080062e0       0x24 D:/STM32CubeIDE/STM32CubeIDE_2.1.1/STM32CubeIDE/plugins/com.st.stm32cube.ide.mcu.externaltools.gnu-tools-for-stm32.14.3.rel1.win32_1.0.100.202602081740/tools/bin/../lib/gcc/arm-none-eabi/14.3.1/../../../../arm-none-eabi/lib/thumb/v7e-m+fp/hard\libc_nano.a(libc_a-signalr.o)
                0x080062e0                _kill_r
 .text._getpid_r
                0x08006304        0x4 D:/STM32CubeIDE/STM32CubeIDE_2.1.1/STM32CubeIDE/plugins/com.st.stm32cube.ide.mcu.externaltools.gnu-tools-for-stm32.14.3.rel1.win32_1.0.100.202602081740/tools/bin/../lib/gcc/arm-none-eabi/14.3.1/../../../../arm-none-eabi/lib/thumb/v7e-m+fp/hard\libc_nano.a(libc_a-signalr.o)
                0x08006304                _getpid_r
 .text.__swhatbuf_r
                0x08006308       0x48 D:/STM32CubeIDE/STM32CubeIDE_2.1.1/STM32CubeIDE/plugins/com.st.stm32cube.ide.mcu.externaltools.gnu-tools-for-stm32.14.3.rel1.win32_1.0.100.202602081740/tools/bin/../lib/gcc/arm-none-eabi/14.3.1/../../../../arm-none-eabi/lib/thumb/v7e-m+fp/hard\libc_nano.a(libc_a-makebuf.o)
                0x08006308                __swhatbuf_r
 .text.__smakebuf_r
                0x08006350       0x72 D:/STM32CubeIDE/STM32CubeIDE_2.1.1/STM32CubeIDE/plugins/com.st.stm32cube.ide.mcu.externaltools.gnu-tools-for-stm32.14.3.rel1.win32_1.0.100.202602081740/tools/bin/../lib/gcc/arm-none-eabi/14.3.1/../../../../arm-none-eabi/lib/thumb/v7e-m+fp/hard\libc_nano.a(libc_a-makebuf.o)
                0x08006350                __smakebuf_r
 *fill*         0x080063c2        0x2 
 .text._fstat_r
                0x080063c4       0x24 D:/STM32CubeIDE/STM32CubeIDE_2.1.1/STM32CubeIDE/plugins/com.st.stm32cube.ide.mcu.externaltools.gnu-tools-for-stm32.14.3.rel1.win32_1.0.100.202602081740/tools/bin/../lib/gcc/arm-none-eabi/14.3.1/../../../../arm-none-eabi/lib/thumb/v7e-m+fp/hard\libc_nano.a(libc_a-fstatr.o)
                0x080063c4                _fstat_r
 .text._isatty_r
                0x080063e8       0x20 D:/STM32CubeIDE/STM32CubeIDE_2.1.1/STM32CubeIDE/plugins/com.st.stm32cube.ide.mcu.externaltools.gnu-tools-for-stm32.14.3.rel1.win32_1.0.100.202602081740/tools/bin/../lib/gcc/arm-none-eabi/14.3.1/../../../../arm-none-eabi/lib/thumb/v7e-m+fp/hard\libc_nano.a(libc_a-isattyr.o)
                0x080063e8                _isatty_r
 *(.glue_7)
 .glue_7        0x08006408        0x0 linker stubs
 *(.glue_7t)
 .glue_7t       0x08006408        0x0 linker stubs
 *(.eh_frame)
 .eh_frame      0x08006408        0x0 D:/STM32CubeIDE/STM32CubeIDE_2.1.1/STM32CubeIDE/plugins/com.st.stm32cube.ide.mcu.externaltools.gnu-tools-for-stm32.14.3.rel1.win32_1.0.100.202602081740/tools/bin/../lib/gcc/arm-none-eabi/14.3.1/thumb/v7e-m+fp/hard/crtbegin.o
 *(.init)
 .init          0x08006408        0x4 D:/STM32CubeIDE/STM32CubeIDE_2.1.1/STM32CubeIDE/plugins/com.st.stm32cube.ide.mcu.externaltools.gnu-tools-for-stm32.14.3.rel1.win32_1.0.100.202602081740/tools/bin/../lib/gcc/arm-none-eabi/14.3.1/thumb/v7e-m+fp/hard/crti.o
                0x08006408                _init
 .init          0x0800640c        0x8 D:/STM32CubeIDE/STM32CubeIDE_2.1.1/STM32CubeIDE/plugins/com.st.stm32cube.ide.mcu.externaltools.gnu-tools-for-stm32.14.3.rel1.win32_1.0.100.202602081740/tools/bin/../lib/gcc/arm-none-eabi/14.3.1/thumb/v7e-m+fp/hard/crtn.o
 *(.fini)
 .fini          0x08006414        0x4 D:/STM32CubeIDE/STM32CubeIDE_2.1.1/STM32CubeIDE/plugins/com.st.stm32cube.ide.mcu.externaltools.gnu-tools-for-stm32.14.3.rel1.win32_1.0.100.202602081740/tools/bin/../lib/gcc/arm-none-eabi/14.3.1/thumb/v7e-m+fp/hard/crti.o
                0x08006414                _fini
 .fini          0x08006418        0x8 D:/STM32CubeIDE/STM32CubeIDE_2.1.1/STM32CubeIDE/plugins/com.st.stm32cube.ide.mcu.externaltools.gnu-tools-for-stm32.14.3.rel1.win32_1.0.100.202602081740/tools/bin/../lib/gcc/arm-none-eabi/14.3.1/thumb/v7e-m+fp/hard/crtn.o
                0x08006420                        . = ALIGN (0x4)
                0x08006420                        _etext = .

.vfp11_veneer   0x08006420        0x0
 .vfp11_veneer  0x08006420        0x0 linker stubs

.v4_bx          0x08006420        0x0
 .v4_bx         0x08006420        0x0 linker stubs

.iplt           0x08006420        0x0
 .iplt          0x08006420        0x0 D:/STM32CubeIDE/STM32CubeIDE_2.1.1/STM32CubeIDE/plugins/com.st.stm32cube.ide.mcu.externaltools.gnu-tools-for-stm32.14.3.rel1.win32_1.0.100.202602081740/tools/bin/../lib/gcc/arm-none-eabi/14.3.1/thumb/v7e-m+fp/hard/crtbegin.o

.rodata         0x08006420      0x4e4
                0x08006420                        . = ALIGN (0x4)
 *(.rodata)
 *(.rodata*)
 .rodata.APBAHBPrescTable
                0x08006420       0x10 CMakeFiles/AeroPush.dir/E_/Stm32Project/AeroPush/Lib/Libraries/STM32F4xx_StdPeriph_Driver/src/stm32f4xx_rcc.c.obj
 .rodata.TelemetryTask.str1.4
                0x08006430      0x15c CMakeFiles/AeroPush.dir/E_/Stm32Project/AeroPush/User/Src/app_tasks.c.obj
                                 0x5d (size before relaxing)
 .rodata.ModemTask.str1.4
                0x0800658c       0x1d CMakeFiles/AeroPush.dir/E_/Stm32Project/AeroPush/User/Src/app_tasks.c.obj
 .rodata.APP_TasksCreate.str1.4
                0x0800658c       0x30 CMakeFiles/AeroPush.dir/E_/Stm32Project/AeroPush/User/Src/app_tasks.c.obj
 .rodata.Telemetry_BuildMqttMsg.str1.4
                0x0800658c       0x6f CMakeFiles/AeroPush.dir/E_/Stm32Project/AeroPush/User/Src/telemetry_service.c.obj
 .rodata.vApplicationStackOverflowHook.str1.4
                0x0800658c       0x24 CMakeFiles/AeroPush.dir/E_/Stm32Project/AeroPush/User/Src/freertos_hook.c.obj
 .rodata.prvCreateIdleTasks.str1.4
                0x0800658c        0x5 CMakeFiles/AeroPush.dir/E_/Stm32Project/AeroPush/FreeRTOS/Source/tasks.c.obj
 .rodata.uxTopUsedPriority
                0x0800658c        0x4 CMakeFiles/AeroPush.dir/E_/Stm32Project/AeroPush/FreeRTOS/Source/tasks.c.obj
 .rodata.prvCheckForValidListAndQueue.str1.4
                0x08006590        0x5 CMakeFiles/AeroPush.dir/E_/Stm32Project/AeroPush/FreeRTOS/Source/timers.c.obj
 .rodata.xTimerCreateTimerTask.str1.4
                0x08006590        0x8 CMakeFiles/AeroPush.dir/E_/Stm32Project/AeroPush/FreeRTOS/Source/timers.c.obj
 .rodata._printf_float.str1.1
                0x08006590      0x171 D:/STM32CubeIDE/STM32CubeIDE_2.1.1/STM32CubeIDE/plugins/com.st.stm32cube.ide.mcu.externaltools.gnu-tools-for-stm32.14.3.rel1.win32_1.0.100.202602081740/tools/bin/../lib/gcc/arm-none-eabi/14.3.1/../../../../arm-none-eabi/lib/thumb/v7e-m+fp/hard\libc_nano.a(libc_a-nano-vfprintf_float.o)
                                 0x12 (size before relaxing)
 .rodata._printf_i.str1.1
                0x08006701       0x22 D:/STM32CubeIDE/STM32CubeIDE_2.1.1/STM32CubeIDE/plugins/com.st.stm32cube.ide.mcu.externaltools.gnu-tools-for-stm32.14.3.rel1.win32_1.0.100.202602081740/tools/bin/../lib/gcc/arm-none-eabi/14.3.1/../../../../arm-none-eabi/lib/thumb/v7e-m+fp/hard\libc_nano.a(libc_a-nano-vfprintf_i.o)
 .rodata._dtoa_r.str1.1
                0x08006701       0x8f D:/STM32CubeIDE/STM32CubeIDE_2.1.1/STM32CubeIDE/plugins/com.st.stm32cube.ide.mcu.externaltools.gnu-tools-for-stm32.14.3.rel1.win32_1.0.100.202602081740/tools/bin/../lib/gcc/arm-none-eabi/14.3.1/../../../../arm-none-eabi/lib/thumb/v7e-m+fp/hard\libc_nano.a(libc_a-dtoa.o)
 .rodata._Balloc.str1.1
                0x08006701       0x70 D:/STM32CubeIDE/STM32CubeIDE_2.1.1/STM32CubeIDE/plugins/com.st.stm32cube.ide.mcu.externaltools.gnu-tools-for-stm32.14.3.rel1.win32_1.0.100.202602081740/tools/bin/../lib/gcc/arm-none-eabi/14.3.1/../../../../arm-none-eabi/lib/thumb/v7e-m+fp/hard\libc_nano.a(libc_a-mprec.o)
 .rodata.__multadd.str1.1
                0x08006701       0x11 D:/STM32CubeIDE/STM32CubeIDE_2.1.1/STM32CubeIDE/plugins/com.st.stm32cube.ide.mcu.externaltools.gnu-tools-for-stm32.14.3.rel1.win32_1.0.100.202602081740/tools/bin/../lib/gcc/arm-none-eabi/14.3.1/../../../../arm-none-eabi/lib/thumb/v7e-m+fp/hard\libc_nano.a(libc_a-mprec.o)
 *fill*         0x08006701        0x3 
 .rodata.p05.0  0x08006704        0xc D:/STM32CubeIDE/STM32CubeIDE_2.1.1/STM32CubeIDE/plugins/com.st.stm32cube.ide.mcu.externaltools.gnu-tools-for-stm32.14.3.rel1.win32_1.0.100.202602081740/tools/bin/../lib/gcc/arm-none-eabi/14.3.1/../../../../arm-none-eabi/lib/thumb/v7e-m+fp/hard\libc_nano.a(libc_a-mprec.o)
 .rodata.__mprec_bigtens
                0x08006710       0x28 D:/STM32CubeIDE/STM32CubeIDE_2.1.1/STM32CubeIDE/plugins/com.st.stm32cube.ide.mcu.externaltools.gnu-tools-for-stm32.14.3.rel1.win32_1.0.100.202602081740/tools/bin/../lib/gcc/arm-none-eabi/14.3.1/../../../../arm-none-eabi/lib/thumb/v7e-m+fp/hard\libc_nano.a(libc_a-mprec.o)
                0x08006710                __mprec_bigtens
 .rodata.__mprec_tens
                0x08006738       0xc8 D:/STM32CubeIDE/STM32CubeIDE_2.1.1/STM32CubeIDE/plugins/com.st.stm32cube.ide.mcu.externaltools.gnu-tools-for-stm32.14.3.rel1.win32_1.0.100.202602081740/tools/bin/../lib/gcc/arm-none-eabi/14.3.1/../../../../arm-none-eabi/lib/thumb/v7e-m+fp/hard\libc_nano.a(libc_a-mprec.o)
                0x08006738                __mprec_tens
 .rodata._svfprintf_r.str1.1
                0x08006800       0x11 D:/STM32CubeIDE/STM32CubeIDE_2.1.1/STM32CubeIDE/plugins/com.st.stm32cube.ide.mcu.externaltools.gnu-tools-for-stm32.14.3.rel1.win32_1.0.100.202602081740/tools/bin/../lib/gcc/arm-none-eabi/14.3.1/../../../../arm-none-eabi/lib/thumb/v7e-m+fp/hard\libc_nano.a(libc_a-nano-svfprintf.o)
 .rodata._setlocale_r.str1.1
                0x08006800        0x9 D:/STM32CubeIDE/STM32CubeIDE_2.1.1/STM32CubeIDE/plugins/com.st.stm32cube.ide.mcu.externaltools.gnu-tools-for-stm32.14.3.rel1.win32_1.0.100.202602081740/tools/bin/../lib/gcc/arm-none-eabi/14.3.1/../../../../arm-none-eabi/lib/thumb/v7e-m+fp/hard\libc_nano.a(libc_a-locale.o)
 .rodata.str1.1
                0x08006800        0x2 D:/STM32CubeIDE/STM32CubeIDE_2.1.1/STM32CubeIDE/plugins/com.st.stm32cube.ide.mcu.externaltools.gnu-tools-for-stm32.14.3.rel1.win32_1.0.100.202602081740/tools/bin/../lib/gcc/arm-none-eabi/14.3.1/../../../../arm-none-eabi/lib/thumb/v7e-m+fp/hard\libc_nano.a(libc_a-locale.o)
 .rodata.__assert_func.str1.1
                0x08006800       0x3d D:/STM32CubeIDE/STM32CubeIDE_2.1.1/STM32CubeIDE/plugins/com.st.stm32cube.ide.mcu.externaltools.gnu-tools-for-stm32.14.3.rel1.win32_1.0.100.202602081740/tools/bin/../lib/gcc/arm-none-eabi/14.3.1/../../../../arm-none-eabi/lib/thumb/v7e-m+fp/hard\libc_nano.a(libc_a-assert.o)
 .rodata._ctype_
                0x08006800      0x101 D:/STM32CubeIDE/STM32CubeIDE_2.1.1/STM32CubeIDE/plugins/com.st.stm32cube.ide.mcu.externaltools.gnu-tools-for-stm32.14.3.rel1.win32_1.0.100.202602081740/tools/bin/../lib/gcc/arm-none-eabi/14.3.1/../../../../arm-none-eabi/lib/thumb/v7e-m+fp/hard\libc_nano.a(libc_a-ctype_.o)
                0x08006800                _ctype_
 .rodata._vfprintf_r.str1.1
                0x08006901       0x11 D:/STM32CubeIDE/STM32CubeIDE_2.1.1/STM32CubeIDE/plugins/com.st.stm32cube.ide.mcu.externaltools.gnu-tools-for-stm32.14.3.rel1.win32_1.0.100.202602081740/tools/bin/../lib/gcc/arm-none-eabi/14.3.1/../../../../arm-none-eabi/lib/thumb/v7e-m+fp/hard\libc_nano.a(libc_a-nano-vfprintf.o)
                0x08006914                        . = ALIGN (0x4)
 *fill*         0x08006901        0x3 

.ARM.extab
 *(.ARM.extab* .gnu.linkonce.armextab.*)

.ARM            0x08006904        0x8
                0x08006904                        __exidx_start = .
 *(.ARM.exidx*)
 .ARM.exidx     0x08006904        0x8 D:/STM32CubeIDE/STM32CubeIDE_2.1.1/STM32CubeIDE/plugins/com.st.stm32cube.ide.mcu.externaltools.gnu-tools-for-stm32.14.3.rel1.win32_1.0.100.202602081740/tools/bin/../lib/gcc/arm-none-eabi/14.3.1/../../../../arm-none-eabi/lib/thumb/v7e-m+fp/hard\libc_nano.a(libc_a-memchr.o)
 .ARM.exidx     0x0800690c        0x0 D:/STM32CubeIDE/STM32CubeIDE_2.1.1/STM32CubeIDE/plugins/com.st.stm32cube.ide.mcu.externaltools.gnu-tools-for-stm32.14.3.rel1.win32_1.0.100.202602081740/tools/bin/../lib/gcc/arm-none-eabi/14.3.1/../../../../arm-none-eabi/lib/thumb/v7e-m+fp/hard\libc_nano.a(libc_a-strlen.o)
                                  0x8 (size before relaxing)
                0x0800690c                        __exidx_end = .

.rel.dyn        0x0800690c        0x0
 .rel.iplt      0x0800690c        0x0 D:/STM32CubeIDE/STM32CubeIDE_2.1.1/STM32CubeIDE/plugins/com.st.stm32cube.ide.mcu.externaltools.gnu-tools-for-stm32.14.3.rel1.win32_1.0.100.202602081740/tools/bin/../lib/gcc/arm-none-eabi/14.3.1/thumb/v7e-m+fp/hard/crtbegin.o

.preinit_array  0x0800690c        0x0
                0x0800690c                        PROVIDE (__preinit_array_start = .)
 *(.preinit_array*)
                0x0800690c                        PROVIDE (__preinit_array_end = .)

.init_array     0x0800690c        0x4
                0x0800690c                        PROVIDE (__init_array_start = .)
 *(SORT_BY_NAME(.init_array.*))
 *(.init_array*)
 .init_array    0x0800690c        0x4 D:/STM32CubeIDE/STM32CubeIDE_2.1.1/STM32CubeIDE/plugins/com.st.stm32cube.ide.mcu.externaltools.gnu-tools-for-stm32.14.3.rel1.win32_1.0.100.202602081740/tools/bin/../lib/gcc/arm-none-eabi/14.3.1/thumb/v7e-m+fp/hard/crtbegin.o
                0x08006910                        PROVIDE (__init_array_end = .)

.fini_array     0x08006910        0x4
                [!provide]                        PROVIDE (__fini_array_start = .)
 *(SORT_BY_NAME(.fini_array.*))
 *(.fini_array*)
 .fini_array    0x08006910        0x4 D:/STM32CubeIDE/STM32CubeIDE_2.1.1/STM32CubeIDE/plugins/com.st.stm32cube.ide.mcu.externaltools.gnu-tools-for-stm32.14.3.rel1.win32_1.0.100.202602081740/tools/bin/../lib/gcc/arm-none-eabi/14.3.1/thumb/v7e-m+fp/hard/crtbegin.o
                [!provide]                        PROVIDE (__fini_array_end = .)
                0x08006914                        _sidata = LOADADDR (.data)

.data           0x20000000      0x1d0 load address 0x08006914
                0x20000000                        . = ALIGN (0x4)
                0x20000000                        _sdata = .
 *(.data)
 *(.data*)
 .data.SystemCoreClock
                0x20000000        0x4 CMakeFiles/AeroPush.dir/E_/Stm32Project/AeroPush/Lib/Libraries/CMSIS/Device/ST/STM32F4xx/Source/Templates/system_stm32f4xx.c.obj
                0x20000000                SystemCoreClock
 .data.uxCriticalNesting
                0x20000004        0x4 CMakeFiles/AeroPush.dir/E_/Stm32Project/AeroPush/FreeRTOS/Portable/GCC/ARM_CM4F/port.c.obj
 .data.__sglue  0x20000008        0xc D:/STM32CubeIDE/STM32CubeIDE_2.1.1/STM32CubeIDE/plugins/com.st.stm32cube.ide.mcu.externaltools.gnu-tools-for-stm32.14.3.rel1.win32_1.0.100.202602081740/tools/bin/../lib/gcc/arm-none-eabi/14.3.1/../../../../arm-none-eabi/lib/thumb/v7e-m+fp/hard\libc_nano.a(libc_a-findfp.o)
                0x20000008                __sglue
 .data._impure_ptr
                0x20000014        0x4 D:/STM32CubeIDE/STM32CubeIDE_2.1.1/STM32CubeIDE/plugins/com.st.stm32cube.ide.mcu.externaltools.gnu-tools-for-stm32.14.3.rel1.win32_1.0.100.202602081740/tools/bin/../lib/gcc/arm-none-eabi/14.3.1/../../../../arm-none-eabi/lib/thumb/v7e-m+fp/hard\libc_nano.a(libc_a-impure.o)
                0x20000014                _impure_ptr
 .data._impure_data
                0x20000018       0x4c D:/STM32CubeIDE/STM32CubeIDE_2.1.1/STM32CubeIDE/plugins/com.st.stm32cube.ide.mcu.externaltools.gnu-tools-for-stm32.14.3.rel1.win32_1.0.100.202602081740/tools/bin/../lib/gcc/arm-none-eabi/14.3.1/../../../../arm-none-eabi/lib/thumb/v7e-m+fp/hard\libc_nano.a(libc_a-impure.o)
                0x20000018                _impure_data
 .data.__global_locale
                0x20000064      0x16c D:/STM32CubeIDE/STM32CubeIDE_2.1.1/STM32CubeIDE/plugins/com.st.stm32cube.ide.mcu.externaltools.gnu-tools-for-stm32.14.3.rel1.win32_1.0.100.202602081740/tools/bin/../lib/gcc/arm-none-eabi/14.3.1/../../../../arm-none-eabi/lib/thumb/v7e-m+fp/hard\libc_nano.a(libc_a-locale.o)
                0x20000064                __global_locale
                0x200001d0                        . = ALIGN (0x4)
                0x200001d0                        _edata = .

.igot.plt       0x200001d0        0x0 load address 0x08006ae4
 .igot.plt      0x200001d0        0x0 D:/STM32CubeIDE/STM32CubeIDE_2.1.1/STM32CubeIDE/plugins/com.st.stm32cube.ide.mcu.externaltools.gnu-tools-for-stm32.14.3.rel1.win32_1.0.100.202602081740/tools/bin/../lib/gcc/arm-none-eabi/14.3.1/thumb/v7e-m+fp/hard/crtbegin.o
                0x200001d0                        . = ALIGN (0x4)

.bss            0x200001d0     0x7334 load address 0x08006ae4
                0x200001d0                        _sbss = .
                0x200001d0                        __bss_start__ = _sbss
 *(.bss)
 .bss           0x200001d0       0x1c D:/STM32CubeIDE/STM32CubeIDE_2.1.1/STM32CubeIDE/plugins/com.st.stm32cube.ide.mcu.externaltools.gnu-tools-for-stm32.14.3.rel1.win32_1.0.100.202602081740/tools/bin/../lib/gcc/arm-none-eabi/14.3.1/thumb/v7e-m+fp/hard/crtbegin.o
 *(.bss*)
 .bss.s_heap_end
                0x200001ec        0x4 CMakeFiles/AeroPush.dir/Core/Src/syscalls.c.obj
 .bss.LedTaskHandle
                0x200001f0        0x4 CMakeFiles/AeroPush.dir/E_/Stm32Project/AeroPush/User/Src/app_tasks.c.obj
 .bss.TelemetryTaskHandle
                0x200001f4        0x4 CMakeFiles/AeroPush.dir/E_/Stm32Project/AeroPush/User/Src/app_tasks.c.obj
 .bss.ModemTaskHandle
                0x200001f8        0x4 CMakeFiles/AeroPush.dir/E_/Stm32Project/AeroPush/User/Src/app_tasks.c.obj
 .bss.InitTaskHandle
                0x200001fc        0x4 CMakeFiles/AeroPush.dir/E_/Stm32Project/AeroPush/User/Src/app_tasks.c.obj
 .bss.gnss_count.0
                0x20000200        0x4 CMakeFiles/AeroPush.dir/E_/Stm32Project/AeroPush/User/Src/modem_service.c.obj
 .bss.gSystemEventGroup
                0x20000204        0x4 CMakeFiles/AeroPush.dir/E_/Stm32Project/AeroPush/User/Src/freertos_objects.c.obj
                0x20000204                gSystemEventGroup
 .bss.mutexUart6log
                0x20000208        0x4 CMakeFiles/AeroPush.dir/E_/Stm32Project/AeroPush/User/Src/freertos_objects.c.obj
                0x20000208                mutexUart6log
 .bss.qMqttPublish
                0x2000020c        0x4 CMakeFiles/AeroPush.dir/E_/Stm32Project/AeroPush/User/Src/freertos_objects.c.obj
                0x2000020c                qMqttPublish
 .bss.qGnss     0x20000210        0x4 CMakeFiles/AeroPush.dir/E_/Stm32Project/AeroPush/User/Src/freertos_objects.c.obj
                0x20000210                qGnss
 .bss.qAttitude
                0x20000214        0x4 CMakeFiles/AeroPush.dir/E_/Stm32Project/AeroPush/User/Src/freertos_objects.c.obj
                0x20000214                qAttitude
 .bss.g_app_cal_state
                0x20000218        0x1 CMakeFiles/AeroPush.dir/E_/Stm32Project/AeroPush/User/Src/app_status.c.obj
 *fill*         0x20000219        0x3 
 .bss.xQueueRegistry
                0x2000021c       0x40 CMakeFiles/AeroPush.dir/E_/Stm32Project/AeroPush/FreeRTOS/Source/queue.c.obj
                0x2000021c                xQueueRegistry
 .bss.uxSchedulerSuspended
                0x2000025c        0x4 CMakeFiles/AeroPush.dir/E_/Stm32Project/AeroPush/FreeRTOS/Source/tasks.c.obj
 .bss.xIdleTaskHandles
                0x20000260        0x4 CMakeFiles/AeroPush.dir/E_/Stm32Project/AeroPush/FreeRTOS/Source/tasks.c.obj
 .bss.xNextTaskUnblockTime
                0x20000264        0x4 CMakeFiles/AeroPush.dir/E_/Stm32Project/AeroPush/FreeRTOS/Source/tasks.c.obj
 .bss.uxTaskNumber
                0x20000268        0x4 CMakeFiles/AeroPush.dir/E_/Stm32Project/AeroPush/FreeRTOS/Source/tasks.c.obj
 .bss.xNumOfOverflows
                0x2000026c        0x4 CMakeFiles/AeroPush.dir/E_/Stm32Project/AeroPush/FreeRTOS/Source/tasks.c.obj
 .bss.xYieldPendings
                0x20000270        0x4 CMakeFiles/AeroPush.dir/E_/Stm32Project/AeroPush/FreeRTOS/Source/tasks.c.obj
 .bss.xPendedTicks
                0x20000274        0x4 CMakeFiles/AeroPush.dir/E_/Stm32Project/AeroPush/FreeRTOS/Source/tasks.c.obj
 .bss.xSchedulerRunning
                0x20000278        0x4 CMakeFiles/AeroPush.dir/E_/Stm32Project/AeroPush/FreeRTOS/Source/tasks.c.obj
 .bss.uxTopReadyPriority
                0x2000027c        0x4 CMakeFiles/AeroPush.dir/E_/Stm32Project/AeroPush/FreeRTOS/Source/tasks.c.obj
 .bss.xTickCount
                0x20000280        0x4 CMakeFiles/AeroPush.dir/E_/Stm32Project/AeroPush/FreeRTOS/Source/tasks.c.obj
 .bss.uxCurrentNumberOfTasks
                0x20000284        0x4 CMakeFiles/AeroPush.dir/E_/Stm32Project/AeroPush/FreeRTOS/Source/tasks.c.obj
 .bss.xSuspendedTaskList
                0x20000288       0x14 CMakeFiles/AeroPush.dir/E_/Stm32Project/AeroPush/FreeRTOS/Source/tasks.c.obj
 .bss.uxDeletedTasksWaitingCleanUp
                0x2000029c        0x4 CMakeFiles/AeroPush.dir/E_/Stm32Project/AeroPush/FreeRTOS/Source/tasks.c.obj
 .bss.xTasksWaitingTermination
                0x200002a0       0x14 CMakeFiles/AeroPush.dir/E_/Stm32Project/AeroPush/FreeRTOS/Source/tasks.c.obj
 .bss.xPendingReadyList
                0x200002b4       0x14 CMakeFiles/AeroPush.dir/E_/Stm32Project/AeroPush/FreeRTOS/Source/tasks.c.obj
 .bss.pxOverflowDelayedTaskList
                0x200002c8        0x4 CMakeFiles/AeroPush.dir/E_/Stm32Project/AeroPush/FreeRTOS/Source/tasks.c.obj
 .bss.pxDelayedTaskList
                0x200002cc        0x4 CMakeFiles/AeroPush.dir/E_/Stm32Project/AeroPush/FreeRTOS/Source/tasks.c.obj
 .bss.xDelayedTaskList2
                0x200002d0       0x14 CMakeFiles/AeroPush.dir/E_/Stm32Project/AeroPush/FreeRTOS/Source/tasks.c.obj
 .bss.xDelayedTaskList1
                0x200002e4       0x14 CMakeFiles/AeroPush.dir/E_/Stm32Project/AeroPush/FreeRTOS/Source/tasks.c.obj
 .bss.pxReadyTasksLists
                0x200002f8       0x64 CMakeFiles/AeroPush.dir/E_/Stm32Project/AeroPush/FreeRTOS/Source/tasks.c.obj
 .bss.pxCurrentTCB
                0x2000035c        0x4 CMakeFiles/AeroPush.dir/E_/Stm32Project/AeroPush/FreeRTOS/Source/tasks.c.obj
                0x2000035c                pxCurrentTCB
 .bss.xLastTime.0
                0x20000360        0x4 CMakeFiles/AeroPush.dir/E_/Stm32Project/AeroPush/FreeRTOS/Source/timers.c.obj
 .bss.xTimerTaskHandle
                0x20000364        0x4 CMakeFiles/AeroPush.dir/E_/Stm32Project/AeroPush/FreeRTOS/Source/timers.c.obj
 .bss.xTimerQueue
                0x20000368        0x4 CMakeFiles/AeroPush.dir/E_/Stm32Project/AeroPush/FreeRTOS/Source/timers.c.obj
 .bss.pxOverflowTimerList
                0x2000036c        0x4 CMakeFiles/AeroPush.dir/E_/Stm32Project/AeroPush/FreeRTOS/Source/timers.c.obj
 .bss.pxCurrentTimerList
                0x20000370        0x4 CMakeFiles/AeroPush.dir/E_/Stm32Project/AeroPush/FreeRTOS/Source/timers.c.obj
 .bss.xActiveTimerList2
                0x20000374       0x14 CMakeFiles/AeroPush.dir/E_/Stm32Project/AeroPush/FreeRTOS/Source/timers.c.obj
 .bss.xActiveTimerList1
                0x20000388       0x14 CMakeFiles/AeroPush.dir/E_/Stm32Project/AeroPush/FreeRTOS/Source/timers.c.obj
 .bss.xNumberOfSuccessfulFrees
                0x2000039c        0x4 CMakeFiles/AeroPush.dir/E_/Stm32Project/AeroPush/FreeRTOS/Portable/MemMang/heap_4.c.obj
 .bss.xNumberOfSuccessfulAllocations
                0x200003a0        0x4 CMakeFiles/AeroPush.dir/E_/Stm32Project/AeroPush/FreeRTOS/Portable/MemMang/heap_4.c.obj
 .bss.xMinimumEverFreeBytesRemaining
                0x200003a4        0x4 CMakeFiles/AeroPush.dir/E_/Stm32Project/AeroPush/FreeRTOS/Portable/MemMang/heap_4.c.obj
 .bss.xFreeBytesRemaining
                0x200003a8        0x4 CMakeFiles/AeroPush.dir/E_/Stm32Project/AeroPush/FreeRTOS/Portable/MemMang/heap_4.c.obj
 .bss.pxEnd     0x200003ac        0x4 CMakeFiles/AeroPush.dir/E_/Stm32Project/AeroPush/FreeRTOS/Portable/MemMang/heap_4.c.obj
 .bss.xStart    0x200003b0        0x8 CMakeFiles/AeroPush.dir/E_/Stm32Project/AeroPush/FreeRTOS/Portable/MemMang/heap_4.c.obj
 .bss.ucHeap    0x200003b8     0x7000 CMakeFiles/AeroPush.dir/E_/Stm32Project/AeroPush/FreeRTOS/Portable/MemMang/heap_4.c.obj
 .bss.__sf      0x200073b8      0x138 D:/STM32CubeIDE/STM32CubeIDE_2.1.1/STM32CubeIDE/plugins/com.st.stm32cube.ide.mcu.externaltools.gnu-tools-for-stm32.14.3.rel1.win32_1.0.100.202602081740/tools/bin/../lib/gcc/arm-none-eabi/14.3.1/../../../../arm-none-eabi/lib/thumb/v7e-m+fp/hard\libc_nano.a(libc_a-findfp.o)
                0x200073b8                __sf
 .bss.__stdio_exit_handler
                0x200074f0        0x4 D:/STM32CubeIDE/STM32CubeIDE_2.1.1/STM32CubeIDE/plugins/com.st.stm32cube.ide.mcu.externaltools.gnu-tools-for-stm32.14.3.rel1.win32_1.0.100.202602081740/tools/bin/../lib/gcc/arm-none-eabi/14.3.1/../../../../arm-none-eabi/lib/thumb/v7e-m+fp/hard\libc_nano.a(libc_a-findfp.o)